[2026-03-17 13:55:07] Log cleared for new api_scanner scan.
[13:55:07] [*] [*] Starting API Scan for https:[FILE_PATH] (Auth: Anonymous)...
[13:55:07] [*] [*] Using Definition: https:[FILE_PATH]
[13:55:07] [*] --- Initializing API Scanner (Port: 52464) ---
[13:55:07] [*] [*] Target: https:[FILE_PATH] | Definition: https:[FILE_PATH]
[13:55:07] [*] Starting ZAP Engine...
[13:55:08] [*] [*] Waiting for ZAP on port 52464 (timeout: 240s)...
[13:55:08] [*] [FILE_PATH] Files\ZAP\Zed Attack Proxy>if exist "[FILE_PATH] (set [FILE_PATH] jvmopts= 0<"[FILE_PATH] )  else (set jvmopts=-Xmx512m )
[13:55:08] [*] Starting ZAP Engine...
[13:55:08] [*] 713 [main] INFO  org.parosproxy.paros.Constant - Copying default configuration to [FILE_PATH]
[13:55:08] [*] 857 [main] INFO  org.parosproxy.paros.Constant - Creating directory [FILE_PATH]
[13:55:08] [*] 859 [main] INFO  org.parosproxy.paros.Constant - Creating directory [FILE_PATH]
[13:55:08] [*] 860 [main] INFO  org.parosproxy.paros.Constant - Creating directory [FILE_PATH]
[13:55:08] [*] 861 [main] INFO  org.parosproxy.paros.Constant - Creating directory [FILE_PATH]
[13:55:09] [*] Starting ZAP Engine...
[13:55:09] [*] 1016 [main] INFO  org.parosproxy.paros.common.AbstractParam - Setting config api.disablekey = true was null
[13:55:09] [*] 1017 [main] INFO  org.parosproxy.paros.common.AbstractParam - Setting config api.addrs.addr.name = .* was null
[13:55:09] [*] 1017 [main] INFO  org.parosproxy.paros.common.AbstractParam - Setting config api.addrs.addr.regex = true was null
[13:55:09] [*] 1017 [main] INFO  org.parosproxy.paros.common.AbstractParam - Setting config connection.timeoutInSecs = 10 was null
[13:55:14] [*] Starting ZAP Engine...
[13:55:14] [*] Starting ZAP Engine...
[13:55:15] [*] Starting ZAP Engine...
[13:55:16] [*] Starting ZAP Engine...
[13:55:17] [*] Starting ZAP Engine...
[13:55:17] [*] Starting ZAP Engine...
[13:55:17] [*] Starting ZAP Engine...
[13:55:17] [*] Starting ZAP Engine...
[13:55:17] [*] Starting ZAP Engine...
[13:55:17] [*] Starting ZAP Engine...
[13:55:17] [*] Starting ZAP Engine...
[13:55:17] [*] Starting ZAP Engine...
[13:55:17] [*] Starting ZAP Engine...
[13:55:17] [*] Starting ZAP Engine...
[13:55:17] [*] Starting ZAP Engine...
[13:55:17] [*] Starting ZAP Engine...
[13:55:17] [*] Starting ZAP Engine...
[13:55:19] [*] Starting ZAP Engine...
[13:55:19] [*] Starting ZAP Engine...
[13:55:19] [*] Starting ZAP Engine...
[13:55:19] [*] Starting ZAP Engine...
[13:55:19] [*] Starting ZAP Engine...
[13:55:19] [*] Starting ZAP Engine...
[13:55:19] [*] Starting ZAP Engine...
[13:55:19] [*] Starting ZAP Engine...
[13:55:19] [*] Starting ZAP Engine...
[13:55:19] [*] Starting ZAP Engine...
[13:55:19] [*] Starting ZAP Engine...
[13:55:19] [*] Starting ZAP Engine...
[13:55:19] [*] Starting ZAP Engine...
[13:55:19] [*] Starting ZAP Engine...
[13:55:19] [*] Starting ZAP Engine...
[13:55:19] [*] Starting ZAP Engine...
[13:55:19] [*] Starting ZAP Engine...
[13:55:19] [*] Starting ZAP Engine...
[13:55:19] [*] Starting ZAP Engine...
[13:55:20] [*] Starting ZAP Engine...
[13:55:20] [*] Starting ZAP Engine...
[13:55:20] [*] Starting ZAP Engine...
[13:55:20] [*] Starting ZAP Engine...
[13:55:20] [*] Starting ZAP Engine...
[13:55:20] [*] Starting ZAP Engine...
[13:55:20] [*] Starting ZAP Engine...
[13:55:20] [*] Starting ZAP Engine...
[13:55:20] [*] Starting ZAP Engine...
[13:55:20] [*] Starting ZAP Engine...
[13:55:20] [*] Starting ZAP Engine...
[13:55:20] [*] Starting ZAP Engine...
[13:55:20] [*] Starting ZAP Engine...
[13:55:20] [*] Starting ZAP Engine...
[13:55:20] [*] Starting ZAP Engine...
[13:55:20] [*] Starting ZAP Engine...
[13:55:20] [*] Starting ZAP Engine...
[13:55:20] [*] Starting ZAP Engine...
[13:55:20] [*] Starting ZAP Engine...
[13:55:20] [*] Starting ZAP Engine...
[13:55:20] [*] Starting ZAP Engine...
[13:55:20] [*] Starting ZAP Engine...
[13:55:20] [*] Starting ZAP Engine...
[13:55:20] [*] Starting ZAP Engine...
[13:55:20] [*] Starting ZAP Engine...
[13:55:20] [*] Starting ZAP Engine...
[13:55:20] [*] Starting ZAP Engine...
[13:55:20] [*] Starting ZAP Engine...
[13:55:20] [*] Starting ZAP Engine...
[13:55:20] [*] Starting ZAP Engine...
[13:55:20] [*] Starting ZAP Engine...
[13:55:20] [*] Starting ZAP Engine...
[13:55:20] [*] Starting ZAP Engine...
[13:55:20] [*] Starting ZAP Engine...
[13:55:20] [*] Starting ZAP Engine...
[13:55:20] [*] Starting ZAP Engine...
[13:55:20] [*] Starting ZAP Engine...
[13:55:20] [*] Starting ZAP Engine...
[13:55:20] [*] Starting ZAP Engine...
[13:55:20] [*] Starting ZAP Engine...
[13:55:20] [*] Starting ZAP Engine...
[13:55:20] [*] Starting ZAP Engine...
[13:55:20] [*] Starting ZAP Engine...
[13:55:20] [*] Starting ZAP Engine...
[13:55:20] [*] Starting ZAP Engine...
[13:55:20] [*] Starting ZAP Engine...
[13:55:20] [*] Starting ZAP Engine...
[13:55:20] [*] Starting ZAP Engine...
[13:55:20] [*] Starting ZAP Engine...
[13:55:20] [*] Starting ZAP Engine...
[13:55:20] [*] Starting ZAP Engine...
[13:55:20] [*] Starting ZAP Engine...
[13:55:20] [*] Starting ZAP Engine...
[13:55:20] [*] Starting ZAP Engine...
[13:55:20] [*] Starting ZAP Engine...
[13:55:20] [*] Starting ZAP Engine...
[13:55:20] [*] Starting ZAP Engine...
[13:55:20] [*] Starting ZAP Engine...
[13:55:20] [*] Starting ZAP Engine...
[13:55:20] [*] Starting ZAP Engine...
[13:55:20] [*] Starting ZAP Engine...
[13:55:20] [*] WARNING: A terminally deprecated method in sun.misc.Unsafe has been called
[13:55:20] [*] WARNING: sun.misc.Unsafe::objectFieldOffset has been called by io.netty.util.internal.PlatformDependent0$4 (file:[FILE_PATH]:[FILE_PATH]%20Files[FILE_PATH]%20Attack%20Proxy[FILE_PATH])
[13:55:20] [*] WARNING: Please consider reporting this to the maintainers of class io.netty.util.internal.PlatformDependent0$4
[13:55:20] [*] WARNING: sun.misc.Unsafe::objectFieldOffset will be removed in a future release
[13:55:21] [*] Starting ZAP Engine...
[13:55:21] [*] Starting ZAP Engine...
[13:55:21] [*] Starting ZAP Engine...
[13:55:21] [*] Starting ZAP Engine...
[13:55:21] [*] Starting ZAP Engine...
[13:55:21] [*] Starting ZAP Engine...
[13:55:21] [*] Starting ZAP Engine...
[13:55:21] [*] Starting ZAP Engine...
[13:55:21] [*] Starting ZAP Engine...
[13:55:21] [*] Starting ZAP Engine...
[13:55:21] [*] Starting ZAP Engine...
[13:55:21] [*] Starting ZAP Engine...
[13:55:21] [*] Starting ZAP Engine...
[13:55:21] [*] Starting ZAP Engine...
[13:55:21] [*] Starting ZAP Engine...
[13:55:21] [*] Starting ZAP Engine...
[13:55:21] [*] Starting ZAP Engine...
[13:55:21] [*] Starting ZAP Engine...
[13:55:21] [*] Starting ZAP Engine...
[13:55:21] [*] Starting ZAP Engine...
[13:55:21] [*] Starting ZAP Engine...
[13:55:21] [*] Starting ZAP Engine...
[13:55:21] [*] Starting ZAP Engine...
[13:55:21] [*] Starting ZAP Engine...
[13:55:21] [*] Starting ZAP Engine...
[13:55:21] [*] Starting ZAP Engine...
[13:55:21] [*] Starting ZAP Engine...
[13:55:21] [*] Starting ZAP Engine...
[13:55:21] [*] Starting ZAP Engine...
[13:55:21] [*] Starting ZAP Engine...
[13:55:21] [*] Starting ZAP Engine...
[13:55:21] [*] Starting ZAP Engine...
[13:55:21] [*] Starting ZAP Engine...
[13:55:21] [*] Starting ZAP Engine...
[13:55:21] [*] Starting ZAP Engine...
[13:55:21] [*] Starting ZAP Engine...
[13:55:21] [*] Starting ZAP Engine...
[13:55:21] [*] Starting ZAP Engine...
[13:55:22] [*] Starting ZAP Engine...
[13:55:22] [*] Starting ZAP Engine...
[13:55:22] [*] Starting ZAP Engine...
[13:55:22] [*] Starting ZAP Engine...
[13:55:22] [*] Starting ZAP Engine...
[13:55:22] [*] Starting ZAP Engine...
[13:55:22] [*] Starting ZAP Engine...
[13:55:22] [*] Starting ZAP Engine...
[13:55:22] [*] Starting ZAP Engine...
[13:55:22] [*] Starting ZAP Engine...
[13:55:22] [*] Starting ZAP Engine...
[13:55:22] [*] Starting ZAP Engine...
[13:55:22] [*] Starting ZAP Engine...
[13:55:22] [*] Starting ZAP Engine...
[13:55:22] [*] Starting ZAP Engine...
[13:55:22] [*] Starting ZAP Engine...
[13:55:22] [*] Starting ZAP Engine...
[13:55:22] [*] Starting ZAP Engine...
[13:55:22] [*] Starting ZAP Engine...
[13:55:22] [*] Starting ZAP Engine...
[13:55:22] [*] Starting ZAP Engine...
[13:55:22] [*] Starting ZAP Engine...
[13:55:22] [*] Starting ZAP Engine...
[13:55:22] [*] Starting ZAP Engine...
[13:55:22] [*] Starting ZAP Engine...
[13:55:22] [*] Starting ZAP Engine...
[13:55:22] [*] Starting ZAP Engine...
[13:55:22] [*] Starting ZAP Engine...
[13:55:22] [*] Starting ZAP Engine...
[13:55:22] [*] Starting ZAP Engine...
[13:55:22] [*] Starting ZAP Engine...
[13:55:22] [*] Starting ZAP Engine...
[13:55:22] [*] Starting ZAP Engine...
[13:55:22] [*] Starting ZAP Engine...
[13:55:22] [*] Starting ZAP Engine...
[13:55:22] [*] Starting ZAP Engine...
[13:55:22] [*] Starting ZAP Engine...
[13:55:22] [*] Starting ZAP Engine...
[13:55:22] [*] Starting ZAP Engine...
[13:55:22] [*] Starting ZAP Engine...
[13:55:22] [*] Starting ZAP Engine...
[13:55:22] [*] Starting ZAP Engine...
[13:55:22] [*] Starting ZAP Engine...
[13:55:22] [*] Starting ZAP Engine...
[13:55:22] [*] Starting ZAP Engine...
[13:55:22] [*] Starting ZAP Engine...
[13:55:22] [*] Starting ZAP Engine...
[13:55:22] [*] Starting ZAP Engine...
[13:55:22] [*] Starting ZAP Engine...
[13:55:22] [*] Starting ZAP Engine...
[13:55:22] [*] Starting ZAP Engine...
[13:55:22] [*] Starting ZAP Engine...
[13:55:22] [*] Starting ZAP Engine...
[13:55:22] [*] Starting ZAP Engine...
[13:55:22] [*] Starting ZAP Engine...
[13:55:22] [*] Starting ZAP Engine...
[13:55:22] [*] Starting ZAP Engine...
[13:55:22] [*] Starting ZAP Engine...
[13:55:22] [*] Starting ZAP Engine...
[13:55:22] [*] Starting ZAP Engine...
[13:55:22] [*] Starting ZAP Engine...
[13:55:22] [*] Starting ZAP Engine...
[13:55:22] [*] Starting ZAP Engine...
[13:55:22] [*] Starting ZAP Engine...
[13:55:23] [*] Starting ZAP Engine...
[13:55:23] [*] Starting ZAP Engine...
[13:55:23] [*] Starting ZAP Engine...
[13:55:23] [*] Starting ZAP Engine...
[13:55:23] [*] [+] ZAP is active on port 52464.
[13:55:23] [*] [*] Connecting to ZAP API on port 52464...
[13:55:23] [*] [STAGE] Importing OpenAPI Definition...
[13:55:57] [*] [STAGE] Starting Web Spider...
[13:55:57] [*] 49733 [ZAP-SpiderInitThread-0] INFO  org.zaproxy.addon.spider.SpiderThread - Starting spidering scan on https:[FILE_PATH] at 2026-03-17T13:55:57.834+0530
[13:55:57] [*] 49738 [ZAP-SpiderInitThread-0] INFO  org.zaproxy.addon.spider.Spider - Spider initializing...
[13:55:57] [*] [PROGRESS] [                    ] 0%
[13:55:57] [*] 49762 [ZAP-SpiderInitThread-0] INFO  org.zaproxy.addon.spider.Spider - Starting spider...
[13:55:58] [*] 50411 [ZAP-SpiderThreadPool-0-thread-1] INFO  org.zaproxy.addon.spider.Spider - Spidering process is complete. Shutting down...
[13:55:58] [*] 50413 [ZAP-SpiderShutdownThread-0] INFO  org.zaproxy.addon.spider.SpiderThread - Spider scanning complete: true on https:[FILE_PATH] at 2026-03-17T13:55:58.514+0530
[13:55:59] [*] [STAGE] Starting Active Scan...
[13:55:59] [*] 51816 [ZAP-IO-Server-1-1] INFO  org.parosproxy.paros.core.scanner.Scanner - scanner with ID 0 started
[13:55:59] [*] [PROGRESS] [                    ] 0%
[13:56:02] [*] 54882 [ZAP-Scanner-0] INFO  org.parosproxy.paros.core.scanner.HostProcess - Scanning 33 node(s) from https:[FILE_PATH]
[13:56:02] [*] 54883 [ZAP-Scanner-0] INFO  org.parosproxy.paros.core.scanner.HostProcess - start host https:[FILE_PATH] | PathTraversalScanRule strength MEDIUM threshold MEDIUM
[13:56:04] [*] [PROGRESS] [                    ] 1%
[13:58:40] [*] 212071 [ZAP-Scanner-0] INFO  org.parosproxy.paros.core.scanner.HostProcess - completed host[FILE_PATH] https:[FILE_PATH] | PathTraversalScanRule in 157.187s with 1257 message(s) sent and 0 alert(s) raised.
[13:58:40] [*] 212074 [ZAP-Scanner-0] INFO  org.parosproxy.paros.core.scanner.HostProcess - start host https:[FILE_PATH] | RemoteFileIncludeScanRule strength MEDIUM threshold MEDIUM
[13:58:40] [*] [PROGRESS] [                    ] 2%
[13:58:45] [*] [PROGRESS] [                    ] 3%
[14:00:25] [*] 317769 [ZAP-Scanner-0] INFO  org.parosproxy.paros.core.scanner.HostProcess - completed host[FILE_PATH] https:[FILE_PATH] | RemoteFileIncludeScanRule in 105.695s with 790 message(s) sent and 0 alert(s) raised.
[14:00:25] [*] 317770 [ZAP-Scanner-0] INFO  org.parosproxy.paros.core.scanner.HostProcess - start host https:[FILE_PATH] | SourceCodeDisclosureWebInfScanRule strength MEDIUM threshold MEDIUM
[14:00:25] [*] 317771 [ZAP-Scanner-0] INFO  org.parosproxy.paros.core.scanner.HostProcess - start host https:[FILE_PATH] | ShellShockScanRule strength MEDIUM threshold MEDIUM
[14:00:26] [*] 318584 [ZAP-ActiveScanner-0] INFO  org.parosproxy.paros.core.scanner.HostProcess - completed host[FILE_PATH] https:[FILE_PATH] | SourceCodeDisclosureWebInfScanRule in 0.814s with 2 message(s) sent and 0 alert(s) raised.
[14:00:30] [*] [PROGRESS] [=                   ] 7%
[14:00:46] [*] 338166 [ZAP-Scanner-0] INFO  org.parosproxy.paros.core.scanner.HostProcess - completed host[FILE_PATH] https:[FILE_PATH] | ShellShockScanRule in 20.395s with 158 message(s) sent and 0 alert(s) raised.
[14:00:46] [*] 338167 [ZAP-Scanner-0] INFO  org.parosproxy.paros.core.scanner.HostProcess - start host https:[FILE_PATH] | HeartBleedActiveScanRule strength MEDIUM threshold MEDIUM
[14:00:46] [*] 338170 [ZAP-Scanner-0] INFO  org.parosproxy.paros.core.scanner.HostProcess - start host https:[FILE_PATH] | SourceCodeDisclosureCve20121823ScanRule strength MEDIUM threshold MEDIUM
[14:00:50] [*] [PROGRESS] [=                   ] 8%
[14:00:57] [*] 349059 [ZAP-ActiveScanner-0] INFO  org.parosproxy.paros.core.scanner.HostProcess - completed host[FILE_PATH] https:[FILE_PATH] | HeartBleedActiveScanRule in 10.893s with 6 message(s) sent and 0 alert(s) raised.
[14:00:57] [*] 349060 [ZAP-Scanner-0] INFO  org.parosproxy.paros.core.scanner.HostProcess - completed host[FILE_PATH] https:[FILE_PATH] | SourceCodeDisclosureCve20121823ScanRule in 10.89s with 20 message(s) sent and 0 alert(s) raised.
[14:00:57] [*] 349062 [ZAP-Scanner-0] INFO  org.parosproxy.paros.core.scanner.HostProcess - start host https:[FILE_PATH] | RemoteCodeExecutionCve20121823ScanRule strength MEDIUM threshold MEDIUM
[14:01:00] [*] 352245 [ZAP-Scanner-0] INFO  org.parosproxy.paros.core.scanner.HostProcess - completed host[FILE_PATH] https:[FILE_PATH] | RemoteCodeExecutionCve20121823ScanRule in 3.185s with 66 message(s) sent and 0 alert(s) raised.
[14:01:00] [*] 352248 [ZAP-Scanner-0] INFO  org.parosproxy.paros.core.scanner.HostProcess - start host https:[FILE_PATH] | ExternalRedirectScanRule strength MEDIUM threshold MEDIUM
[14:01:00] [*] [PROGRESS] [==                  ] 13%
[14:01:05] [*] [PROGRESS] [===                 ] 15%
[14:02:30] [*] 442439 [ZAP-Scanner-0] INFO  org.parosproxy.paros.core.scanner.HostProcess - completed host[FILE_PATH] https:[FILE_PATH] | ExternalRedirectScanRule in 90.192s with 711 message(s) sent and 0 alert(s) raised.
[14:02:30] [*] 442440 [ZAP-Scanner-0] INFO  org.parosproxy.paros.core.scanner.HostProcess - start host https:[FILE_PATH] | ServerSideIncludeScanRule strength MEDIUM threshold MEDIUM
[14:02:35] [*] [PROGRESS] [===                 ] 16%
[14:03:10] [*] 482104 [ZAP-Scanner-0] INFO  org.parosproxy.paros.core.scanner.HostProcess - completed host[FILE_PATH] https:[FILE_PATH] | ServerSideIncludeScanRule in 39.664s with 316 message(s) sent and 0 alert(s) raised.
[14:03:10] [*] 482105 [ZAP-Scanner-0] INFO  org.parosproxy.paros.core.scanner.HostProcess - start host https:[FILE_PATH] | CrossSiteScriptingScanRule strength MEDIUM threshold MEDIUM
[14:03:11] [*] [PROGRESS] [===                 ] 18%
[14:04:00] [*] 532054 [ZAP-Scanner-0] INFO  org.parosproxy.paros.core.scanner.HostProcess - completed host[FILE_PATH] https:[FILE_PATH] | CrossSiteScriptingScanRule in 49.949s with 290 message(s) sent and 0 alert(s) raised.
[14:04:00] [*] 532056 [ZAP-Scanner-0] INFO  org.parosproxy.paros.core.scanner.HostProcess - start host https:[FILE_PATH] | PersistentXssPrimeScanRule strength MEDIUM threshold MEDIUM
[14:04:01] [*] [PROGRESS] [===                 ] 19%
[14:04:07] [*] [PROGRESS] [====                ] 20%
[14:04:10] [*] 542141 [ZAP-Scanner-0] INFO  org.parosproxy.paros.core.scanner.HostProcess - completed host[FILE_PATH] https:[FILE_PATH] | PersistentXssPrimeScanRule in 10.085s with 79 message(s) sent and 0 alert(s) raised.
[14:04:10] [*] 542142 [ZAP-Scanner-0] INFO  org.parosproxy.paros.core.scanner.HostProcess - start host https:[FILE_PATH] | PersistentXssSpiderScanRule strength MEDIUM threshold MEDIUM
[14:04:12] [*] [PROGRESS] [====                ] 22%
[14:04:13] [*] 545537 [ZAP-Scanner-0] INFO  org.parosproxy.paros.core.scanner.HostProcess - completed host[FILE_PATH] https:[FILE_PATH] | PersistentXssSpiderScanRule in 3.395s with 33 message(s) sent and 0 alert(s) raised.
[14:04:13] [*] 545537 [ZAP-Scanner-0] INFO  org.parosproxy.paros.core.scanner.HostProcess - start host https:[FILE_PATH] | PersistentXssScanRule strength MEDIUM threshold MEDIUM
[14:04:15] [*] 547429 [ZAP-Scanner-0] INFO  org.parosproxy.paros.core.scanner.HostProcess - completed host[FILE_PATH] https:[FILE_PATH] | PersistentXssScanRule in 1.892s with 0 message(s) sent and 0 alert(s) raised.
[14:04:15] [*] 547430 [ZAP-Scanner-0] INFO  org.parosproxy.paros.core.scanner.HostProcess - start host https:[FILE_PATH] | SqlInjectionScanRule strength MEDIUM threshold MEDIUM
[14:04:17] [*] [PROGRESS] [=====               ] 25%
[14:04:22] [*] [PROGRESS] [=====               ] 26%
[14:08:22] [*] 794292 [ZAP-Scanner-0] INFO  org.parosproxy.paros.core.scanner.HostProcess - completed host[FILE_PATH] https:[FILE_PATH] | SqlInjectionScanRule in 246.862s with 1956 message(s) sent and 0 alert(s) raised.
[14:08:22] [*] 794294 [ZAP-Scanner-0] INFO  org.parosproxy.paros.core.scanner.HostProcess - start host https:[FILE_PATH] | SqlInjectionMySqlTimingScanRule strength MEDIUM threshold MEDIUM
[14:08:24] [*] [PROGRESS] [=====               ] 27%
[14:08:29] [*] [PROGRESS] [=====               ] 28%
[14:10:01] [*] 892992 [ZAP-Scanner-0] INFO  org.parosproxy.paros.core.scanner.HostProcess - completed host[FILE_PATH] https:[FILE_PATH] | SqlInjectionMySqlTimingScanRule in 98.699s with 790 message(s) sent and 0 alert(s) raised.
[14:10:01] [*] 892994 [ZAP-Scanner-0] INFO  org.parosproxy.paros.core.scanner.HostProcess - start host https:[FILE_PATH] | SqlInjectionHypersonicTimingScanRule strength MEDIUM threshold MEDIUM
[14:10:02] [*] [PROGRESS] [=====               ] 29%
[14:10:08] [*] [PROGRESS] [======              ] 30%
[14:10:28] [*] ^C
