[2026-03-17 12:02:26] Log cleared for new killchain scan.
[2026-03-17 12:02:28] [START] [START] Kill Chain Audit: example.com (Profile: Full Scan, Aggression: Attack)
[2026-03-17 12:02:28] [EVENT] EVENT: scan_status | PAYLOAD: {"message": "Starting scan...", "phase": "Initialization"}
[2026-03-17 12:02:28] [INFO] [+] Resolved example.com to IP: 104.18.26.120
[2026-03-17 12:02:28] [INFO] [SETUP] Starting background traffic capture...
[2026-03-17 12:02:31] [EVENT] EVENT: scan_status | PAYLOAD: {"message": "Running Recon Phase...", "phase": "recon_phase"}
[2026-03-17 12:02:31] [PHASE] [PHASE] RECONNAISSANCE - Surface Area Discovery
[2026-03-17 12:02:31] [STAGE] [STAGE] Scanning for subdomains and active hosts...
[2026-03-17 12:03:10] [INFO] [+] Found 10 potential subdomains.
[2026-03-17 12:03:10] [STAGE] [STAGE] Resolving subdomain IPs...
[2026-03-17 12:03:10] [INFO] [+] Resolved 10 host IPs.
[2026-03-17 12:03:10] [STAGE] [STAGE] Detecting target technology stack...
[2026-03-17 12:03:19] [INFO] [+] Detected technologies: Server
[2026-03-17 12:03:19] [EVENT] EVENT: scan_status | PAYLOAD: {"message": "Running Network Audit Phase...", "phase": "network_audit_phase"}
[2026-03-17 12:03:19] [PHASE] [PHASE] NETWORK AUDIT - Infrastructure Assessment
[2026-03-17 12:03:19] [INFO] [+] Resolved example.com to IP: 104.18.26.120
[2026-03-17 12:03:19] [STAGE] [STAGE] Running Nmap full scan on 104.18.26.120...
[2026-03-17 12:07:55] [INFO] [+] Nmap scan completed. Found 13 open ports.
[2026-03-17 12:07:55] [STAGE] [STAGE] Attempting brute-force on open services (Level: aggressive)...
[2026-03-17 12:07:59] [INFO] [+] No exploitable services found or brute-force failed.
[2026-03-17 12:07:59] [EVENT] EVENT: scan_status | PAYLOAD: {"message": "Running Waf Detect Phase...", "phase": "waf_detect_phase"}
[2026-03-17 12:07:59] [PHASE] [PHASE] WAF DETECTION
[2026-03-17 12:07:59] [STAGE] [STAGE] Checking for Web Application Firewall (WAF)...
[2026-03-17 12:07:59] [WARNING] [!] WAF Detected: Cloudflare. Scanning will be adjusted.
[2026-03-17 12:07:59] [EVENT] EVENT: scan_status | PAYLOAD: {"message": "Running Web Audit Phase...", "phase": "web_audit_phase"}
[2026-03-17 12:07:59] [PHASE] [PHASE] WEB AUDIT - Application Assessment
[2026-03-17 12:07:59] [STAGE] [STAGE] Crawling web application (Max Pages: 1000)...
[2026-03-17 12:07:59] [INFO] [+] Crawler found 0 URLs, 0 forms, and 0 API endpoints.
[2026-03-17 12:07:59] [STAGE] [STAGE] Performing directory fuzzing (Max Depth: 4)...
[2026-03-17 12:08:00] [INFO] [+] Directory fuzzer found 0 potential paths.
[2026-03-17 12:08:00] [STAGE] [STAGE] Running advanced web vulnerability checks...
[2026-03-17 12:08:00] [INFO] [+] Web vulnerability scanner found 2 findings.
[2026-03-17 12:08:00] [STAGE] [STAGE] Running custom parameter injection scanner...
[2026-03-17 12:08:00] [INFO] [+] Custom scanner found 0 findings.
[2026-03-17 12:08:00] [STAGE] [STAGE] Running logic-based vulnerability checks...
[2026-03-17 12:08:00] [INFO] [+] Logic scanner found 0 findings.
[2026-03-17 12:08:00] [EVENT] EVENT: scan_status | PAYLOAD: {"message": "Running Zap Scan Phase...", "phase": "zap_scan_phase"}
[2026-03-17 12:08:00] [PHASE] [PHASE] ZAP SCAN - Comprehensive DAST
[2026-03-17 12:08:00] [STAGE] [STAGE] Starting OWASP ZAP quick scan...
[2026-03-17 12:08:00] [ZAP] [*] ZAP: Initializing on port 62336...
[2026-03-17 12:08:00] [ZAP] [*] Waiting for ZAP initialization on port 62336 (timeout: 240s)...
[2026-03-17 12:08:00] [ZAP] [ZAP Daemon] C:\Program Files\ZAP\Zed Attack Proxy>if exist "C:\Users\Divy\ZAP\.ZAP_JVM.properties" (set /p jvmopts= 0<"C:\Users\Divy\ZAP\.ZAP_JVM.properties" )  else (set jvmopts=-Xmx512m )
[2026-03-17 12:08:00] [ZAP] [ZAP Daemon] C:\Program Files\ZAP\Zed Attack Proxy>java -Xmx512m -jar zap-2.17.0.jar -daemon -silent -port 62336 -dir D:\NetShield\NetShieldAI\Services\temp\killchain_zap\killchain_62336 -config api.disablekey=true -config api.addrs.addr.name=.* -config api.addrs.addr.regex=true
[2026-03-17 12:08:01] [ZAP] [ZAP Daemon] 798 [main] INFO  org.parosproxy.paros.Constant - Copying default configuration to D:\NetShield\NetShieldAI\Services\temp\killchain_zap\killchain_62336\config.xml
[2026-03-17 12:08:02] [ZAP] [ZAP Daemon] 974 [main] INFO  org.parosproxy.paros.Constant - Creating directory D:\NetShield\NetShieldAI\Services\temp\killchain_zap\killchain_62336\session
[2026-03-17 12:08:02] [ZAP] [ZAP Daemon] 975 [main] INFO  org.parosproxy.paros.Constant - Creating directory D:\NetShield\NetShieldAI\Services\temp\killchain_zap\killchain_62336\dirbuster
[2026-03-17 12:08:02] [ZAP] [ZAP Daemon] 975 [main] INFO  org.parosproxy.paros.Constant - Creating directory D:\NetShield\NetShieldAI\Services\temp\killchain_zap\killchain_62336\fuzzers
[2026-03-17 12:08:02] [ZAP] [ZAP Daemon] 975 [main] INFO  org.parosproxy.paros.Constant - Creating directory D:\NetShield\NetShieldAI\Services\temp\killchain_zap\killchain_62336\plugin
[2026-03-17 12:08:02] [ZAP] [ZAP Daemon] 1123 [main] INFO  org.zaproxy.zap.DaemonBootstrap - ZAP 2.17.0 started 17/03/2026, 12:08:02 with home: D:\NetShield\NetShieldAI\Services\temp\killchain_zap\killchain_62336\ cores: 12 maxMemory: 512 MB
[2026-03-17 12:08:02] [ZAP] [ZAP Daemon] 1166 [main] INFO  org.parosproxy.paros.common.AbstractParam - Setting config api.disablekey = true was null
[2026-03-17 12:08:02] [ZAP] [ZAP Daemon] 1166 [main] INFO  org.parosproxy.paros.common.AbstractParam - Setting config api.addrs.addr.name = .* was null
[2026-03-17 12:08:02] [ZAP] [ZAP Daemon] 1167 [main] INFO  org.parosproxy.paros.common.AbstractParam - Setting config api.addrs.addr.regex = true was null
[2026-03-17 12:08:17] [ZAP] [ZAP Daemon] 16040 [ZAP-daemon] INFO  org.zaproxy.zap.control.ExtensionFactory - Installed add-ons: [[id=alertFilters, version=26.0.0], [id=ascanrules, version=78.0.0], [id=authhelper, version=0.34.0], [id=automation, version=0.58.0], [id=bruteforce, version=20.0.0], [id=callhome, version=0.20.0], [id=client, version=0.20.0], [id=commonlib, version=1.39.0], [id=database, version=0.9.0], [id=diff, version=18.0.0], [id=directorylistv1, version=9.0.0], [id=domxss, version=23.0.0], [id=encoder, version=1.8.0], [id=exim, version=0.16.0], [id=formhandler, version=6.8.0], [id=fuzz, version=13.16.0], [id=gettingStarted, version=20.0.0], [id=graaljs, version=0.12.0], [id=graphql, version=0.29.0], [id=help, version=22.0.0], [id=hud, version=0.19.0], [id=insights, version=0.0.1], [id=invoke, version=17.0.0], [id=network, version=0.25.0], [id=oast, version=0.24.0], [id=onlineMenu, version=15.0.0], [id=openapi, version=48.0.0], [id=postman, version=0.9.0], [id=pscan, version=0.6.0], [id=pscanrules, version=70.0.0], [id=quickstart, version=53.0.0], [id=replacer, version=21.0.0], [id=reports, version=0.43.0], [id=requester, version=7.9.0], [id=retest, version=0.11.0], [id=retire, version=0.52.0], [id=reveal, version=10.0.0], [id=scanpolicies, version=0.7.0], [id=scripts, version=45.17.0], [id=selenium, version=15.43.0], [id=sequence, version=9.0.0], [id=soap, version=29.0.0], [id=spider, version=0.18.0], [id=spiderAjax, version=23.29.0], [id=tips, version=16.0.0], [id=webdriverwindows, version=170.0.0], [id=websocket, version=35.0.0], [id=zest, version=48.11.0]]
[2026-03-17 12:08:17] [ZAP] [ZAP Daemon] 16043 [ZAP-daemon] INFO  org.zaproxy.zap.control.ExtensionFactory - Loading extensions
[2026-03-17 12:08:18] [ZAP] [ZAP Daemon] 16987 [ZAP-daemon] INFO  org.zaproxy.addon.network.internal.TlsUtils - Using supported SSL/TLS protocols: [TLSv1.2, TLSv1.3]
[2026-03-17 12:08:18] [ZAP] [ZAP Daemon] 17822 [ZAP-daemon] INFO  org.zaproxy.zap.control.ExtensionFactory - Extensions loaded
[2026-03-17 12:08:19] [ZAP] [ZAP Daemon] 18520 [ZAP-daemon] INFO  org.flywaydb.core.FlywayExecutor - Database: jdbc:hsqldb:file:D:/NetShield/NetShieldAI/Services/temp/killchain_zap/killchain_62336/session/untitled1 (HSQL Database Engine 2.7)
[2026-03-17 12:08:19] [ZAP] [ZAP Daemon] 18651 [ZAP-daemon] INFO  org.flywaydb.core.internal.schemahistory.JdbcTableSchemaHistory - Schema history table "PUBLIC"."AUTHHELPER_FLYWAY_SCHEMA_HISTORY" does not exist yet
[2026-03-17 12:08:19] [ZAP] [ZAP Daemon] 18659 [ZAP-daemon] INFO  org.flywaydb.core.internal.command.DbValidate - Successfully validated 6 migrations (execution time 00:00.036s)
[2026-03-17 12:08:19] [ZAP] [ZAP Daemon] 18677 [ZAP-daemon] INFO  org.flywaydb.core.internal.schemahistory.JdbcTableSchemaHistory - Creating Schema History table "PUBLIC"."AUTHHELPER_FLYWAY_SCHEMA_HISTORY" with baseline ...
[2026-03-17 12:08:19] [ZAP] [ZAP Daemon] 18745 [ZAP-daemon] INFO  org.flywaydb.core.internal.command.DbBaseline - Successfully baselined schema with version: 0
[2026-03-17 12:08:19] [ZAP] [ZAP Daemon] 18771 [ZAP-daemon] INFO  org.flywaydb.core.internal.command.DbMigrate - Current version of schema "PUBLIC": 0
[2026-03-17 12:08:19] [ZAP] [ZAP Daemon] 18801 [ZAP-daemon] INFO  org.flywaydb.core.internal.command.DbMigrate - Migrating schema "PUBLIC" to version "1 - Create tables"
[2026-03-17 12:08:19] [ZAP] [ZAP Daemon] 18828 [ZAP-daemon] INFO  org.flywaydb.core.internal.command.DbMigrate - Migrating schema "PUBLIC" to version "2 - Create storage tables"
[2026-03-17 12:08:19] [ZAP] [ZAP Daemon] 18850 [ZAP-daemon] INFO  org.flywaydb.core.internal.command.DbMigrate - Migrating schema "PUBLIC" to version "3 - Improve diags"
[2026-03-17 12:08:19] [ZAP] [ZAP Daemon] 18870 [ZAP-daemon] INFO  org.flywaydb.core.internal.command.DbMigrate - Migrating schema "PUBLIC" to version "4 - Web element selector"
[2026-03-17 12:08:20] [ZAP] [ZAP Daemon] 18887 [ZAP-daemon] INFO  org.flywaydb.core.internal.command.DbMigrate - Migrating schema "PUBLIC" to version "5 - Af plan"
[2026-03-17 12:08:20] [ZAP] [ZAP Daemon] 18904 [ZAP-daemon] INFO  org.flywaydb.core.internal.command.DbMigrate - Migrating schema "PUBLIC" to version "6 - Auth report data"
[2026-03-17 12:08:20] [ZAP] [ZAP Daemon] 18926 [ZAP-daemon] INFO  org.flywaydb.core.internal.command.DbMigrate - Successfully applied 6 migrations to schema "PUBLIC", now at version v6 (execution time 00:00.025s)
[2026-03-17 12:08:23] [ZAP] [ZAP Daemon] 22758 [ZAP-daemon] INFO  org.parosproxy.paros.extension.ExtensionLoader - Initializing Auto-update Extension - Allows ZAP to check for updates
[2026-03-17 12:08:23] [ZAP] [ZAP Daemon] 22763 [ZAP-daemon] INFO  org.parosproxy.paros.extension.ExtensionLoader - Initializing Options Extension - Options Extension
[2026-03-17 12:08:23] [ZAP] [ZAP Daemon] 22763 [ZAP-daemon] INFO  org.parosproxy.paros.extension.ExtensionLoader - Initializing Edit Menu Extension - Edit Menu Extension
[2026-03-17 12:08:23] [ZAP] [ZAP Daemon] 22763 [ZAP-daemon] INFO  org.parosproxy.paros.extension.ExtensionLoader - Initializing API Extension - Provides a rest based API for controlling and accessing ZAP
[2026-03-17 12:08:23] [ZAP] [ZAP Daemon] 22775 [ZAP-daemon] INFO  org.parosproxy.paros.extension.ExtensionLoader - Initializing History Extension - History Extension
[2026-03-17 12:08:23] [ZAP] [ZAP Daemon] 22777 [ZAP-daemon] INFO  org.parosproxy.paros.extension.ExtensionLoader - Initializing ExtensionReveal - Show hidden fields and enable disabled fields
[2026-03-17 12:08:23] [ZAP] [ZAP Daemon] 22778 [ZAP-daemon] INFO  org.parosproxy.paros.extension.ExtensionLoader - Initializing Search Extension - Search messages for strings and regular expressions
[2026-03-17 12:08:23] [ZAP] [ZAP Daemon] 22779 [ZAP-daemon] INFO  org.parosproxy.paros.extension.ExtensionLoader - Initializing Breakpoint Extension - Allows you to intercept and modify requests and responses
[2026-03-17 12:08:23] [ZAP] [ZAP Daemon] 22783 [ZAP-daemon] INFO  org.parosproxy.paros.extension.ExtensionLoader - Initializing Passive Scan Extension - Passive scanner
[2026-03-17 12:08:23] [ZAP] [ZAP Daemon] 22783 [ZAP-daemon] INFO  org.parosproxy.paros.extension.ExtensionLoader - Initializing Alerts Extension - Allows you to view and manage alerts
[2026-03-17 12:08:23] [ZAP] [ZAP Daemon] 22785 [ZAP-daemon] INFO  org.parosproxy.paros.extension.ExtensionLoader - Initializing Active Scan Extension - Active scanner, heavily based on the original Paros active scanner, but with additional tests added
[2026-03-17 12:08:23] [ZAP] [ZAP Daemon] 22795 [ZAP-daemon] INFO  org.parosproxy.paros.extension.ExtensionLoader - Initializing ExtensionSequence - ExtensionSequence
[2026-03-17 12:08:23] [ZAP] [ZAP Daemon] 22795 [ZAP-daemon] INFO  org.parosproxy.paros.extension.ExtensionLoader - Initializing Standard Menus Extension - A set of common popup menus for miscellaneous tasks
[2026-03-17 12:08:23] [ZAP] [ZAP Daemon] 22796 [ZAP-daemon] INFO  org.parosproxy.paros.extension.ExtensionLoader - Initializing ExtensionBruteForce - Forced browsing of files and directories using code from the OWASP DirBuster tool
[2026-03-17 12:08:23] [ZAP] [ZAP Daemon] 22798 [ZAP-daemon] INFO  org.parosproxy.paros.extension.ExtensionLoader - Initializing Compare Extension - Compares 2 sessions and generates an HTML file showing the differences
[2026-03-17 12:08:23] [ZAP] [ZAP Daemon] 22798 [ZAP-daemon] INFO  org.parosproxy.paros.extension.ExtensionLoader - Initializing ExtensionInvoke - Invoke external applications passing context related information such as URLs and parameters
[2026-03-17 12:08:23] [ZAP] [ZAP Daemon] 22799 [ZAP-daemon] INFO  org.parosproxy.paros.extension.ExtensionLoader - Initializing Anti-CSRF Extension - Handles anti cross site request forgery (CSRF) tokens
[2026-03-17 12:08:23] [ZAP] [ZAP Daemon] 22808 [ZAP-daemon] INFO  org.parosproxy.paros.extension.ExtensionLoader - Initializing Authentication Extension - Authentication Extension
[2026-03-17 12:08:23] [ZAP] [ZAP Daemon] 22819 [ZAP-daemon] INFO  org.zaproxy.zap.extension.authentication.ExtensionAuthentication - Loaded authentication method types: [Form-based Authentication, HTTP/NTLM Authentication, Manual Authentication, Script-based Authentication, JSON-based Authentication]
[2026-03-17 12:08:23] [ZAP] [ZAP Daemon] 22823 [ZAP-daemon] INFO  org.parosproxy.paros.extension.ExtensionLoader - Initializing Users Extension - Users Extension
[2026-03-17 12:08:23] [ZAP] [ZAP Daemon] 22824 [ZAP-daemon] INFO  org.parosproxy.paros.extension.ExtensionLoader - Initializing Parameters Extension - Summarise and analyse FORM and URL parameters as well as cookies
[2026-03-17 12:08:23] [ZAP] [ZAP Daemon] 22825 [ZAP-daemon] INFO  org.parosproxy.paros.extension.ExtensionLoader - Initializing Script Extension - Script integration
[2026-03-17 12:08:23] [ZAP] [ZAP Daemon] 22833 [ZAP-daemon] INFO  org.parosproxy.paros.extension.ExtensionLoader - Initializing ExtensionScripts - Scripting console, supports all JSR 223 scripting languages
[2026-03-17 12:08:23] [ZAP] [ZAP Daemon] 22845 [ZAP-daemon] INFO  org.parosproxy.paros.extension.ExtensionLoader - Initializing Forced User Extension - Forced User Extension
[2026-03-17 12:08:23] [ZAP] [ZAP Daemon] 22846 [ZAP-daemon] INFO  org.parosproxy.paros.extension.ExtensionLoader - Initializing HTTP Sessions Extension - Extension handling HTTP sessions
[2026-03-17 12:08:23] [ZAP] [ZAP Daemon] 22849 [ZAP-daemon] INFO  org.parosproxy.paros.extension.ExtensionLoader - Initializing ExtensionZest - Zest is a specialized scripting language, originally, from Mozilla specifically designed to be used in security tools
[2026-03-17 12:08:24] [ZAP] [ZAP Daemon] 23426 [ZAP-daemon] INFO  org.parosproxy.paros.extension.ExtensionLoader - Initializing ExtensionDiff - ExtensionDiff
[2026-03-17 12:08:24] [ZAP] [ZAP Daemon] 23426 [ZAP-daemon] INFO  org.parosproxy.paros.extension.ExtensionLoader - Initializing HTTP Panel Post Table View Extension - HTTP Panel Post Table View Extension
[2026-03-17 12:08:24] [ZAP] [ZAP Daemon] 23427 [ZAP-daemon] INFO  org.parosproxy.paros.extension.ExtensionLoader - Initializing Encoder Addon - Adds support for scriptable encoders to ZAP.
[2026-03-17 12:08:24] [ZAP] [ZAP Daemon] 23428 [ZAP-daemon] INFO  org.parosproxy.paros.extension.ExtensionLoader - Initializing Session Management Extension - Session Management Extension
[2026-03-17 12:08:24] [ZAP] [ZAP Daemon] 23435 [ZAP-daemon] INFO  org.zaproxy.zap.extension.sessions.ExtensionSessionManagement - Loaded session management method types: [Cookie-based Session Management, HTTP Authentication Session Management, Script-based Session Management]
[2026-03-17 12:08:24] [ZAP] [ZAP Daemon] 23436 [ZAP-daemon] INFO  org.parosproxy.paros.extension.ExtensionLoader - Initializing HTTP Panel Form Table View Extension - HTTP Panel Form Table View Extension
[2026-03-17 12:08:24] [ZAP] [ZAP Daemon] 23436 [ZAP-daemon] INFO  org.parosproxy.paros.extension.ExtensionLoader - Initializing WebSockets Support - Capture messages from WebSockets with the ability to set breakpoints.
[2026-03-17 12:08:24] [ZAP] [ZAP Daemon] 23452 [ZAP-daemon] INFO  org.parosproxy.paros.extension.ExtensionLoader - Initializing SOAP/WSDL Support - Allows you to import a WSDL file containing operations which ZAP will access, adding them to the Sites tree.
[2026-03-17 12:08:24] [ZAP] [ZAP Daemon] 23454 [ZAP-daemon] INFO  org.parosproxy.paros.extension.ExtensionLoader - Initializing Core UI Extension - Core UI related functionality.
[2026-03-17 12:08:24] [ZAP] [ZAP Daemon] 23454 [ZAP-daemon] INFO  org.parosproxy.paros.extension.ExtensionLoader - Initializing Authorization Extension - Authorization Extension
[2026-03-17 12:08:24] [ZAP] [ZAP Daemon] 23455 [ZAP-daemon] INFO  org.parosproxy.paros.extension.ExtensionLoader - Initializing Requester - Allows to manually edit and send messages.
[2026-03-17 12:08:24] [ZAP] [ZAP Daemon] 23459 [ZAP-daemon] INFO  org.parosproxy.paros.extension.ExtensionLoader - Initializing AJAX Spider - AJAX Spider, uses Crawljax
[2026-03-17 12:08:24] [ZAP] [ZAP Daemon] 23464 [ZAP-daemon] INFO  org.parosproxy.paros.extension.ExtensionLoader - Initializing WebDriver Provider - Provides WebDrivers to control several browsers using Selenium and includes HtmlUnit browser.
[2026-03-17 12:08:24] [ZAP] [ZAP Daemon] 23484 [ZAP-daemon] INFO  org.parosproxy.paros.extension.ExtensionLoader - Initializing Refresh Sites Tree Extension - Adds menu item to refresh the Sites tree
[2026-03-17 12:08:24] [ZAP] [ZAP Daemon] 23484 [ZAP-daemon] INFO  org.parosproxy.paros.extension.ExtensionLoader - Initializing Help Extension - ZAP User Guide
[2026-03-17 12:08:24] [ZAP] [ZAP Daemon] 23484 [ZAP-daemon] INFO  org.parosproxy.paros.extension.ExtensionLoader - Initializing Call Home - Handles all of the calls to ZAP services
[2026-03-17 12:08:24] [ZAP] [ZAP Daemon] 23486 [ZAP-daemon] INFO  org.parosproxy.paros.extension.ExtensionLoader - Initializing Network Extension - Provides core networking capabilities.
[2026-03-17 12:08:24] [ZAP] [ZAP Daemon] 23524 [ZAP-daemon] INFO  org.zaproxy.addon.network.ConnectionOptions - Unsafe SSL/TLS renegotiation disabled.
[2026-03-17 12:08:24] [ZAP] [ZAP Daemon] 23528 [ZAP-daemon] INFO  org.parosproxy.paros.extension.ExtensionLoader - Initializing Extension Configuration Extension - Allows you to configure which extensions are loaded when ZAP starts
[2026-03-17 12:08:24] [ZAP] [ZAP Daemon] 23528 [ZAP-daemon] INFO  org.parosproxy.paros.extension.ExtensionLoader - Initializing Combined HTTP Panels Extension - Combined HTTP Panels Extension
[2026-03-17 12:08:24] [ZAP] [ZAP Daemon] 23528 [ZAP-daemon] INFO  org.parosproxy.paros.extension.ExtensionLoader - Initializing HTTP Panel Hex View Extension - HTTP Panel Hex View Extension
[2026-03-17 12:08:24] [ZAP] [ZAP Daemon] 23528 [ZAP-daemon] INFO  org.parosproxy.paros.extension.ExtensionLoader - Initializing HTTP Panel Image View Extension - HTTP Panel Image View Extension
[2026-03-17 12:08:24] [ZAP] [ZAP Daemon] 23529 [ZAP-daemon] INFO  org.parosproxy.paros.extension.ExtensionLoader - Initializing HTTP Panel Query Table View Extension - HTTP Panel Query Table View Extension
[2026-03-17 12:08:24] [ZAP] [ZAP Daemon] 23529 [ZAP-daemon] INFO  org.parosproxy.paros.extension.ExtensionLoader - Initializing HTTP Panel Syntax Highlighter View Extension - HTTP Panel Syntax Highlighter View Extension
[2026-03-17 12:08:24] [ZAP] [ZAP Daemon] 23529 [ZAP-daemon] INFO  org.parosproxy.paros.extension.ExtensionLoader - Initializing Keyboard Configuration Extension - Adds support for configurable keyboard shortcuts for all of the ZAP menus.
[2026-03-17 12:08:24] [ZAP] [ZAP Daemon] 23529 [ZAP-daemon] INFO  org.parosproxy.paros.extension.ExtensionLoader - Initializing Scanner Rule Configuration Extension - Active and passive rule configuration
[2026-03-17 12:08:24] [ZAP] [ZAP Daemon] 23534 [ZAP-daemon] INFO  org.parosproxy.paros.extension.ExtensionLoader - Initializing Statistics Extension - Statistics
[2026-03-17 12:08:24] [ZAP] [ZAP Daemon] 23537 [ZAP-daemon] INFO  org.zaproxy.zap.extension.stats.ExtensionStats - Start recording in memory stats
[2026-03-17 12:08:24] [ZAP] [ZAP Daemon] 23538 [ZAP-daemon] INFO  org.parosproxy.paros.extension.ExtensionLoader - Initializing Custom Pages Extension - Custom Pages Definition
[2026-03-17 12:08:24] [ZAP] [ZAP Daemon] 23538 [ZAP-daemon] INFO  org.parosproxy.paros.extension.ExtensionLoader - Initializing ExtensionAlertFilters - Context alert rules filter
[2026-03-17 12:08:24] [ZAP] [ZAP Daemon] 23544 [ZAP-daemon] INFO  org.parosproxy.paros.extension.ExtensionLoader - Initializing Alert Filters Automation - Alert Filters Automation Framework Integration
[2026-03-17 12:08:24] [ZAP] [ZAP Daemon] 23548 [ZAP-daemon] INFO  org.parosproxy.paros.extension.ExtensionLoader - Initializing Active Scan Rules - Release status active scan rules
[2026-03-17 12:08:24] [ZAP] [ZAP Daemon] 23549 [ZAP-daemon] INFO  org.parosproxy.paros.extension.ExtensionLoader - Initializing Authentication Helper - Authentication Helper
[2026-03-17 12:08:24] [ZAP] [ZAP Daemon] 23557 [ZAP-daemon] INFO  org.parosproxy.paros.extension.ExtensionLoader - Initializing Client Spider Browser Based Authentication Support - Enables browser based authentication when performing an authenticated Client Spider scan.
[2026-03-17 12:08:24] [ZAP] [ZAP Daemon] 23560 [ZAP-daemon] INFO  org.parosproxy.paros.extension.ExtensionLoader - Initializing Authentication Helper Reports - Authentication Helper Reports
[2026-03-17 12:08:24] [ZAP] [ZAP Daemon] 23562 [ZAP-daemon] INFO  org.parosproxy.paros.extension.ExtensionLoader - Initializing AJAX Spider Browser Based Authentication Support - Enables browser based authentication when performing an authenticated AJAX Spider scan.
[2026-03-17 12:08:24] [ZAP] [ZAP Daemon] 23566 [ZAP-daemon] INFO  org.parosproxy.paros.extension.ExtensionLoader - Initializing Automation Framework - Provides functionality to simplify using ZAP in an automated manner
[2026-03-17 12:08:24] [ZAP] [ZAP Daemon] 23571 [ZAP-daemon] INFO  org.parosproxy.paros.extension.ExtensionLoader - Initializing ExtensionClientIntegration - Client Side Integration
[2026-03-17 12:08:24] [ZAP] [ZAP Daemon] 23584 [ZAP-daemon] INFO  org.parosproxy.paros.extension.ExtensionLoader - Initializing Client Spider Automation - Client Spider Automation Framework Integration
[2026-03-17 12:08:24] [ZAP] [ZAP Daemon] 23591 [ZAP-daemon] INFO  org.parosproxy.paros.extension.ExtensionLoader - Initializing Client Zest Script Recording Support - Allows recording client events as Zest scripts.
[2026-03-17 12:08:24] [ZAP] [ZAP Daemon] 23596 [ZAP-daemon] INFO  org.parosproxy.paros.extension.ExtensionLoader - Initializing Common Library - A library of shared functionality
[2026-03-17 12:08:24] [ZAP] [ZAP Daemon] 23598 [ZAP-daemon] INFO  org.parosproxy.paros.extension.ExtensionLoader - Initializing Database Extension - Provides databases and persistence capabilities.
[2026-03-17 12:08:24] [ZAP] [ZAP Daemon] 23598 [ZAP-daemon] INFO  org.parosproxy.paros.extension.ExtensionLoader - Initializing ExtensionDomXSS - DOM XSS Active Scan Rule
[2026-03-17 12:08:24] [ZAP] [ZAP Daemon] 23808 [ZAP-daemon] INFO  org.parosproxy.paros.extension.ExtensionLoader - Initializing Import/Export - Import and Export functionality supporting multiple formats.
[2026-03-17 12:08:24] [ZAP] [ZAP Daemon] 23813 [ZAP-daemon] INFO  org.parosproxy.paros.extension.ExtensionLoader - Initializing Import/Export Automation - Import/Export Automation Framework Integration
[2026-03-17 12:08:24] [ZAP] [ZAP Daemon] 23823 [ZAP-daemon] INFO  org.parosproxy.paros.extension.ExtensionLoader - Initializing ExtensionFormHandler - This extension allows a user to change the default values used for generated content (e.g. spiders, importers).
[2026-03-17 12:08:24] [ZAP] [ZAP Daemon] 23829 [ZAP-daemon] INFO  org.parosproxy.paros.extension.ExtensionLoader - Initializing Advance Fuzzer - Provides the foundation for concrete message types (for example, HTTP, WebSockets) expose fuzzer implementations.
[2026-03-17 12:08:24] [ZAP] [ZAP Daemon] 23833 [ZAP-daemon] INFO  org.parosproxy.paros.extension.ExtensionLoader - Initializing HTTP Fuzzer - Allows to fuzz HTTP messages.
[2026-03-17 12:08:24] [ZAP] [ZAP Daemon] 23834 [ZAP-daemon] INFO  org.parosproxy.paros.extension.ExtensionLoader - Initializing ExtensionGettingStarted - The ZAP Getting Started Guide
[2026-03-17 12:08:24] [ZAP] [ZAP Daemon] 23835 [ZAP-daemon] INFO  org.parosproxy.paros.extension.ExtensionLoader - Initializing GraalVM JavaScript Engine Extension - Provides the GraalVM JavaScript engine for ZAP scripting.
[2026-03-17 12:08:27] [ZAP] [ZAP Daemon] 26211 [ZAP-daemon] INFO  org.parosproxy.paros.extension.ExtensionLoader - Initializing ExtensionGraphQl - Allows you to inspect and attack GraphQL endpoints.
[2026-03-17 12:08:27] [ZAP] [ZAP Daemon] 26216 [ZAP-daemon] INFO  org.parosproxy.paros.extension.ExtensionLoader - Initializing GraphQL Automation - GraphQL Automation Framework Integration
[2026-03-17 12:08:27] [ZAP] [ZAP Daemon] 26220 [ZAP-daemon] INFO  org.parosproxy.paros.extension.ExtensionLoader - Initializing GraphQL Spider - GraphQL Spider Integration
[2026-03-17 12:08:27] [ZAP] [ZAP Daemon] 26220 [ZAP-daemon] INFO  org.parosproxy.paros.extension.ExtensionLoader - Initializing ExtensionHUD - Heads Up Display
[2026-03-17 12:08:30] [ZAP] [ZAP Daemon] WARNING: A terminally deprecated method in sun.misc.Unsafe has been called
[2026-03-17 12:08:30] [ZAP] [ZAP Daemon] WARNING: Please consider reporting this to the maintainers of class io.netty.util.internal.PlatformDependent0$4
[2026-03-17 12:08:30] [ZAP] [ZAP Daemon] WARNING: sun.misc.Unsafe::objectFieldOffset will be removed in a future release
[2026-03-17 12:08:30] [ZAP] [ZAP Daemon] 29865 [ZAP-daemon] INFO  org.parosproxy.paros.extension.ExtensionLoader - Initializing ExtensionHUDlaunch - ExtensionHUDlaunch
[2026-03-17 12:08:30] [ZAP] [ZAP Daemon] 29866 [ZAP-daemon] INFO  org.parosproxy.paros.extension.ExtensionLoader - Initializing ExtensionInsights - Insights Extension
[2026-03-17 12:08:30] [ZAP] [ZAP Daemon] 29869 [ZAP-daemon] INFO  org.parosproxy.paros.extension.ExtensionLoader - Initializing Alert Filters Automation - Alert Filters Automation Framework Integration
[2026-03-17 12:08:30] [ZAP] [ZAP Daemon] 29871 [ZAP-daemon] INFO  org.parosproxy.paros.extension.ExtensionLoader - Initializing Insights Reports Extension - Adds Insights to the report data
[2026-03-17 12:08:30] [ZAP] [ZAP Daemon] 29872 [ZAP-daemon] INFO  org.parosproxy.paros.extension.ExtensionLoader - Initializing Out-of-band Application Security Testing - Adds Out-of-band Application Security Testing functionality.
[2026-03-17 12:08:31] [ZAP] [ZAP Daemon] 29885 [ZAP-daemon] INFO  org.parosproxy.paros.extension.ExtensionLoader - Initializing OAST Scripts - Adds OAST scripts.
[2026-03-17 12:08:31] [ZAP] [ZAP Daemon] 29885 [ZAP-daemon] INFO  org.parosproxy.paros.extension.ExtensionLoader - Initializing ExtensionOnlineMenu - The Online menu links
[2026-03-17 12:08:31] [ZAP] [ZAP Daemon] 29885 [ZAP-daemon] INFO  org.parosproxy.paros.extension.ExtensionLoader - Initializing OpenAPI Import - Allows you to spider and import OpenAPI (Swagger) definitions
[2026-03-17 12:08:31] [ZAP] [ZAP Daemon] 29888 [ZAP-daemon] INFO  org.parosproxy.paros.extension.ExtensionLoader - Initializing OpenAPI Automation - OpenAPI Automation Framework Integration
[2026-03-17 12:08:31] [ZAP] [ZAP Daemon] 29890 [ZAP-daemon] INFO  org.parosproxy.paros.extension.ExtensionLoader - Initializing OpenAPI Spider - OpenAPI Spider Integration
[2026-03-17 12:08:31] [ZAP] [ZAP Daemon] 29896 [ZAP-daemon] INFO  org.parosproxy.paros.extension.ExtensionLoader - Initializing Postman Import - Allows you to spider and import Postman collections
[2026-03-17 12:08:31] [ZAP] [ZAP Daemon] 29898 [ZAP-daemon] INFO  org.parosproxy.paros.extension.ExtensionLoader - Initializing Postman Automation - Postman Automation Framework Integration
[2026-03-17 12:08:31] [ZAP] [ZAP Daemon] 29900 [ZAP-daemon] INFO  org.parosproxy.paros.extension.ExtensionLoader - Initializing Passive Scanner Extension - Provides core passive scanning capabilities.
[2026-03-17 12:08:31] [ZAP] [ZAP Daemon] 29929 [ZAP-daemon] INFO  org.parosproxy.paros.extension.ExtensionLoader - Initializing Passive Scanner Automation Framework Extension - Provides jobs and result data related to the passive scanner.
[2026-03-17 12:08:31] [ZAP] [ZAP Daemon] 29931 [ZAP-daemon] INFO  org.parosproxy.paros.extension.ExtensionLoader - Initializing Passive Scan Rules - Release status passive scan rules.
[2026-03-17 12:08:31] [ZAP] [ZAP Daemon] 29931 [ZAP-daemon] INFO  org.parosproxy.paros.extension.ExtensionLoader - Initializing Quick Start panel  - Adds the Quick Start panel for scanning and exploring applications
[2026-03-17 12:08:31] [ZAP] [ZAP Daemon] 29935 [ZAP-daemon] INFO  org.parosproxy.paros.extension.ExtensionLoader - Initializing Quick Start Ajax Spider integration - Add the option to use the Ajax Spider in the Quick Start scan
[2026-03-17 12:08:31] [ZAP] [ZAP Daemon] 29936 [ZAP-daemon] INFO  org.parosproxy.paros.extension.ExtensionLoader - Initializing Quick Start HUD Integration - HUD integration for the quick start panel
[2026-03-17 12:08:31] [ZAP] [ZAP Daemon] 29936 [ZAP-daemon] INFO  org.parosproxy.paros.extension.ExtensionLoader - Initializing Quick Start Browser Launcher - Launch browsers preset proxying through ZAP
[2026-03-17 12:08:31] [ZAP] [ZAP Daemon] 29938 [ZAP-daemon] INFO  org.parosproxy.paros.extension.ExtensionLoader - Initializing Quick Start Spider Integration - Adds the option to use the traditional Spider in the Quick Start scan.
[2026-03-17 12:08:31] [ZAP] [ZAP Daemon] 29941 [ZAP-daemon] INFO  org.parosproxy.paros.extension.ExtensionLoader - Initializing Match and Replace - Easy way to replace strings in requests and responses
[2026-03-17 12:08:31] [ZAP] [ZAP Daemon] 29950 [ZAP-daemon] INFO  org.parosproxy.paros.extension.ExtensionLoader - Initializing Replacer Automation - Replacer Automation Framework Integration
[2026-03-17 12:08:31] [ZAP] [ZAP Daemon] 29955 [ZAP-daemon] INFO  org.parosproxy.paros.extension.ExtensionLoader - Initializing Report Generator - Templated and themed report generation functionality
[2026-03-17 12:08:31] [ZAP] [ZAP Daemon] 29959 [ZAP-daemon] INFO  org.parosproxy.paros.extension.ExtensionLoader - Initializing Report Generation Automation Integration - Report Generation Automation Integration
[2026-03-17 12:08:31] [ZAP] [ZAP Daemon] 29964 [ZAP-daemon] INFO  org.parosproxy.paros.extension.ExtensionLoader - Initializing Retest - Facilitates the verification of presence/absence of certain alerts.
[2026-03-17 12:08:31] [ZAP] [ZAP Daemon] 29966 [ZAP-daemon] INFO  org.parosproxy.paros.extension.ExtensionLoader - Initializing Scripts Automation Framework Integration - Scripts Automation
[2026-03-17 12:08:31] [ZAP] [ZAP Daemon] 29982 [ZAP-daemon] INFO  org.parosproxy.paros.extension.ExtensionLoader - Initializing Sequence Automation - Sequence Automation Framework Integration
[2026-03-17 12:08:31] [ZAP] [ZAP Daemon] 29988 [ZAP-daemon] INFO  org.parosproxy.paros.extension.ExtensionLoader - Initializing SOAP Automation - SOAP Automation Framework Integration
[2026-03-17 12:08:31] [ZAP] [ZAP Daemon] 29990 [ZAP-daemon] INFO  org.parosproxy.paros.extension.ExtensionLoader - Initializing SOAP Spider - SOAP Spider Integration
[2026-03-17 12:08:31] [ZAP] [ZAP Daemon] 29991 [ZAP-daemon] INFO  org.parosproxy.paros.extension.ExtensionLoader - Initializing Spider Extension - Spider used for automatically finding URIs on a site.
[2026-03-17 12:08:31] [ZAP] [ZAP Daemon] 30038 [ZAP-daemon] INFO  org.parosproxy.paros.extension.ExtensionLoader - Initializing Spider Automation - Spider Automation Integration
[2026-03-17 12:08:31] [ZAP] [ZAP Daemon] 30045 [ZAP-daemon] INFO  org.parosproxy.paros.extension.ExtensionLoader - Initializing Ajax Spider Automation - Ajax Spider Automation Framework Integration
[2026-03-17 12:08:31] [ZAP] [ZAP Daemon] 30051 [ZAP-daemon] INFO  org.parosproxy.paros.extension.ExtensionLoader - Initializing ExtensionTipsAndTricks - Tips and Tricks
[2026-03-17 12:08:31] [ZAP] [ZAP Daemon] 30052 [ZAP-daemon] INFO  org.parosproxy.paros.extension.ExtensionLoader - Initializing WebSocket Fuzzer - Allows to fuzz WebSocket messages.
[2026-03-17 12:08:31] [ZAP] [ZAP Daemon] 30052 [ZAP-daemon] INFO  org.parosproxy.paros.extension.ExtensionLoader - Initializing WebSocket Message Editor - Provides the WebSocket Message Editor dialogues.
[2026-03-17 12:08:31] [ZAP] [ZAP Daemon] 30482 [ZAP-daemon] WARN  org.openqa.selenium.manager.SeleniumManager - Unable to discover proper geckodriver version in offline mode
[2026-03-17 12:08:31] [ZAP] [ZAP Daemon] 30516 [ZAP-daemon] WARN  org.zaproxy.zap.extension.selenium.internal.FirefoxProfileManager - Unable to find Firefox binary through SeleniumManager.
[2026-03-17 12:08:31] [ZAP] [ZAP Daemon] 30517 [ZAP-daemon] ERROR org.zaproxy.addon.client.ExtensionClientIntegration - Failed to get or create Firefox profile zap-client-profile
[2026-03-17 12:08:31] [ZAP] [ZAP Daemon] 30868 [ZAP-daemon] INFO  org.zaproxy.addon.oast.services.callback.CallbackService - Started callback service on 0.0.0.0:7862
[2026-03-17 12:08:32] [ZAP] [ZAP Daemon] 30942 [ZAP-daemon] INFO  org.zaproxy.addon.pscan.internal.ScanRuleManager - Loaded passive scan rule: Authentication Request Identified
[2026-03-17 12:08:32] [ZAP] [ZAP Daemon] 30943 [ZAP-daemon] INFO  org.zaproxy.addon.pscan.internal.ScanRuleManager - Loaded passive scan rule: Session Management Response Identified
[2026-03-17 12:08:32] [ZAP] [ZAP Daemon] 30943 [ZAP-daemon] INFO  org.zaproxy.addon.pscan.internal.ScanRuleManager - Loaded passive scan rule: Verification Request Identified
[2026-03-17 12:08:32] [ZAP] [ZAP Daemon] 31016 [ZAP-daemon] INFO  org.zaproxy.addon.pscan.internal.ScanRuleManager - Loaded passive scan rule: Anti-clickjacking Header
[2026-03-17 12:08:32] [ZAP] [ZAP Daemon] 31016 [ZAP-daemon] INFO  org.zaproxy.addon.pscan.internal.ScanRuleManager - Loaded passive scan rule: Application Error Disclosure
[2026-03-17 12:08:32] [ZAP] [ZAP Daemon] 31017 [ZAP-daemon] INFO  org.zaproxy.addon.pscan.internal.ScanRuleManager - Loaded passive scan rule: Big Redirect Detected (Potential Sensitive Information Leak)
[2026-03-17 12:08:32] [ZAP] [ZAP Daemon] 31017 [ZAP-daemon] INFO  org.zaproxy.addon.pscan.internal.ScanRuleManager - Loaded passive scan rule: Re-examine Cache-control Directives
[2026-03-17 12:08:32] [ZAP] [ZAP Daemon] 31017 [ZAP-daemon] INFO  org.zaproxy.addon.pscan.internal.ScanRuleManager - Loaded passive scan rule: Charset Mismatch
[2026-03-17 12:08:32] [ZAP] [ZAP Daemon] 31017 [ZAP-daemon] INFO  org.zaproxy.addon.pscan.internal.ScanRuleManager - Loaded passive scan rule: Content Security Policy (CSP) Header Not Set
[2026-03-17 12:08:32] [ZAP] [ZAP Daemon] 31018 [ZAP-daemon] INFO  org.zaproxy.addon.pscan.internal.ScanRuleManager - Loaded passive scan rule: CSP
[2026-03-17 12:08:32] [ZAP] [ZAP Daemon] 31018 [ZAP-daemon] INFO  org.zaproxy.addon.pscan.internal.ScanRuleManager - Loaded passive scan rule: Content-Type Header Missing
[2026-03-17 12:08:32] [ZAP] [ZAP Daemon] 31018 [ZAP-daemon] INFO  org.zaproxy.addon.pscan.internal.ScanRuleManager - Loaded passive scan rule: Cookie No HttpOnly Flag
[2026-03-17 12:08:32] [ZAP] [ZAP Daemon] 31018 [ZAP-daemon] INFO  org.zaproxy.addon.pscan.internal.ScanRuleManager - Loaded passive scan rule: Loosely Scoped Cookie
[2026-03-17 12:08:32] [ZAP] [ZAP Daemon] 31020 [ZAP-daemon] INFO  org.zaproxy.addon.pscan.internal.ScanRuleManager - Loaded passive scan rule: Cookie without SameSite Attribute
[2026-03-17 12:08:32] [ZAP] [ZAP Daemon] 31020 [ZAP-daemon] INFO  org.zaproxy.addon.pscan.internal.ScanRuleManager - Loaded passive scan rule: Cookie Without Secure Flag
[2026-03-17 12:08:32] [ZAP] [ZAP Daemon] 31021 [ZAP-daemon] INFO  org.zaproxy.addon.pscan.internal.ScanRuleManager - Loaded passive scan rule: Cross-Domain Misconfiguration
[2026-03-17 12:08:32] [ZAP] [ZAP Daemon] 31021 [ZAP-daemon] INFO  org.zaproxy.addon.pscan.internal.ScanRuleManager - Loaded passive scan rule: Cross-Domain JavaScript Source File Inclusion
[2026-03-17 12:08:32] [ZAP] [ZAP Daemon] 31022 [ZAP-daemon] INFO  org.zaproxy.addon.pscan.internal.ScanRuleManager - Loaded passive scan rule: Absence of Anti-CSRF Tokens
[2026-03-17 12:08:32] [ZAP] [ZAP Daemon] 31022 [ZAP-daemon] INFO  org.zaproxy.addon.pscan.internal.ScanRuleManager - Loaded passive scan rule: Directory Browsing
[2026-03-17 12:08:32] [ZAP] [ZAP Daemon] 31022 [ZAP-daemon] INFO  org.zaproxy.addon.pscan.internal.ScanRuleManager - Loaded passive scan rule: Hash Disclosure
[2026-03-17 12:08:32] [ZAP] [ZAP Daemon] 31023 [ZAP-daemon] INFO  org.zaproxy.addon.pscan.internal.ScanRuleManager - Loaded passive scan rule: Heartbleed OpenSSL Vulnerability (Indicative)
[2026-03-17 12:08:32] [ZAP] [ZAP Daemon] 31023 [ZAP-daemon] INFO  org.zaproxy.addon.pscan.internal.ScanRuleManager - Loaded passive scan rule: In Page Banner Information Leak
[2026-03-17 12:08:32] [ZAP] [ZAP Daemon] 31023 [ZAP-daemon] INFO  org.zaproxy.addon.pscan.internal.ScanRuleManager - Loaded passive scan rule: Private IP Disclosure
[2026-03-17 12:08:32] [ZAP] [ZAP Daemon] 31024 [ZAP-daemon] INFO  org.zaproxy.addon.pscan.internal.ScanRuleManager - Loaded passive scan rule: Session ID in URL Rewrite
[2026-03-17 12:08:32] [ZAP] [ZAP Daemon] 31024 [ZAP-daemon] INFO  org.zaproxy.addon.pscan.internal.ScanRuleManager - Loaded passive scan rule: Information Disclosure - Debug Error Messages
[2026-03-17 12:08:32] [ZAP] [ZAP Daemon] 31025 [ZAP-daemon] INFO  org.zaproxy.addon.pscan.internal.ScanRuleManager - Loaded passive scan rule: Information Disclosure - Sensitive Information in URL
[2026-03-17 12:08:32] [ZAP] [ZAP Daemon] 31025 [ZAP-daemon] INFO  org.zaproxy.addon.pscan.internal.ScanRuleManager - Loaded passive scan rule: Information Disclosure - Sensitive Information in HTTP Referrer Header
[2026-03-17 12:08:32] [ZAP] [ZAP Daemon] 31025 [ZAP-daemon] INFO  org.zaproxy.addon.pscan.internal.ScanRuleManager - Loaded passive scan rule: Information Disclosure - Suspicious Comments
[2026-03-17 12:08:32] [ZAP] [ZAP Daemon] 31025 [ZAP-daemon] INFO  org.zaproxy.addon.pscan.internal.ScanRuleManager - Loaded passive scan rule: Weak Authentication Method
[2026-03-17 12:08:32] [ZAP] [ZAP Daemon] 31026 [ZAP-daemon] INFO  org.zaproxy.addon.pscan.internal.ScanRuleManager - Loaded passive scan rule: HTTP to HTTPS Insecure Transition in Form Post
[2026-03-17 12:08:32] [ZAP] [ZAP Daemon] 31026 [ZAP-daemon] INFO  org.zaproxy.addon.pscan.internal.ScanRuleManager - Loaded passive scan rule: HTTPS to HTTP Insecure Transition in Form Post
[2026-03-17 12:08:32] [ZAP] [ZAP Daemon] 31026 [ZAP-daemon] INFO  org.zaproxy.addon.pscan.internal.ScanRuleManager - Loaded passive scan rule: Insecure JSF ViewState
[2026-03-17 12:08:32] [ZAP] [ZAP Daemon] 31027 [ZAP-daemon] INFO  org.zaproxy.addon.pscan.internal.ScanRuleManager - Loaded passive scan rule: Java Serialization Object
[2026-03-17 12:08:32] [ZAP] [ZAP Daemon] 31027 [ZAP-daemon] INFO  org.zaproxy.addon.pscan.internal.ScanRuleManager - Loaded passive scan rule: Reverse Tabnabbing
[2026-03-17 12:08:32] [ZAP] [ZAP Daemon] 31028 [ZAP-daemon] INFO  org.zaproxy.addon.pscan.internal.ScanRuleManager - Loaded passive scan rule: Secure Pages Include Mixed Content
[2026-03-17 12:08:32] [ZAP] [ZAP Daemon] 31028 [ZAP-daemon] INFO  org.zaproxy.addon.pscan.internal.ScanRuleManager - Loaded passive scan rule: Modern Web Application
[2026-03-17 12:08:32] [ZAP] [ZAP Daemon] 31028 [ZAP-daemon] INFO  org.zaproxy.addon.pscan.internal.ScanRuleManager - Loaded passive scan rule: PII Disclosure
[2026-03-17 12:08:32] [ZAP] [ZAP Daemon] 31028 [ZAP-daemon] INFO  org.zaproxy.addon.pscan.internal.ScanRuleManager - Loaded passive scan rule: Script Served From Malicious Domain (polyfill)
[2026-03-17 12:08:32] [ZAP] [ZAP Daemon] 31028 [ZAP-daemon] INFO  org.zaproxy.addon.pscan.internal.ScanRuleManager - Loaded passive scan rule: Retrieved from Cache
[2026-03-17 12:08:32] [ZAP] [ZAP Daemon] 31028 [ZAP-daemon] INFO  org.zaproxy.addon.pscan.internal.ScanRuleManager - Loaded passive scan rule: HTTP Server Response Header
[2026-03-17 12:08:32] [ZAP] [ZAP Daemon] 31029 [ZAP-daemon] INFO  org.zaproxy.addon.pscan.internal.ScanRuleManager - Loaded passive scan rule: Strict-Transport-Security Header
[2026-03-17 12:08:32] [ZAP] [ZAP Daemon] 31029 [ZAP-daemon] INFO  org.zaproxy.addon.pscan.internal.ScanRuleManager - Loaded passive scan rule: Sub Resource Integrity Attribute Missing
[2026-03-17 12:08:32] [ZAP] [ZAP Daemon] 31030 [ZAP-daemon] INFO  org.zaproxy.addon.pscan.internal.ScanRuleManager - Loaded passive scan rule: Timestamp Disclosure
[2026-03-17 12:08:32] [ZAP] [ZAP Daemon] 31038 [ZAP-daemon] INFO  org.zaproxy.addon.pscan.internal.ScanRuleManager - Loaded passive scan rule: User Controllable Charset
[2026-03-17 12:08:32] [ZAP] [ZAP Daemon] 31038 [ZAP-daemon] INFO  org.zaproxy.addon.pscan.internal.ScanRuleManager - Loaded passive scan rule: Cookie Poisoning
[2026-03-17 12:08:32] [ZAP] [ZAP Daemon] 31039 [ZAP-daemon] INFO  org.zaproxy.addon.pscan.internal.ScanRuleManager - Loaded passive scan rule: User Controllable HTML Element Attribute (Potential XSS)
[2026-03-17 12:08:32] [ZAP] [ZAP Daemon] 31039 [ZAP-daemon] INFO  org.zaproxy.addon.pscan.internal.ScanRuleManager - Loaded passive scan rule: User Controllable JavaScript Event (XSS)
[2026-03-17 12:08:32] [ZAP] [ZAP Daemon] 31040 [ZAP-daemon] INFO  org.zaproxy.addon.pscan.internal.ScanRuleManager - Loaded passive scan rule: Off-site Redirect
[2026-03-17 12:08:32] [ZAP] [ZAP Daemon] 31040 [ZAP-daemon] INFO  org.zaproxy.addon.pscan.internal.ScanRuleManager - Loaded passive scan rule: Username Hash Found
[2026-03-17 12:08:32] [ZAP] [ZAP Daemon] 31040 [ZAP-daemon] INFO  org.zaproxy.addon.pscan.internal.ScanRuleManager - Loaded passive scan rule: Viewstate
[2026-03-17 12:08:32] [ZAP] [ZAP Daemon] 31041 [ZAP-daemon] INFO  org.zaproxy.addon.pscan.internal.ScanRuleManager - Loaded passive scan rule: X-AspNet-Version Response Header
[2026-03-17 12:08:32] [ZAP] [ZAP Daemon] 31041 [ZAP-daemon] INFO  org.zaproxy.addon.pscan.internal.ScanRuleManager - Loaded passive scan rule: X-Backend-Server Header Information Leak
[2026-03-17 12:08:32] [ZAP] [ZAP Daemon] 31041 [ZAP-daemon] INFO  org.zaproxy.addon.pscan.internal.ScanRuleManager - Loaded passive scan rule: X-ChromeLogger-Data (XCOLD) Header Information Leak
[2026-03-17 12:08:32] [ZAP] [ZAP Daemon] 31041 [ZAP-daemon] INFO  org.zaproxy.addon.pscan.internal.ScanRuleManager - Loaded passive scan rule: X-Content-Type-Options Header Missing
[2026-03-17 12:08:32] [ZAP] [ZAP Daemon] 31042 [ZAP-daemon] INFO  org.zaproxy.addon.pscan.internal.ScanRuleManager - Loaded passive scan rule: X-Debug-Token Information Leak
[2026-03-17 12:08:32] [ZAP] [ZAP Daemon] 31042 [ZAP-daemon] INFO  org.zaproxy.addon.pscan.internal.ScanRuleManager - Loaded passive scan rule: Server Leaks Information via "X-Powered-By" HTTP Response Header Field(s)
[2026-03-17 12:08:32] [ZAP] [ZAP Daemon] 31042 [ZAP-daemon] INFO  org.zaproxy.addon.pscan.internal.ScanRuleManager - Loaded passive scan rule: ZAP is Out of Date
[2026-03-17 12:08:32] [ZAP] [ZAP Daemon] 31049 [ZAP-daemon] INFO  org.zaproxy.addon.pscan.internal.ScanRuleManager - Loaded passive scan rule: Vulnerable JS Library (Powered by Retire.js)
[2026-03-17 12:08:32] [ZAP] [ZAP Daemon] 31054 [ZAP-daemon] INFO  org.zaproxy.addon.pscan.internal.ScanRuleManager - Loaded passive scan rule: Script Passive Scan Rules
[2026-03-17 12:08:32] [ZAP] [ZAP Daemon] 31056 [ZAP-daemon] INFO  org.zaproxy.addon.pscan.internal.ScanRuleManager - Loaded passive scan rule: WSDL File Detection
[2026-03-17 12:08:32] [ZAP] [ZAP Daemon] 31059 [ZAP-daemon] INFO  org.zaproxy.addon.pscan.internal.ScanRuleManager - Loaded passive scan rule: Stats Passive Scan Rule
[2026-03-17 12:08:32] [ZAP] [ZAP Daemon] 31059 [ZAP-daemon] INFO  org.zaproxy.zap.extension.quickstart.ExtensionQuickStart - Shh! No check-for-news - silent mode enabled
[2026-03-17 12:08:32] [ZAP] [ZAP Daemon] 31059 [ZAP-daemon] INFO  org.zaproxy.addon.network.ExtensionNetwork - Creating new root CA certificate.
[2026-03-17 12:08:33] [ZAP] [ZAP Daemon] 32403 [ZAP-daemon] INFO  org.zaproxy.addon.network.ExtensionNetwork - New root CA certificate created.
[2026-03-17 12:08:33] [ZAP] [ZAP Daemon] 32431 [ZAP-daemon] INFO  org.zaproxy.zap.extension.autoupdate.ExtensionAutoUpdate - Shh! No check-for-update - silent mode enabled
[2026-03-17 12:08:33] [ZAP] [ZAP Daemon] 32432 [ZAP-daemon] INFO  org.zaproxy.addon.callhome.ExtensionCallHome - Shh! Silent mode or telemetry turned off
[2026-03-17 12:08:33] [ZAP] [ZAP Daemon] 32452 [ZAP-daemon] INFO  org.zaproxy.addon.network.ExtensionNetwork - ZAP is now listening on localhost:62336
[2026-03-17 12:08:33] [ZAP] [+] ZAP API is active and loaded on port 62336.
[2026-03-17 12:08:33] [ZAP] [*] ZAP: Starting Spider...
[2026-03-17 12:08:33] [ZAP] [*] Seeding ZAP Sites tree with http://example.com...
[2026-03-17 12:08:34] [ZAP] [ZAP Daemon] 33367 [ZAP-SpiderInitThread-0] INFO  org.zaproxy.addon.spider.SpiderThread - Starting spidering scan on http://example.com at 2026-03-17T12:08:34.486+0530
[2026-03-17 12:08:34] [ZAP] [ZAP Daemon] 33371 [ZAP-SpiderInitThread-0] INFO  org.zaproxy.addon.spider.Spider - Spider initializing...
[2026-03-17 12:08:34] [ZAP] [ZAP Daemon] 33389 [ZAP-SpiderInitThread-0] INFO  org.zaproxy.addon.spider.Spider - Starting spider...
[2026-03-17 12:08:34] [ZAP] [PROGRESS] ZAP Spider: 0%
[2026-03-17 12:08:34] [ZAP] [ZAP Daemon] 33705 [ZAP-SpiderThreadPool-0-thread-3] INFO  org.zaproxy.addon.spider.Spider - Spidering process is complete. Shutting down...
[2026-03-17 12:08:34] [ZAP] [ZAP Daemon] 33708 [ZAP-SpiderShutdownThread-0] INFO  org.zaproxy.addon.spider.SpiderThread - Spider scanning complete: true on http://example.com at 2026-03-17T12:08:34.827+0530
[2026-03-17 12:08:36] [ZAP] [*] ZAP: Starting Active Scan...
[2026-03-17 12:08:36] [ZAP] [ZAP Daemon] 35553 [ZAP-IO-Server-1-1] INFO  org.parosproxy.paros.core.scanner.Scanner - scanner with ID 0 started
[2026-03-17 12:08:36] [ZAP] [PROGRESS] ZAP AScan: 0%
[2026-03-17 12:08:37] [ZAP] [ZAP Daemon] 36014 [ZAP-Scanner-0] INFO  org.parosproxy.paros.core.scanner.HostProcess - Scanning 3 node(s) from http://example.com
[2026-03-17 12:08:37] [ZAP] [ZAP Daemon] 36017 [ZAP-Scanner-0] INFO  org.parosproxy.paros.core.scanner.HostProcess - start host http://example.com | PathTraversalScanRule strength MEDIUM threshold MEDIUM
[2026-03-17 12:08:37] [ZAP] [ZAP Daemon] 36049 [ZAP-Scanner-0] INFO  org.parosproxy.paros.core.scanner.HostProcess - start host http://example.com | RemoteFileIncludeScanRule strength MEDIUM threshold MEDIUM
[2026-03-17 12:08:37] [ZAP] [ZAP Daemon] 36061 [ZAP-Scanner-0] INFO  org.parosproxy.paros.core.scanner.HostProcess - start host http://example.com | SourceCodeDisclosureWebInfScanRule strength MEDIUM threshold MEDIUM
[2026-03-17 12:08:37] [ZAP] [ZAP Daemon] 36063 [ZAP-Scanner-0] INFO  org.parosproxy.paros.core.scanner.HostProcess - start host http://example.com | ShellShockScanRule strength MEDIUM threshold MEDIUM
[2026-03-17 12:08:37] [ZAP] [ZAP Daemon] 36486 [ZAP-Scanner-0] INFO  org.parosproxy.paros.core.scanner.HostProcess - start host http://example.com | HeartBleedActiveScanRule strength MEDIUM threshold MEDIUM
[2026-03-17 12:08:37] [ZAP] [ZAP Daemon] 36498 [ZAP-Scanner-0] INFO  org.parosproxy.paros.core.scanner.HostProcess - start host http://example.com | SourceCodeDisclosureCve20121823ScanRule strength MEDIUM threshold MEDIUM
[2026-03-17 12:08:37] [ZAP] [ZAP Daemon] 36570 [ZAP-Scanner-0] INFO  org.parosproxy.paros.core.scanner.HostProcess - start host http://example.com | RemoteCodeExecutionCve20121823ScanRule strength MEDIUM threshold MEDIUM
[2026-03-17 12:08:37] [ZAP] [ZAP Daemon] 36649 [ZAP-Scanner-0] INFO  org.parosproxy.paros.core.scanner.HostProcess - start host http://example.com | ExternalRedirectScanRule strength MEDIUM threshold MEDIUM
[2026-03-17 12:08:37] [ZAP] [ZAP Daemon] 36692 [ZAP-Scanner-0] INFO  org.parosproxy.paros.core.scanner.HostProcess - start host http://example.com | ServerSideIncludeScanRule strength MEDIUM threshold MEDIUM
[2026-03-17 12:08:37] [ZAP] [ZAP Daemon] 36725 [ZAP-Scanner-0] INFO  org.parosproxy.paros.core.scanner.HostProcess - start host http://example.com | CrossSiteScriptingScanRule strength MEDIUM threshold MEDIUM
[2026-03-17 12:08:37] [ZAP] [ZAP Daemon] 36766 [ZAP-Scanner-0] INFO  org.parosproxy.paros.core.scanner.HostProcess - start host http://example.com | PersistentXssPrimeScanRule strength MEDIUM threshold MEDIUM
[2026-03-17 12:08:37] [ZAP] [ZAP Daemon] 36803 [ZAP-Scanner-0] INFO  org.parosproxy.paros.core.scanner.HostProcess - start host http://example.com | PersistentXssSpiderScanRule strength MEDIUM threshold MEDIUM
[2026-03-17 12:08:37] [ZAP] [ZAP Daemon] 36845 [ZAP-Scanner-0] INFO  org.parosproxy.paros.core.scanner.HostProcess - start host http://example.com | PersistentXssScanRule strength MEDIUM threshold MEDIUM
[2026-03-17 12:08:37] [ZAP] [ZAP Daemon] 36858 [ZAP-Scanner-0] INFO  org.parosproxy.paros.core.scanner.HostProcess - start host http://example.com | SqlInjectionScanRule strength MEDIUM threshold MEDIUM
[2026-03-17 12:08:37] [ZAP] [ZAP Daemon] 36865 [ZAP-Scanner-0] INFO  org.parosproxy.paros.core.scanner.HostProcess - start host http://example.com | SqlInjectionMySqlTimingScanRule strength MEDIUM threshold MEDIUM
[2026-03-17 12:08:37] [ZAP] [ZAP Daemon] 36874 [ZAP-Scanner-0] INFO  org.parosproxy.paros.core.scanner.HostProcess - start host http://example.com | SqlInjectionHypersonicTimingScanRule strength MEDIUM threshold MEDIUM
[2026-03-17 12:08:38] [ZAP] [ZAP Daemon] 36879 [ZAP-Scanner-0] INFO  org.parosproxy.paros.core.scanner.HostProcess - start host http://example.com | SqlInjectionOracleTimingScanRule strength MEDIUM threshold MEDIUM
[2026-03-17 12:08:38] [ZAP] [ZAP Daemon] 36887 [ZAP-Scanner-0] INFO  org.parosproxy.paros.core.scanner.HostProcess - start host http://example.com | SqlInjectionPostgreSqlTimingScanRule strength MEDIUM threshold MEDIUM
[2026-03-17 12:08:38] [ZAP] [ZAP Daemon] 36892 [ZAP-Scanner-0] INFO  org.parosproxy.paros.core.scanner.HostProcess - start host http://example.com | SqlInjectionSqLiteTimingScanRule strength MEDIUM threshold MEDIUM
[2026-03-17 12:08:38] [ZAP] [ZAP Daemon] 36897 [ZAP-Scanner-0] INFO  org.parosproxy.paros.core.scanner.HostProcess - start host http://example.com | DomXssScanRule strength MEDIUM threshold MEDIUM
[2026-03-17 12:08:39] [ZAP] [ZAP Daemon] 37918 [ZAP-ActiveScanner-0] WARN  org.zaproxy.zap.extension.domxss.DomXssScanRule - Skipping scanner, failed to start browser: Could not start a new session. Response code 500. Message: Expected browser binary location, but unable to find binary in default location, no 'moz:firefoxOptions.binary' capability provided, and no binary flag set on the command line
[2026-03-17 12:08:39] [ZAP] [ZAP Daemon] Host info: host: 'DELL-INS7420', ip: '192.168.0.111'
[2026-03-17 12:08:39] [ZAP] [ZAP Daemon] Build info: version: '4.39.0', revision: '126f156aee'
[2026-03-17 12:08:39] [ZAP] [ZAP Daemon] System info: os.name: 'Windows 11', os.arch: 'amd64', os.version: '10.0', java.version: '24.0.2'
[2026-03-17 12:08:39] [ZAP] [ZAP Daemon] Driver info: org.openqa.selenium.firefox.FirefoxDriver
[2026-03-17 12:08:39] [ZAP] [ZAP Daemon] Command: [null, newSession {capabilities=[Capabilities {acceptInsecureCerts: true, browserName: firefox, moz:firefoxOptions: {args: [-headless], prefs: {browser.tabs.documentchannel: false, devtools.jsonview.enabled: false, dom.serviceWorkers.enabled: true, network.captive-portal-service.enabled: false, network.proxy.allow_hijacking_localhost: true, network.proxy.http: 127.0.0.1, network.proxy.http_port: 7920, network.proxy.no_proxies_on: , network.proxy.share_proxy_settings: true, network.proxy.ssl: 127.0.0.1, network.proxy.ssl_port: 7920, network.proxy.type: 1, remote.active-protocols: 1}}, unhandledPromptBehavior: ignore, webSocketUrl: true}]}]
[2026-03-17 12:08:39] [ZAP] [ZAP Daemon] 37918 [ZAP-ActiveScanner-1] WARN  org.zaproxy.zap.extension.domxss.DomXssScanRule - Skipping scanner, failed to start browser: Could not start a new session. Response code 500. Message: Expected browser binary location, but unable to find binary in default location, no 'moz:firefoxOptions.binary' capability provided, and no binary flag set on the command line
[2026-03-17 12:08:39] [ZAP] [ZAP Daemon] Host info: host: 'DELL-INS7420', ip: '192.168.0.111'
[2026-03-17 12:08:39] [ZAP] [ZAP Daemon] Build info: version: '4.39.0', revision: '126f156aee'
[2026-03-17 12:08:39] [ZAP] [ZAP Daemon] System info: os.name: 'Windows 11', os.arch: 'amd64', os.version: '10.0', java.version: '24.0.2'
[2026-03-17 12:08:39] [ZAP] [ZAP Daemon] Driver info: org.openqa.selenium.firefox.FirefoxDriver
[2026-03-17 12:08:39] [ZAP] [ZAP Daemon] Command: [null, newSession {capabilities=[Capabilities {acceptInsecureCerts: true, browserName: firefox, moz:firefoxOptions: {args: [-headless], prefs: {browser.tabs.documentchannel: false, devtools.jsonview.enabled: false, dom.serviceWorkers.enabled: true, network.captive-portal-service.enabled: false, network.proxy.allow_hijacking_localhost: true, network.proxy.http: 127.0.0.1, network.proxy.http_port: 7920, network.proxy.no_proxies_on: , network.proxy.share_proxy_settings: true, network.proxy.ssl: 127.0.0.1, network.proxy.ssl_port: 7920, network.proxy.type: 1, remote.active-protocols: 1}}, unhandledPromptBehavior: ignore, webSocketUrl: true}]}]
[2026-03-17 12:08:39] [ZAP] [ZAP Daemon] 37918 [ZAP-ActiveScanner-2] WARN  org.zaproxy.zap.extension.domxss.DomXssScanRule - Skipping scanner, failed to start browser: Could not start a new session. Response code 500. Message: Expected browser binary location, but unable to find binary in default location, no 'moz:firefoxOptions.binary' capability provided, and no binary flag set on the command line
[2026-03-17 12:08:39] [ZAP] [ZAP Daemon] Host info: host: 'DELL-INS7420', ip: '192.168.0.111'
[2026-03-17 12:08:39] [ZAP] [ZAP Daemon] Build info: version: '4.39.0', revision: '126f156aee'
[2026-03-17 12:08:39] [ZAP] [ZAP Daemon] System info: os.name: 'Windows 11', os.arch: 'amd64', os.version: '10.0', java.version: '24.0.2'
[2026-03-17 12:08:39] [ZAP] [ZAP Daemon] Driver info: org.openqa.selenium.firefox.FirefoxDriver
[2026-03-17 12:08:39] [ZAP] [ZAP Daemon] Command: [null, newSession {capabilities=[Capabilities {acceptInsecureCerts: true, browserName: firefox, moz:firefoxOptions: {args: [-headless], prefs: {browser.tabs.documentchannel: false, devtools.jsonview.enabled: false, dom.serviceWorkers.enabled: true, network.captive-portal-service.enabled: false, network.proxy.allow_hijacking_localhost: true, network.proxy.http: 127.0.0.1, network.proxy.http_port: 7920, network.proxy.no_proxies_on: , network.proxy.share_proxy_settings: true, network.proxy.ssl: 127.0.0.1, network.proxy.ssl_port: 7920, network.proxy.type: 1, remote.active-protocols: 1}}, unhandledPromptBehavior: ignore, webSocketUrl: true}]}]
[2026-03-17 12:08:39] [ZAP] [ZAP Daemon] 37920 [ZAP-Scanner-0] INFO  org.parosproxy.paros.core.scanner.HostProcess - start host http://example.com | SqlInjectionMsSqlTimingScanRule strength MEDIUM threshold MEDIUM
[2026-03-17 12:08:39] [ZAP] [ZAP Daemon] 37931 [ZAP-Scanner-0] INFO  org.parosproxy.paros.core.scanner.HostProcess - start host http://example.com | Log4ShellScanRule strength MEDIUM threshold MEDIUM
[2026-03-17 12:08:39] [ZAP] [ZAP Daemon] 37935 [ZAP-Scanner-0] INFO  org.parosproxy.paros.core.scanner.HostProcess - start host http://example.com | Spring4ShellScanRule strength MEDIUM threshold MEDIUM
[2026-03-17 12:08:39] [ZAP] [ZAP Daemon] 38416 [ZAP-Scanner-0] INFO  org.parosproxy.paros.core.scanner.HostProcess - start host http://example.com | React2ShellScanRule strength MEDIUM threshold MEDIUM
[2026-03-17 12:08:39] [ZAP] [ZAP Daemon] 38418 [ZAP-Scanner-0] INFO  org.parosproxy.paros.core.scanner.HostProcess - start host http://example.com | CodeInjectionScanRule strength MEDIUM threshold MEDIUM
[2026-03-17 12:08:39] [ZAP] [ZAP Daemon] 38444 [ZAP-Scanner-0] INFO  org.parosproxy.paros.core.scanner.HostProcess - start host http://example.com | CommandInjectionScanRule strength MEDIUM threshold MEDIUM
[2026-03-17 12:08:39] [ZAP] [ZAP Daemon] 38455 [ZAP-Scanner-0] INFO  org.parosproxy.paros.core.scanner.HostProcess - start host http://example.com | XpathInjectionScanRule strength MEDIUM threshold MEDIUM
[2026-03-17 12:08:39] [ZAP] [ZAP Daemon] 38462 [ZAP-Scanner-0] INFO  org.parosproxy.paros.core.scanner.HostProcess - start host http://example.com | XxeScanRule strength MEDIUM threshold MEDIUM
[2026-03-17 12:08:39] [ZAP] [ZAP Daemon] 38468 [ZAP-Scanner-0] INFO  org.parosproxy.paros.core.scanner.HostProcess - start host http://example.com | PaddingOracleScanRule strength MEDIUM threshold MEDIUM
[2026-03-17 12:08:39] [ZAP] [ZAP Daemon] 38474 [ZAP-Scanner-0] INFO  org.parosproxy.paros.core.scanner.HostProcess - start host http://example.com | CloudMetadataScanRule strength MEDIUM threshold MEDIUM
[2026-03-17 12:08:39] [ZAP] [ZAP Daemon] 38475 [ZAP-Scanner-0] INFO  org.parosproxy.paros.core.scanner.HostProcess - start host http://example.com | SstiScanRule strength MEDIUM threshold MEDIUM
[2026-03-17 12:08:39] [ZAP] [ZAP Daemon] 38748 [ZAP-Scanner-0] INFO  org.parosproxy.paros.core.scanner.HostProcess - start host http://example.com | SstiBlindScanRule strength MEDIUM threshold MEDIUM
[2026-03-17 12:08:39] [ZAP] [ZAP Daemon] 38761 [ZAP-Scanner-0] INFO  org.parosproxy.paros.core.scanner.HostProcess - start host http://example.com | CommandInjectionTimingScanRule strength MEDIUM threshold MEDIUM
[2026-03-17 12:08:39] [ZAP] [ZAP Daemon] 38772 [ZAP-Scanner-0] INFO  org.parosproxy.paros.core.scanner.HostProcess - start host http://example.com | DirectoryBrowsingScanRule strength MEDIUM threshold MEDIUM
[2026-03-17 12:08:39] [ZAP] [ZAP Daemon] 38820 [ZAP-Scanner-0] INFO  org.parosproxy.paros.core.scanner.HostProcess - start host http://example.com | HttpOnlySiteScanRule strength MEDIUM threshold MEDIUM
[2026-03-17 12:08:39] [ZAP] [ZAP Daemon] 38823 [ZAP-Scanner-0] INFO  org.parosproxy.paros.core.scanner.HostProcess - start host http://example.com | BufferOverflowScanRule strength MEDIUM threshold MEDIUM
[2026-03-17 12:08:40] [ZAP] [ZAP Daemon] 39311 [ZAP-Scanner-0] INFO  org.parosproxy.paros.core.scanner.HostProcess - start host http://example.com | FormatStringScanRule strength MEDIUM threshold MEDIUM
[2026-03-17 12:08:40] [ZAP] [ZAP Daemon] 39318 [ZAP-Scanner-0] INFO  org.parosproxy.paros.core.scanner.HostProcess - start host http://example.com | CrlfInjectionScanRule strength MEDIUM threshold MEDIUM
[2026-03-17 12:08:40] [ZAP] [ZAP Daemon] 39327 [ZAP-Scanner-0] INFO  org.parosproxy.paros.core.scanner.HostProcess - start host http://example.com | ParameterTamperScanRule strength MEDIUM threshold MEDIUM
[2026-03-17 12:08:40] [ZAP] [ZAP Daemon] 39335 [ZAP-Scanner-0] INFO  org.parosproxy.paros.core.scanner.HostProcess - start host http://example.com | ElmahScanRule strength MEDIUM threshold MEDIUM
[2026-03-17 12:08:40] [ZAP] [ZAP Daemon] 39340 [ZAP-Scanner-0] INFO  org.parosproxy.paros.core.scanner.HostProcess - start host http://example.com | TraceAxdScanRule strength MEDIUM threshold MEDIUM
[2026-03-17 12:08:40] [ZAP] [ZAP Daemon] 39375 [ZAP-Scanner-0] INFO  org.parosproxy.paros.core.scanner.HostProcess - start host http://example.com | HtAccessScanRule strength MEDIUM threshold MEDIUM
[2026-03-17 12:08:40] [ZAP] [ZAP Daemon] 39406 [ZAP-Scanner-0] INFO  org.parosproxy.paros.core.scanner.HostProcess - start host http://example.com | EnvFileScanRule strength MEDIUM threshold MEDIUM
[2026-03-17 12:08:40] [ZAP] [ZAP Daemon] 39437 [ZAP-Scanner-0] INFO  org.parosproxy.paros.core.scanner.HostProcess - start host http://example.com | HiddenFilesScanRule strength MEDIUM threshold MEDIUM
[2026-03-17 12:08:40] [ZAP] [ZAP Daemon] 39517 [ZAP-Scanner-0] INFO  org.parosproxy.paros.core.scanner.HostProcess - start host http://example.com | SpringActuatorScanRule strength MEDIUM threshold MEDIUM
[2026-03-17 12:08:40] [ZAP] [ZAP Daemon] 39519 [ZAP-Scanner-0] INFO  org.parosproxy.paros.core.scanner.HostProcess - start host http://example.com | ExponentialEntityExpansionScanRule strength MEDIUM threshold MEDIUM
[2026-03-17 12:08:41] [ZAP] [PROGRESS] ZAP AScan: 84%
[2026-03-17 12:08:42] [ZAP] [ZAP Daemon] 41770 [ZAP-Scanner-0] INFO  org.parosproxy.paros.core.scanner.HostProcess - start host http://example.com | XsltInjectionScanRule strength MEDIUM threshold MEDIUM
[2026-03-17 12:08:42] [ZAP] [ZAP Daemon] 41779 [ZAP-Scanner-0] INFO  org.parosproxy.paros.core.scanner.HostProcess - start host http://example.com | HttpsAsHttpScanRule strength MEDIUM threshold MEDIUM
[2026-03-17 12:08:42] [ZAP] [ZAP Daemon] 41787 [ZAP-Scanner-0] INFO  org.parosproxy.paros.core.scanner.HostProcess - start host http://example.com | GetForPostScanRule strength MEDIUM threshold MEDIUM
[2026-03-17 12:08:42] [ZAP] [ZAP Daemon] 41793 [ZAP-Scanner-0] INFO  org.parosproxy.paros.core.scanner.HostProcess - start host http://example.com | UserAgentScanRule strength MEDIUM threshold MEDIUM
[2026-03-17 12:08:43] [ZAP] [ZAP Daemon] 42117 [ZAP-Scanner-0] INFO  org.parosproxy.paros.core.scanner.HostProcess - start host http://example.com | ScriptsActiveScanner strength MEDIUM threshold MEDIUM
[2026-03-17 12:08:43] [ZAP] [ZAP Daemon] 42119 [ZAP-Scanner-0] INFO  org.parosproxy.paros.core.scanner.HostProcess - start host http://example.com | SOAPActionSpoofingActiveScanRule strength MEDIUM threshold MEDIUM
[2026-03-17 12:08:43] [ZAP] [ZAP Daemon] 42129 [ZAP-Scanner-0] INFO  org.parosproxy.paros.core.scanner.HostProcess - start host http://example.com | SOAPXMLInjectionActiveScanRule strength MEDIUM threshold MEDIUM
[2026-03-17 12:08:43] [ZAP] [ZAP Daemon] 42142 [ZAP-Scanner-0] INFO  org.parosproxy.paros.core.scanner.HostProcess - completed host http://example.com in 6.454s with 0 alert(s) raised.
[2026-03-17 12:08:43] [ZAP] [ZAP Daemon] 42143 [Thread-5] INFO  org.parosproxy.paros.core.scanner.Scanner - scanner with ID 0 completed in 6.589s
[2026-03-17 12:08:47] [INFO] [+] ZAP scan completed. Found 4 findings.
[2026-03-17 12:08:47] [EVENT] EVENT: scan_status | PAYLOAD: {"message": "Running Traffic Analysis Phase...", "phase": "traffic_analysis_phase"}
[2026-03-17 12:08:47] [INFO] [SETUP] Stopping background traffic capture for analysis...
[2026-03-17 12:08:50] [PHASE] [PHASE] TRAFFIC ANALYSIS - Post-Scan Forensics
[2026-03-17 12:08:50] [STAGE] [STAGE] Analyzing captured network traffic...
[2026-03-17 12:08:50] [INFO] [+] Traffic analysis completed.
[2026-03-17 12:08:50] [PHASE] [PHASE] REPORT GENERATION - Finalizing Audit
[2026-03-17 12:08:50] [EVENT] EVENT: scan_status | PAYLOAD: {"message": "Generating reports...", "phase": "Report Generation"}
[2026-03-17 12:08:50] [STAGE] [STAGE] Applying ML Threat Re-ranking (TCTR)...
[2026-03-17 12:08:50] [ZAP] [ZAP Daemon] 49790 [ZAP-Shutdown] INFO  org.zaproxy.zap.extension.api.CoreAPI - ZAP 2.17.0 terminated.
[2026-03-17 12:08:53] [INFO] Generating Comprehensive Reports for example.com...
[2026-03-17 12:08:58] [EVENT] EVENT: report_ready | PAYLOAD: {"pdf_url": "/killchain/download_pdf?target=example.com", "json_url": "/killchain/download_json?target=example.com", "target": "example.com"}
[2026-03-17 12:08:58] [EVENT] EVENT: scan_complete | PAYLOAD: {"message": "Audit completed successfully!"}
[2026-03-17 12:08:58] [SUCCESS] AUDIT COMPLETED.
[2026-03-17 12:08:59] [INFO] Scan context cleaned up.
[2026-03-17 12:08:59] [EVENT] EVENT: scan_finalized | PAYLOAD: {"message": "Cleanup complete."}
