[2026-03-17 14:36:14] Log cleared for new sql_scanner scan.
[14:36:14] [*] Starting QUICK SQL scan for http:[FILE_PATH] (User: Admin_1)...
[14:36:15] [*] Starting QUICK scan (Detection) on http:[FILE_PATH]
[14:36:15] [*] Executing SQLMap...
[14:36:17] [*] ___
[14:36:17] [*] __H__
[14:36:17] [*] ___ ___["]_____ ___ ___  {1.10.1.12#dev}
[14:36:18] [*] |_ -| . [.]     | .'| . |
[14:36:18] [*] |___|_  [']_|_|_|__,|  _|
[14:36:19] [*] |_|V...       |_|   https:[FILE_PATH]
[14:36:19] [!] legal disclaimer: Usage of sqlmap for attacking targets without prior mutual consent is illegal. It is the end user's responsibility to obey all applicable local, state and federal laws. Developers assume no liability and are not responsible for any misuse or damage caused by this program
[14:36:19] [*] starting @ 14:36:17 [FILE_PATH]
[14:36:19] [*] [14:36:17] [WARNING] using '[FILE_PATH] as the output directory
[14:36:20] [*] [14:36:17] [INFO] fetched random HTTP User-Agent header value 'Mozilla[FILE_PATH] (X11; Linux x86_64; rv:138.0) Gecko[FILE_PATH] Firefox[FILE_PATH]' from file '[FILE_PATH]
[14:36:20] [~] [14:36:17] [INFO] testing connection to the target URL
[14:36:20] [*] [14:36:19] [INFO] searching for forms
[14:36:20] [*] [1[FILE_PATH]] Form:
[14:36:21] [*] GET http:[FILE_PATH]?searchTerm=
[14:36:21] [*] do you want to test this form? [Y[FILE_PATH]]
[14:36:22] [*] > Y
[14:36:22] [*] Edit GET data [default: searchTerm=]: searchTerm=
[14:36:22] [*] do you want to fill blank fields with random values? [Y[FILE_PATH]] Y
[14:36:23] [*] [14:36:20] [INFO] using '[FILE_PATH] as the CSV results file in multiple targets mode
[14:36:23] [~] [14:36:21] [INFO] checking if the target is protected by some kind of WAF[FILE_PATH]
[14:36:23] [~] [14:36:21] [INFO] testing if the target URL content is stable
[14:36:23] [*] [14:36:22] [INFO] target URL content is stable
[14:36:24] [~] [14:36:22] [INFO] testing if GET parameter 'searchTerm' is dynamic
[14:36:25] [*] [14:36:22] [WARNING] GET parameter 'searchTerm' does not appear to be dynamic
[14:36:25] [*] [14:36:23] [WARNING] heuristic (basic) test shows that GET parameter 'searchTerm' might not be injectable
[14:36:25] [~] [14:36:23] [INFO] testing for SQL injection on GET parameter 'searchTerm'
[14:36:25] [~] [14:36:23] [INFO] testing 'AND boolean-based blind - WHERE or HAVING clause'
[14:36:26] [*] [14:36:24] [WARNING] reflective value(s) found and filtering out
[14:36:28] [~] [14:36:28] [INFO] testing 'Boolean-based blind - Parameter replace (original value)'
[14:36:29] [~] [14:36:29] [INFO] testing 'MySQL >= 5.1 AND error-based - WHERE, HAVING, ORDER BY or GROUP BY clause (EXTRACTVALUE)'
[14:36:31] [~] [14:36:31] [INFO] testing 'PostgreSQL AND error-based - WHERE or HAVING clause'
[14:36:33] [~] [14:36:33] [INFO] testing 'Microsoft SQL Server[FILE_PATH] AND error-based - WHERE or HAVING clause (IN)'
[14:36:35] [~] [14:36:35] [INFO] testing 'Oracle AND error-based - WHERE or HAVING clause (XMLType)'
[14:36:37] [~] [14:36:37] [INFO] testing 'Generic inline queries'
[14:36:38] [~] [14:36:38] [INFO] testing 'PostgreSQL > 8.1 stacked queries (comment)'
[14:36:40] [~] [14:36:39] [INFO] testing 'Microsoft SQL Server[FILE_PATH] stacked queries (comment)'
[14:36:42] [~] [14:36:42] [INFO] testing 'Oracle stacked queries (DBMS_PIPE.RECEIVE_MESSAGE - comment)'
[14:36:42] [+] PDF report generated and updated in user dashboard
[14:36:42] [*] SYSTEM_EVENT: READY_FOR_ANALYSIS:http://testphp.vulnweb.com/listproducts.php?cat=1
[14:36:44] [~] [14:36:44] [INFO] testing 'MySQL >= 5.0.12 AND time-based blind (query SLEEP)'
[14:36:48] [~] [14:36:48] [INFO] testing 'PostgreSQL > 8.1 AND time-based blind'
[14:36:51] [~] [14:36:51] [INFO] testing 'Microsoft SQL Server[FILE_PATH] time-based blind (IF)'
[14:36:54] [~] [14:36:54] [INFO] testing 'Oracle AND time-based blind'
[14:37:00] [*] it is recommended to perform only basic UNION tests if there is not at least one other (potential) technique found. Do you want to reduce the number of requests? [Y[FILE_PATH]] Y
[14:37:00] [~] [14:37:00] [INFO] testing 'Generic UNION query (NULL) - 1 to 10 columns'
[14:37:05] [*] [14:37:05] [WARNING] GET parameter 'searchTerm' does not seem to be injectable
[14:37:05] [*] [14:37:05] [ERROR] all tested parameters do not appear to be injectable. Try to increase values for '--level'/'--risk' options if you wish to perform more tests. If you suspect that there is some kind of protection mechanism involved (e.g. WAF) maybe you could try to use option '--tamper' (e.g. '--tamper=space2comment'), skipping to the next target
[14:37:05] [*] [14:37:05] [INFO] you can find results of scanning in multiple targets mode inside the CSV file '[FILE_PATH]
[14:37:05] [+] Scan finished. Processing results...
[14:37:05] [*] Found SQLMap results directory: zero.webappsecurity.com
[14:37:05] [*] Parsing log file: [FILE_PATH]
[14:37:05] [!] Log file is empty. No vulnerabilities were confirmed by SQLMap.
[14:37:05] [+] SQL JSON report saved to [FILE_PATH]
[14:37:05] [*] EVENT: scan_complete | PAYLOAD: {"status": "success", "target": "http://zero.webappsecurity.com", "report_file": "D:\\NetShield\\NetShieldAI\\results\\Admin_1\\sql_scanner\\sql_zero_webappsecurity_com_20260317_143705.json", "vulnerability_count": 0}
[14:37:05] [+] SQL scan complete. Generating PDF report for http:[FILE_PATH]
[14:37:36] [+] PDF report generated and updated in user dashboard
[14:37:36] [*] SYSTEM_EVENT: READY_FOR_ANALYSIS:http://zero.webappsecurity.com
