[14:01:01] [INFO] Starting QUICK SQL scan for http://testphp.vulnweb.com/listproducts.php?cat=1 (User: Admin_1)...
[14:01:01] [INFO] Starting QUICK scan (Detection) on http://testphp.vulnweb.com/listproducts.php?cat=1
[14:01:01] [INFO] Executing SQLMap...
[14:01:10] [INFO] ___
[14:01:10] [INFO] __H__
[14:01:10] [INFO] ___ ___[.]_____ ___ ___  {1.10.1.12#dev}
[14:01:10] [INFO] |_ -| . [(]     | .'| . |
[14:01:10] [INFO] |___|_  [,]_|_|_|__,|  _|
[14:01:10] [INFO] |_|V...       |_|   https://sqlmap.org
[14:01:10] [ERROR] legal disclaimer: Usage of sqlmap for attacking targets without prior mutual consent is illegal. It is the end user's responsibility to obey all applicable local, state and federal laws. Developers assume no liability and are not responsible for any misuse or damage caused by this program
[14:01:10] [INFO] starting @ 14:01:10 /2026-03-17/
[14:01:10] [INFO] [14:01:10] [WARNING] using 'C:\Users\Divy\AppData\Local\Temp\NetShieldAI\sqlmap\Admin_1' as the output directory
[14:01:10] [INFO] [14:01:10] [INFO] fetched random HTTP User-Agent header value 'Mozilla/5.0 (Macintosh; Intel Mac OS X 10_15_7) AppleWebKit/537.36 (KHTML, like Gecko) Chrome/121.0.0.0 Safari/537.36' from file 'D:\SQLmap_setup\data\txt\user-agents.txt'
[14:01:10] [STAGE] [14:01:10] [INFO] testing connection to the target URL
[14:01:31] [INFO] [14:01:31] [CRITICAL] unable to connect to the target URL. sqlmap is going to retry the request(s)
[14:01:31] [INFO] [14:01:31] [WARNING] if the problem persists please check that the provided target URL is reachable. In case that it is, you can try to rerun with proxy switches ('--proxy', '--proxy-file'...)
[14:02:35] [INFO] [14:02:35] [CRITICAL] unable to connect to the target URL
[14:02:36] [SUCCESS] Scan finished. Processing results...
[14:02:36] [ERROR] No SQLMap results directory found. The scan may not have found any vulnerabilities.
[14:02:36] [SUCCESS] SQL JSON report saved to D:\NetShield\NetShieldAI\results\Admin_1\sql_scanner\sql_testphp_vulnweb_com_listproducts_php_cat_1_20260317_140236.json
[14:02:36] [INFO] EVENT: scan_complete | PAYLOAD: {"status": "success", "target": "http://testphp.vulnweb.com/listproducts.php?cat=1", "report_file": "D:\\NetShield\\NetShieldAI\\results\\Admin_1\\sql_scanner\\sql_testphp_vulnweb_com_listproducts_php_cat_1_20260317_140236.json", "vulnerability_count": 0}
[14:02:36] [SUCCESS] SQL scan complete. Generating PDF report for http://testphp.vulnweb.com/listproducts.php?cat=1...
[14:03:08] [SUCCESS] PDF report generated and updated in user dashboard
[14:03:08] [INFO] SYSTEM_EVENT: READY_FOR_ANALYSIS:http://testphp.vulnweb.com/listproducts.php?cat=1
[14:05:56] [INFO] Starting QUICK SQL scan for http://demo.owasp-juiceshop.os0.org (User: Admin_1)...
[14:05:56] [INFO] Starting QUICK scan (Detection) on http://demo.owasp-juiceshop.os0.org
[14:05:56] [INFO] Executing SQLMap...
[14:05:58] [INFO] ___
[14:05:58] [INFO] __H__
[14:05:58] [INFO] ___ ___[)]_____ ___ ___  {1.10.1.12#dev}
[14:05:58] [INFO] |_ -| . [(]     | .'| . |
[14:05:58] [INFO] |___|_  [)]_|_|_|__,|  _|
[14:05:58] [INFO] |_|V...       |_|   https://sqlmap.org
[14:05:58] [ERROR] legal disclaimer: Usage of sqlmap for attacking targets without prior mutual consent is illegal. It is the end user's responsibility to obey all applicable local, state and federal laws. Developers assume no liability and are not responsible for any misuse or damage caused by this program
[14:05:58] [INFO] starting @ 14:05:58 /2026-03-17/
[14:05:58] [INFO] [14:05:58] [WARNING] using 'C:\Users\Divy\AppData\Local\Temp\NetShieldAI\sqlmap\Admin_1' as the output directory
[14:05:58] [INFO] [14:05:58] [INFO] fetched random HTTP User-Agent header value 'Mozilla/5.0 (Macintosh; Intel Mac OS X 10_15_6) AppleWebKit/605.1.15 (KHTML, like Gecko) Version/14.1.1 Safari/605.1.15' from file 'D:\SQLmap_setup\data\txt\user-agents.txt'
[14:05:58] [INFO] [14:05:58] [CRITICAL] host 'demo.owasp-juiceshop.os0.org' does not exist
[14:05:58] [SUCCESS] Scan finished. Processing results...
[14:05:58] [ERROR] No SQLMap results directory found. The scan may not have found any vulnerabilities.
[14:05:58] [SUCCESS] SQL JSON report saved to D:\NetShield\NetShieldAI\results\Admin_1\sql_scanner\sql_demo_owasp-juiceshop_os0_org_20260317_140558.json
[14:05:58] [INFO] EVENT: scan_complete | PAYLOAD: {"status": "success", "target": "http://demo.owasp-juiceshop.os0.org", "report_file": "D:\\NetShield\\NetShieldAI\\results\\Admin_1\\sql_scanner\\sql_demo_owasp-juiceshop_os0_org_20260317_140558.json", "vulnerability_count": 0}
[14:05:58] [SUCCESS] SQL scan complete. Generating PDF report for http://demo.owasp-juiceshop.os0.org...
[14:06:14] [INFO] Starting QUICK SQL scan for http://demo.owasp-juiceshop.os0.org (User: Admin_1)...
[14:06:14] [INFO] Starting QUICK scan (Detection) on http://demo.owasp-juiceshop.os0.org
[14:06:14] [INFO] Executing SQLMap...
[14:06:16] [INFO] ___
[14:06:16] [INFO] __H__
[14:06:17] [INFO] ___ ___[)]_____ ___ ___  {1.10.1.12#dev}
[14:06:17] [INFO] |_ -| . ["]     | .'| . |
[14:06:17] [INFO] |___|_  [']_|_|_|__,|  _|
[14:06:18] [INFO] |_|V...       |_|   https://sqlmap.org
[14:06:18] [ERROR] legal disclaimer: Usage of sqlmap for attacking targets without prior mutual consent is illegal. It is the end user's responsibility to obey all applicable local, state and federal laws. Developers assume no liability and are not responsible for any misuse or damage caused by this program
[14:06:18] [INFO] starting @ 14:06:16 /2026-03-17/
[14:06:19] [INFO] [14:06:16] [WARNING] using 'C:\Users\Divy\AppData\Local\Temp\NetShieldAI\sqlmap\Admin_1' as the output directory
[14:06:19] [INFO] [14:06:16] [INFO] fetched random HTTP User-Agent header value 'Mozilla/5.0 (X11; Linux x86_64) AppleWebKit/537.36 (KHTML, like Gecko) Chrome/137.0.0.0 Safari/537.36' from file 'D:\SQLmap_setup\data\txt\user-agents.txt'
[14:06:19] [INFO] [14:06:18] [CRITICAL] host 'demo.owasp-juiceshop.os0.org' does not exist
[14:06:20] [SUCCESS] Scan finished. Processing results...
[14:06:20] [ERROR] No SQLMap results directory found. The scan may not have found any vulnerabilities.
[14:06:21] [SUCCESS] SQL JSON report saved to D:\NetShield\NetShieldAI\results\Admin_1\sql_scanner\sql_demo_owasp-juiceshop_os0_org_20260317_140621.json
[14:06:22] [INFO] EVENT: scan_complete | PAYLOAD: {"status": "success", "target": "http://demo.owasp-juiceshop.os0.org", "report_file": "D:\\NetShield\\NetShieldAI\\results\\Admin_1\\sql_scanner\\sql_demo_owasp-juiceshop_os0_org_20260317_140621.json", "vulnerability_count": 0}
[14:06:22] [SUCCESS] SQL scan complete. Generating PDF report for http://demo.owasp-juiceshop.os0.org...
[14:06:35] [SUCCESS] PDF report generated and updated in user dashboard
[14:06:35] [INFO] SYSTEM_EVENT: READY_FOR_ANALYSIS:http://demo.owasp-juiceshop.os0.org
[14:07:06] [SUCCESS] PDF report generated and updated in user dashboard
[14:07:06] [INFO] SYSTEM_EVENT: READY_FOR_ANALYSIS:http://demo.owasp-juiceshop.os0.org
[14:09:02] [INFO] Starting QUICK SQL scan for https://vampi-demo.herokuapp.com/ (User: Admin_1)...
[14:09:02] [INFO] Starting QUICK scan (Detection) on https://vampi-demo.herokuapp.com/
[14:09:02] [INFO] Executing SQLMap...
[14:09:03] [INFO] ___
[14:09:03] [INFO] __H__
[14:09:03] [INFO] ___ ___[']_____ ___ ___  {1.10.1.12#dev}
[14:09:03] [INFO] |_ -| . [']     | .'| . |
[14:09:03] [INFO] |___|_  [(]_|_|_|__,|  _|
[14:09:03] [INFO] |_|V...       |_|   https://sqlmap.org
[14:09:03] [ERROR] legal disclaimer: Usage of sqlmap for attacking targets without prior mutual consent is illegal. It is the end user's responsibility to obey all applicable local, state and federal laws. Developers assume no liability and are not responsible for any misuse or damage caused by this program
[14:09:03] [INFO] starting @ 14:09:03 /2026-03-17/
[14:09:03] [INFO] [14:09:03] [WARNING] using 'C:\Users\Divy\AppData\Local\Temp\NetShieldAI\sqlmap\Admin_1' as the output directory
[14:09:03] [INFO] [14:09:03] [INFO] fetched random HTTP User-Agent header value 'Mozilla/5.0 (Macintosh; Intel Mac OS X 10_15_7) AppleWebKit/537.36 (KHTML, like Gecko) Chrome/138.0.0.0 Safari/537.36 Edg/138.0.0.0' from file 'D:\SQLmap_setup\data\txt\user-agents.txt'
[14:09:03] [STAGE] [14:09:03] [INFO] testing connection to the target URL
[14:09:04] [INFO] [14:09:04] [CRITICAL] page not found (404)
[14:09:11] [SUCCESS] Scan finished. Processing results...
[14:09:11] [ERROR] No SQLMap results directory found. The scan may not have found any vulnerabilities.
[14:09:11] [SUCCESS] SQL JSON report saved to D:\NetShield\NetShieldAI\results\Admin_1\sql_scanner\sql_vampi-demo_herokuapp_com_20260317_140911.json
[14:09:11] [INFO] EVENT: scan_complete | PAYLOAD: {"status": "success", "target": "https://vampi-demo.herokuapp.com/", "report_file": "D:\\NetShield\\NetShieldAI\\results\\Admin_1\\sql_scanner\\sql_vampi-demo_herokuapp_com_20260317_140911.json", "vulnerability_count": 0}
[14:09:11] [SUCCESS] SQL scan complete. Generating PDF report for https://vampi-demo.herokuapp.com/...
[14:09:35] [INFO] Starting QUICK SQL scan for http://demo.testfire.net/api/login (User: Admin_1)...
[14:09:35] [INFO] Starting QUICK scan (Detection) on http://demo.testfire.net/api/login
[14:09:35] [INFO] Executing SQLMap...
[14:09:37] [INFO] ___
[14:09:37] [INFO] __H__
[14:09:37] [INFO] ___ ___[,]_____ ___ ___  {1.10.1.12#dev}
[14:09:38] [INFO] |_ -| . [,]     | .'| . |
[14:09:38] [INFO] |___|_  [)]_|_|_|__,|  _|
[14:09:38] [INFO] |_|V...       |_|   https://sqlmap.org
[14:09:38] [ERROR] legal disclaimer: Usage of sqlmap for attacking targets without prior mutual consent is illegal. It is the end user's responsibility to obey all applicable local, state and federal laws. Developers assume no liability and are not responsible for any misuse or damage caused by this program
[14:09:39] [INFO] starting @ 14:09:37 /2026-03-17/
[14:09:40] [INFO] [14:09:37] [WARNING] using 'C:\Users\Divy\AppData\Local\Temp\NetShieldAI\sqlmap\Admin_1' as the output directory
[14:09:40] [INFO] [14:09:37] [INFO] fetched random HTTP User-Agent header value 'Mozilla/5.0 (Windows NT 10.0; Win64; x64) AppleWebKit/537.36 (KHTML, like Gecko) Chrome/121.0.0.0 Safari/537.36 Edg/121.0.0.0' from file 'D:\SQLmap_setup\data\txt\user-agents.txt'
[14:09:41] [STAGE] [14:09:37] [INFO] testing connection to the target URL
[14:09:41] [INFO] [14:09:38] [CRITICAL] not authorized, try to provide right HTTP authentication type and valid credentials (401). If this is intended, try to rerun by providing a valid value for option '--ignore-code'
[14:09:41] [SUCCESS] Scan finished. Processing results...
[14:09:42] [ERROR] No SQLMap results directory found. The scan may not have found any vulnerabilities.
[14:09:42] [SUCCESS] SQL JSON report saved to D:\NetShield\NetShieldAI\results\Admin_1\sql_scanner\sql_demo_testfire_net_api_login_20260317_140942.json
[14:09:43] [INFO] EVENT: scan_complete | PAYLOAD: {"status": "success", "target": "http://demo.testfire.net/api/login", "report_file": "D:\\NetShield\\NetShieldAI\\results\\Admin_1\\sql_scanner\\sql_demo_testfire_net_api_login_20260317_140942.json", "vulnerability_count": 0}
[14:09:43] [SUCCESS] SQL scan complete. Generating PDF report for http://demo.testfire.net/api/login...
[14:09:45] [SUCCESS] PDF report generated and updated in user dashboard
[14:09:45] [INFO] SYSTEM_EVENT: READY_FOR_ANALYSIS:https://vampi-demo.herokuapp.com/
[14:10:17] [SUCCESS] PDF report generated and updated in user dashboard
[14:10:17] [INFO] SYSTEM_EVENT: READY_FOR_ANALYSIS:http://demo.testfire.net/api/login
[14:31:30] [INFO] Starting QUICK SQL scan for http://demo.testfire.net/api/login (User: Admin_1)...
[14:31:30] [INFO] Starting QUICK scan (Detection) on http://demo.testfire.net/api/login
[14:31:30] [INFO] Executing SQLMap...
[14:31:32] [INFO] ___
[14:31:32] [INFO] __H__
[14:31:32] [INFO] ___ ___[.]_____ ___ ___  {1.10.1.12#dev}
[14:31:32] [INFO] |_ -| . [']     | .'| . |
[14:31:32] [INFO] |___|_  [)]_|_|_|__,|  _|
[14:31:32] [INFO] |_|V...       |_|   https://sqlmap.org
[14:31:32] [ERROR] legal disclaimer: Usage of sqlmap for attacking targets without prior mutual consent is illegal. It is the end user's responsibility to obey all applicable local, state and federal laws. Developers assume no liability and are not responsible for any misuse or damage caused by this program
[14:31:32] [INFO] starting @ 14:31:32 /2026-03-17/
[14:31:32] [INFO] [14:31:32] [WARNING] using 'C:\Users\Divy\AppData\Local\Temp\NetShieldAI\sqlmap\Admin_1' as the output directory
[14:31:32] [INFO] [14:31:32] [INFO] fetched random HTTP User-Agent header value 'Mozilla/5.0 (X11; Linux x86_64) AppleWebKit/537.36 (KHTML, like Gecko) Chrome/114.0.0.0 Safari/537.36' from file 'D:\SQLmap_setup\data\txt\user-agents.txt'
[14:31:32] [STAGE] [14:31:32] [INFO] testing connection to the target URL
[14:31:32] [INFO] [14:31:32] [CRITICAL] not authorized, try to provide right HTTP authentication type and valid credentials (401). If this is intended, try to rerun by providing a valid value for option '--ignore-code'
[14:31:32] [SUCCESS] Scan finished. Processing results...
[14:31:32] [ERROR] No SQLMap results directory found. The scan may not have found any vulnerabilities.
[14:31:32] [SUCCESS] SQL JSON report saved to D:\NetShield\NetShieldAI\results\Admin_1\sql_scanner\sql_demo_testfire_net_api_login_20260317_143132.json
[14:31:32] [INFO] EVENT: scan_complete | PAYLOAD: {"status": "success", "target": "http://demo.testfire.net/api/login", "report_file": "D:\\NetShield\\NetShieldAI\\results\\Admin_1\\sql_scanner\\sql_demo_testfire_net_api_login_20260317_143132.json", "vulnerability_count": 0}
[14:31:32] [SUCCESS] SQL scan complete. Generating PDF report for http://demo.testfire.net/api/login...
[14:32:05] [SUCCESS] PDF report generated and updated in user dashboard
[14:32:05] [INFO] SYSTEM_EVENT: READY_FOR_ANALYSIS:http://demo.testfire.net/api/login
[14:32:21] [INFO] Starting QUICK SQL scan for https://vampi-demo.herokuapp.com/users/v1/login (User: Admin_1)...
[14:32:21] [INFO] Starting QUICK scan (Detection) on https://vampi-demo.herokuapp.com/users/v1/login
[14:32:21] [INFO] Executing SQLMap...
[14:32:23] [INFO] ___
[14:32:23] [INFO] __H__
[14:32:23] [INFO] ___ ___[(]_____ ___ ___  {1.10.1.12#dev}
[14:32:23] [INFO] |_ -| . [,]     | .'| . |
[14:32:23] [INFO] |___|_  [.]_|_|_|__,|  _|
[14:32:23] [INFO] |_|V...       |_|   https://sqlmap.org
[14:32:23] [ERROR] legal disclaimer: Usage of sqlmap for attacking targets without prior mutual consent is illegal. It is the end user's responsibility to obey all applicable local, state and federal laws. Developers assume no liability and are not responsible for any misuse or damage caused by this program
[14:32:23] [INFO] starting @ 14:32:23 /2026-03-17/
[14:32:23] [INFO] [14:32:23] [WARNING] using 'C:\Users\Divy\AppData\Local\Temp\NetShieldAI\sqlmap\Admin_1' as the output directory
[14:32:23] [INFO] [14:32:23] [INFO] fetched random HTTP User-Agent header value 'Mozilla/5.0 (X11; CrOS x86_64 14541.0.0) AppleWebKit/537.36 (KHTML, like Gecko) Chrome/132.0.0.0 Safari/537.36' from file 'D:\SQLmap_setup\data\txt\user-agents.txt'
[14:32:25] [STAGE] [14:32:25] [INFO] testing connection to the target URL
[14:32:25] [INFO] [14:32:25] [CRITICAL] page not found (404)
[14:32:26] [SUCCESS] Scan finished. Processing results...
[14:32:26] [ERROR] No SQLMap results directory found. The scan may not have found any vulnerabilities.
[14:32:26] [SUCCESS] SQL JSON report saved to D:\NetShield\NetShieldAI\results\Admin_1\sql_scanner\sql_vampi-demo_herokuapp_com_users_v1_login_20260317_143226.json
[14:32:26] [INFO] EVENT: scan_complete | PAYLOAD: {"status": "success", "target": "https://vampi-demo.herokuapp.com/users/v1/login", "report_file": "D:\\NetShield\\NetShieldAI\\results\\Admin_1\\sql_scanner\\sql_vampi-demo_herokuapp_com_users_v1_login_20260317_143226.json", "vulnerability_count": 0}
[14:32:26] [SUCCESS] SQL scan complete. Generating PDF report for https://vampi-demo.herokuapp.com/users/v1/login...
[14:32:59] [SUCCESS] PDF report generated and updated in user dashboard
[14:32:59] [INFO] SYSTEM_EVENT: READY_FOR_ANALYSIS:https://vampi-demo.herokuapp.com/users/v1/login
[14:34:41] [INFO] Starting QUICK SQL scan for http://testphp.vulnweb.com/listproducts.php?cat=1 (User: Admin_1)...
[14:34:41] [INFO] Starting QUICK scan (Detection) on http://testphp.vulnweb.com/listproducts.php?cat=1
[14:34:41] [INFO] Executing SQLMap...
[14:34:43] [INFO] ___
[14:34:43] [INFO] __H__
[14:34:43] [INFO] ___ ___["]_____ ___ ___  {1.10.1.12#dev}
[14:34:43] [INFO] |_ -| . [(]     | .'| . |
[14:34:43] [INFO] |___|_  [.]_|_|_|__,|  _|
[14:34:43] [INFO] |_|V...       |_|   https://sqlmap.org
[14:34:43] [ERROR] legal disclaimer: Usage of sqlmap for attacking targets without prior mutual consent is illegal. It is the end user's responsibility to obey all applicable local, state and federal laws. Developers assume no liability and are not responsible for any misuse or damage caused by this program
[14:34:43] [INFO] starting @ 14:34:43 /2026-03-17/
[14:34:43] [INFO] [14:34:43] [WARNING] using 'C:\Users\Divy\AppData\Local\Temp\NetShieldAI\sqlmap\Admin_1' as the output directory
[14:34:43] [INFO] [14:34:43] [INFO] fetched random HTTP User-Agent header value 'Mozilla/5.0 (Windows NT 10.0; Win64; x64; rv:122.0) Gecko/20100101 Firefox/122.0' from file 'D:\SQLmap_setup\data\txt\user-agents.txt'
[14:34:43] [STAGE] [14:34:43] [INFO] testing connection to the target URL
[14:35:04] [INFO] [14:35:04] [CRITICAL] unable to connect to the target URL. sqlmap is going to retry the request(s)
[14:35:04] [INFO] [14:35:04] [WARNING] if the problem persists please check that the provided target URL is reachable. In case that it is, you can try to rerun with proxy switches ('--proxy', '--proxy-file'...)
[14:36:07] [INFO] [14:36:07] [CRITICAL] unable to connect to the target URL
[14:36:08] [SUCCESS] Scan finished. Processing results...
[14:36:08] [ERROR] Error finding SQLMap output subdirectory: [WinError 3] The system cannot find the path specified: 'C:\\Users\\Divy\\AppData\\Local\\Temp\\NetShieldAI\\sqlmap\\Admin_1'
[14:36:08] [ERROR] No SQLMap results directory found. The scan may not have found any vulnerabilities.
[14:36:08] [SUCCESS] SQL JSON report saved to D:\NetShield\NetShieldAI\results\Admin_1\sql_scanner\sql_testphp_vulnweb_com_listproducts_php_cat_1_20260317_143608.json
[14:36:08] [INFO] EVENT: scan_complete | PAYLOAD: {"status": "success", "target": "http://testphp.vulnweb.com/listproducts.php?cat=1", "report_file": "D:\\NetShield\\NetShieldAI\\results\\Admin_1\\sql_scanner\\sql_testphp_vulnweb_com_listproducts_php_cat_1_20260317_143608.json", "vulnerability_count": 0}
[14:36:08] [SUCCESS] SQL scan complete. Generating PDF report for http://testphp.vulnweb.com/listproducts.php?cat=1...
[14:36:14] [INFO] Starting QUICK SQL scan for http://zero.webappsecurity.com (User: Admin_1)...
[14:36:15] [INFO] Starting QUICK scan (Detection) on http://zero.webappsecurity.com
[14:36:15] [INFO] Executing SQLMap...
[14:36:17] [INFO] ___
[14:36:17] [INFO] __H__
[14:36:17] [INFO] ___ ___["]_____ ___ ___  {1.10.1.12#dev}
[14:36:18] [INFO] |_ -| . [.]     | .'| . |
[14:36:18] [INFO] |___|_  [']_|_|_|__,|  _|
[14:36:19] [INFO] |_|V...       |_|   https://sqlmap.org
[14:36:19] [ERROR] legal disclaimer: Usage of sqlmap for attacking targets without prior mutual consent is illegal. It is the end user's responsibility to obey all applicable local, state and federal laws. Developers assume no liability and are not responsible for any misuse or damage caused by this program
[14:36:19] [INFO] starting @ 14:36:17 /2026-03-17/
[14:36:19] [INFO] [14:36:17] [WARNING] using 'C:\Users\Divy\AppData\Local\Temp\NetShieldAI\sqlmap\Admin_1' as the output directory
[14:36:20] [INFO] [14:36:17] [INFO] fetched random HTTP User-Agent header value 'Mozilla/5.0 (X11; Linux x86_64; rv:138.0) Gecko/20100101 Firefox/138.0' from file 'D:\SQLmap_setup\data\txt\user-agents.txt'
[14:36:20] [STAGE] [14:36:17] [INFO] testing connection to the target URL
[14:36:20] [INFO] [14:36:19] [INFO] searching for forms
[14:36:20] [INFO] [1/1] Form:
[14:36:21] [INFO] GET http://zero.webappsecurity.com/search.html?searchTerm=
[14:36:21] [INFO] do you want to test this form? [Y/n/q]
[14:36:22] [INFO] > Y
[14:36:22] [INFO] Edit GET data [default: searchTerm=]: searchTerm=
[14:36:22] [INFO] do you want to fill blank fields with random values? [Y/n] Y
[14:36:23] [INFO] [14:36:20] [INFO] using 'C:\Users\Divy\AppData\Local\Temp\NetShieldAI\sqlmap\Admin_1\results-03172026_0236pm.csv' as the CSV results file in multiple targets mode
[14:36:23] [STAGE] [14:36:21] [INFO] checking if the target is protected by some kind of WAF/IPS
[14:36:23] [STAGE] [14:36:21] [INFO] testing if the target URL content is stable
[14:36:23] [INFO] [14:36:22] [INFO] target URL content is stable
[14:36:24] [STAGE] [14:36:22] [INFO] testing if GET parameter 'searchTerm' is dynamic
[14:36:25] [INFO] [14:36:22] [WARNING] GET parameter 'searchTerm' does not appear to be dynamic
[14:36:25] [INFO] [14:36:23] [WARNING] heuristic (basic) test shows that GET parameter 'searchTerm' might not be injectable
[14:36:25] [STAGE] [14:36:23] [INFO] testing for SQL injection on GET parameter 'searchTerm'
[14:36:25] [STAGE] [14:36:23] [INFO] testing 'AND boolean-based blind - WHERE or HAVING clause'
[14:36:26] [INFO] [14:36:24] [WARNING] reflective value(s) found and filtering out
[14:36:28] [STAGE] [14:36:28] [INFO] testing 'Boolean-based blind - Parameter replace (original value)'
[14:36:29] [STAGE] [14:36:29] [INFO] testing 'MySQL >= 5.1 AND error-based - WHERE, HAVING, ORDER BY or GROUP BY clause (EXTRACTVALUE)'
[14:36:31] [STAGE] [14:36:31] [INFO] testing 'PostgreSQL AND error-based - WHERE or HAVING clause'
[14:36:33] [STAGE] [14:36:33] [INFO] testing 'Microsoft SQL Server/Sybase AND error-based - WHERE or HAVING clause (IN)'
[14:36:35] [STAGE] [14:36:35] [INFO] testing 'Oracle AND error-based - WHERE or HAVING clause (XMLType)'
[14:36:37] [STAGE] [14:36:37] [INFO] testing 'Generic inline queries'
[14:36:38] [STAGE] [14:36:38] [INFO] testing 'PostgreSQL > 8.1 stacked queries (comment)'
[14:36:40] [STAGE] [14:36:39] [INFO] testing 'Microsoft SQL Server/Sybase stacked queries (comment)'
[14:36:42] [STAGE] [14:36:42] [INFO] testing 'Oracle stacked queries (DBMS_PIPE.RECEIVE_MESSAGE - comment)'
[14:36:42] [SUCCESS] PDF report generated and updated in user dashboard
[14:36:42] [INFO] SYSTEM_EVENT: READY_FOR_ANALYSIS:http://testphp.vulnweb.com/listproducts.php?cat=1
[14:36:44] [STAGE] [14:36:44] [INFO] testing 'MySQL >= 5.0.12 AND time-based blind (query SLEEP)'
[14:36:48] [STAGE] [14:36:48] [INFO] testing 'PostgreSQL > 8.1 AND time-based blind'
[14:36:51] [STAGE] [14:36:51] [INFO] testing 'Microsoft SQL Server/Sybase time-based blind (IF)'
[14:36:54] [STAGE] [14:36:54] [INFO] testing 'Oracle AND time-based blind'
[14:37:00] [INFO] it is recommended to perform only basic UNION tests if there is not at least one other (potential) technique found. Do you want to reduce the number of requests? [Y/n] Y
[14:37:00] [STAGE] [14:37:00] [INFO] testing 'Generic UNION query (NULL) - 1 to 10 columns'
[14:37:05] [INFO] [14:37:05] [WARNING] GET parameter 'searchTerm' does not seem to be injectable
[14:37:05] [INFO] [14:37:05] [ERROR] all tested parameters do not appear to be injectable. Try to increase values for '--level'/'--risk' options if you wish to perform more tests. If you suspect that there is some kind of protection mechanism involved (e.g. WAF) maybe you could try to use option '--tamper' (e.g. '--tamper=space2comment'), skipping to the next target
[14:37:05] [INFO] [14:37:05] [INFO] you can find results of scanning in multiple targets mode inside the CSV file 'C:\Users\Divy\AppData\Local\Temp\NetShieldAI\sqlmap\Admin_1\results-03172026_0236pm.csv'
[14:37:05] [SUCCESS] Scan finished. Processing results...
[14:37:05] [INFO] Found SQLMap results directory: zero.webappsecurity.com
[14:37:05] [INFO] Parsing log file: C:\Users\Divy\AppData\Local\Temp\NetShieldAI\sqlmap\Admin_1\zero.webappsecurity.com\log
[14:37:05] [ERROR] Log file is empty. No vulnerabilities were confirmed by SQLMap.
[14:37:05] [SUCCESS] SQL JSON report saved to D:\NetShield\NetShieldAI\results\Admin_1\sql_scanner\sql_zero_webappsecurity_com_20260317_143705.json
[14:37:05] [INFO] EVENT: scan_complete | PAYLOAD: {"status": "success", "target": "http://zero.webappsecurity.com", "report_file": "D:\\NetShield\\NetShieldAI\\results\\Admin_1\\sql_scanner\\sql_zero_webappsecurity_com_20260317_143705.json", "vulnerability_count": 0}
[14:37:05] [SUCCESS] SQL scan complete. Generating PDF report for http://zero.webappsecurity.com...
[14:37:36] [SUCCESS] PDF report generated and updated in user dashboard
[14:37:36] [INFO] SYSTEM_EVENT: READY_FOR_ANALYSIS:http://zero.webappsecurity.com
