2026-02-13 13:26:38,748 [main ] INFO  Constant - Copying default configuration to D:\NetShieldAI\Services\temp\zap\user_DivyaViradiya_1_38939\config.xml
2026-02-13 13:26:38,935 [main ] INFO  Constant - Creating directory D:\NetShieldAI\Services\temp\zap\user_DivyaViradiya_1_38939\session
2026-02-13 13:26:38,936 [main ] INFO  Constant - Creating directory D:\NetShieldAI\Services\temp\zap\user_DivyaViradiya_1_38939\dirbuster
2026-02-13 13:26:38,937 [main ] INFO  Constant - Creating directory D:\NetShieldAI\Services\temp\zap\user_DivyaViradiya_1_38939\fuzzers
2026-02-13 13:26:38,937 [main ] INFO  Constant - Creating directory D:\NetShieldAI\Services\temp\zap\user_DivyaViradiya_1_38939\plugin
2026-02-13 13:26:39,022 [main ] INFO  CommandLineBootstrap - ZAP 2.17.0 started 13/02/2026, 13:26:39 with home: D:\NetShieldAI\Services\temp\zap\user_DivyaViradiya_1_38939\ cores: 12 maxMemory: 512 MB
2026-02-13 13:26:54,150 [main ] INFO  ExtensionFactory - Installed add-ons: [[id=alertFilters, version=26.0.0], [id=ascanrules, version=78.0.0], [id=authhelper, version=0.34.0], [id=automation, version=0.58.0], [id=bruteforce, version=20.0.0], [id=callhome, version=0.20.0], [id=client, version=0.20.0], [id=commonlib, version=1.39.0], [id=database, version=0.9.0], [id=diff, version=18.0.0], [id=directorylistv1, version=9.0.0], [id=domxss, version=23.0.0], [id=encoder, version=1.8.0], [id=exim, version=0.16.0], [id=formhandler, version=6.8.0], [id=fuzz, version=13.16.0], [id=gettingStarted, version=20.0.0], [id=graaljs, version=0.12.0], [id=graphql, version=0.29.0], [id=help, version=22.0.0], [id=hud, version=0.19.0], [id=insights, version=0.0.1], [id=invoke, version=17.0.0], [id=network, version=0.25.0], [id=oast, version=0.24.0], [id=onlineMenu, version=15.0.0], [id=openapi, version=48.0.0], [id=postman, version=0.9.0], [id=pscan, version=0.6.0], [id=pscanrules, version=70.0.0], [id=quickstart, version=53.0.0], [id=replacer, version=21.0.0], [id=reports, version=0.43.0], [id=requester, version=7.9.0], [id=retest, version=0.11.0], [id=retire, version=0.52.0], [id=reveal, version=10.0.0], [id=scanpolicies, version=0.7.0], [id=scripts, version=45.17.0], [id=selenium, version=15.43.0], [id=sequence, version=9.0.0], [id=soap, version=29.0.0], [id=spider, version=0.18.0], [id=spiderAjax, version=23.29.0], [id=tips, version=16.0.0], [id=webdriverwindows, version=170.0.0], [id=websocket, version=35.0.0], [id=zest, version=48.11.0]]
2026-02-13 13:26:54,152 [main ] INFO  ExtensionFactory - Loading extensions
2026-02-13 13:26:55,484 [main ] INFO  TlsUtils - Using supported SSL/TLS protocols: [TLSv1.2, TLSv1.3]
2026-02-13 13:26:56,383 [main ] INFO  ExtensionFactory - Extensions loaded
2026-02-13 13:26:57,291 [main ] INFO  FlywayExecutor - Database: jdbc:hsqldb:file:D:/NetShieldAI/Services/temp/zap/user_DivyaViradiya_1_38939/session/untitled1 (HSQL Database Engine 2.7)
2026-02-13 13:26:57,427 [main ] INFO  JdbcTableSchemaHistory - Schema history table "PUBLIC"."AUTHHELPER_FLYWAY_SCHEMA_HISTORY" does not exist yet
2026-02-13 13:26:57,437 [main ] INFO  DbValidate - Successfully validated 6 migrations (execution time 00:00.035s)
2026-02-13 13:26:57,460 [main ] INFO  JdbcTableSchemaHistory - Creating Schema History table "PUBLIC"."AUTHHELPER_FLYWAY_SCHEMA_HISTORY" with baseline ...
2026-02-13 13:26:57,579 [main ] INFO  DbBaseline - Successfully baselined schema with version: 0
2026-02-13 13:26:57,646 [main ] INFO  DbMigrate - Current version of schema "PUBLIC": 0
2026-02-13 13:26:57,741 [main ] INFO  DbMigrate - Migrating schema "PUBLIC" to version "1 - Create tables"
2026-02-13 13:26:57,786 [main ] INFO  DbMigrate - Migrating schema "PUBLIC" to version "2 - Create storage tables"
2026-02-13 13:26:57,808 [main ] INFO  DbMigrate - Migrating schema "PUBLIC" to version "3 - Improve diags"
2026-02-13 13:26:57,827 [main ] INFO  DbMigrate - Migrating schema "PUBLIC" to version "4 - Web element selector"
2026-02-13 13:26:57,843 [main ] INFO  DbMigrate - Migrating schema "PUBLIC" to version "5 - Af plan"
2026-02-13 13:26:57,859 [main ] INFO  DbMigrate - Migrating schema "PUBLIC" to version "6 - Auth report data"
2026-02-13 13:26:57,887 [main ] INFO  DbMigrate - Successfully applied 6 migrations to schema "PUBLIC", now at version v6 (execution time 00:00.043s)
2026-02-13 13:27:02,071 [main ] INFO  ExtensionLoader - Initializing Auto-update Extension - Allows ZAP to check for updates
2026-02-13 13:27:02,084 [main ] INFO  ExtensionLoader - Initializing Options Extension - Options Extension
2026-02-13 13:27:02,085 [main ] INFO  ExtensionLoader - Initializing Edit Menu Extension - Edit Menu Extension
2026-02-13 13:27:02,085 [main ] INFO  ExtensionLoader - Initializing API Extension - Provides a rest based API for controlling and accessing ZAP
2026-02-13 13:27:02,098 [main ] INFO  ExtensionLoader - Initializing History Extension - History Extension
2026-02-13 13:27:02,101 [main ] INFO  ExtensionLoader - Initializing ExtensionReveal - Show hidden fields and enable disabled fields
2026-02-13 13:27:02,102 [main ] INFO  ExtensionLoader - Initializing Search Extension - Search messages for strings and regular expressions
2026-02-13 13:27:02,104 [main ] INFO  ExtensionLoader - Initializing Breakpoint Extension - Allows you to intercept and modify requests and responses
2026-02-13 13:27:02,107 [main ] INFO  ExtensionLoader - Initializing Passive Scan Extension - Passive scanner
2026-02-13 13:27:02,108 [main ] INFO  ExtensionLoader - Initializing Alerts Extension - Allows you to view and manage alerts
2026-02-13 13:27:02,110 [main ] INFO  ExtensionLoader - Initializing Active Scan Extension - Active scanner, heavily based on the original Paros active scanner, but with additional tests added
2026-02-13 13:27:02,125 [main ] INFO  ExtensionLoader - Initializing ExtensionSequence - ExtensionSequence
2026-02-13 13:27:02,125 [main ] INFO  ExtensionLoader - Initializing Standard Menus Extension - A set of common popup menus for miscellaneous tasks
2026-02-13 13:27:02,126 [main ] INFO  ExtensionLoader - Initializing ExtensionBruteForce - Forced browsing of files and directories using code from the OWASP DirBuster tool
2026-02-13 13:27:02,129 [main ] INFO  ExtensionLoader - Initializing Compare Extension - Compares 2 sessions and generates an HTML file showing the differences
2026-02-13 13:27:02,130 [main ] INFO  ExtensionLoader - Initializing ExtensionInvoke - Invoke external applications passing context related information such as URLs and parameters
2026-02-13 13:27:02,131 [main ] INFO  ExtensionLoader - Initializing Anti-CSRF Extension - Handles anti cross site request forgery (CSRF) tokens
2026-02-13 13:27:02,139 [main ] INFO  ExtensionLoader - Initializing Authentication Extension - Authentication Extension
2026-02-13 13:27:02,149 [main ] INFO  ExtensionAuthentication - Loaded authentication method types: [Form-based Authentication, HTTP/NTLM Authentication, Manual Authentication, Script-based Authentication, JSON-based Authentication]
2026-02-13 13:27:02,152 [main ] INFO  ExtensionLoader - Initializing Users Extension - Users Extension
2026-02-13 13:27:02,153 [main ] INFO  ExtensionLoader - Initializing Parameters Extension - Summarise and analyse FORM and URL parameters as well as cookies
2026-02-13 13:27:02,154 [main ] INFO  ExtensionLoader - Initializing Script Extension - Script integration
2026-02-13 13:27:02,163 [main ] INFO  ExtensionLoader - Initializing ExtensionScripts - Scripting console, supports all JSR 223 scripting languages
2026-02-13 13:27:02,175 [main ] INFO  ExtensionLoader - Initializing Forced User Extension - Forced User Extension
2026-02-13 13:27:02,176 [main ] INFO  ExtensionLoader - Initializing HTTP Sessions Extension - Extension handling HTTP sessions
2026-02-13 13:27:02,179 [main ] INFO  ExtensionLoader - Initializing ExtensionZest - Zest is a specialized scripting language, originally, from Mozilla specifically designed to be used in security tools
2026-02-13 13:27:02,872 [main ] INFO  ExtensionLoader - Initializing ExtensionDiff - ExtensionDiff
2026-02-13 13:27:02,872 [main ] INFO  ExtensionLoader - Initializing HTTP Panel Post Table View Extension - HTTP Panel Post Table View Extension
2026-02-13 13:27:02,872 [main ] INFO  ExtensionLoader - Initializing Encoder Addon - Adds support for scriptable encoders to ZAP.
2026-02-13 13:27:02,873 [main ] INFO  ExtensionLoader - Initializing Session Management Extension - Session Management Extension
2026-02-13 13:27:02,881 [main ] INFO  ExtensionSessionManagement - Loaded session management method types: [Cookie-based Session Management, HTTP Authentication Session Management, Script-based Session Management]
2026-02-13 13:27:02,882 [main ] INFO  ExtensionLoader - Initializing HTTP Panel Form Table View Extension - HTTP Panel Form Table View Extension
2026-02-13 13:27:02,883 [main ] INFO  ExtensionLoader - Initializing WebSockets Support - Capture messages from WebSockets with the ability to set breakpoints.
2026-02-13 13:27:02,909 [main ] INFO  ExtensionLoader - Initializing SOAP/WSDL Support - Allows you to import a WSDL file containing operations which ZAP will access, adding them to the Sites tree.
2026-02-13 13:27:02,912 [main ] INFO  ExtensionLoader - Initializing Core UI Extension - Core UI related functionality.
2026-02-13 13:27:02,913 [main ] INFO  ExtensionLoader - Initializing Authorization Extension - Authorization Extension
2026-02-13 13:27:02,913 [main ] INFO  ExtensionLoader - Initializing Requester - Allows to manually edit and send messages.
2026-02-13 13:27:02,926 [main ] INFO  ExtensionLoader - Initializing AJAX Spider - AJAX Spider, uses Crawljax
2026-02-13 13:27:02,936 [main ] INFO  ExtensionLoader - Initializing WebDriver Provider - Provides WebDrivers to control several browsers using Selenium and includes HtmlUnit browser.
2026-02-13 13:27:02,972 [main ] INFO  ExtensionLoader - Initializing Refresh Sites Tree Extension - Adds menu item to refresh the Sites tree
2026-02-13 13:27:02,973 [main ] INFO  ExtensionLoader - Initializing Help Extension - ZAP User Guide
2026-02-13 13:27:02,973 [main ] INFO  ExtensionLoader - Initializing Call Home - Handles all of the calls to ZAP services
2026-02-13 13:27:02,976 [main ] INFO  ExtensionLoader - Initializing Network Extension - Provides core networking capabilities.
2026-02-13 13:27:03,070 [main ] INFO  ConnectionOptions - Unsafe SSL/TLS renegotiation disabled.
2026-02-13 13:27:03,073 [main ] INFO  ExtensionLoader - Initializing Extension Configuration Extension - Allows you to configure which extensions are loaded when ZAP starts
2026-02-13 13:27:03,073 [main ] INFO  ExtensionLoader - Initializing Combined HTTP Panels Extension - Combined HTTP Panels Extension
2026-02-13 13:27:03,073 [main ] INFO  ExtensionLoader - Initializing HTTP Panel Hex View Extension - HTTP Panel Hex View Extension
2026-02-13 13:27:03,073 [main ] INFO  ExtensionLoader - Initializing HTTP Panel Image View Extension - HTTP Panel Image View Extension
2026-02-13 13:27:03,074 [main ] INFO  ExtensionLoader - Initializing HTTP Panel Query Table View Extension - HTTP Panel Query Table View Extension
2026-02-13 13:27:03,074 [main ] INFO  ExtensionLoader - Initializing HTTP Panel Syntax Highlighter View Extension - HTTP Panel Syntax Highlighter View Extension
2026-02-13 13:27:03,074 [main ] INFO  ExtensionLoader - Initializing Keyboard Configuration Extension - Adds support for configurable keyboard shortcuts for all of the ZAP menus.
2026-02-13 13:27:03,074 [main ] INFO  ExtensionLoader - Initializing Scanner Rule Configuration Extension - Active and passive rule configuration
2026-02-13 13:27:03,077 [main ] INFO  ExtensionLoader - Initializing Statistics Extension - Statistics
2026-02-13 13:27:03,078 [main ] INFO  ExtensionStats - Start recording in memory stats
2026-02-13 13:27:03,079 [main ] INFO  ExtensionLoader - Initializing Custom Pages Extension - Custom Pages Definition
2026-02-13 13:27:03,079 [main ] INFO  ExtensionLoader - Initializing ExtensionAlertFilters - Context alert rules filter
2026-02-13 13:27:03,081 [main ] INFO  ExtensionLoader - Initializing Alert Filters Automation - Alert Filters Automation Framework Integration
2026-02-13 13:27:03,085 [main ] INFO  ExtensionLoader - Initializing Active Scan Rules - Release status active scan rules
2026-02-13 13:27:03,085 [main ] INFO  ExtensionLoader - Initializing Authentication Helper - Authentication Helper
2026-02-13 13:27:03,091 [main ] INFO  ExtensionLoader - Initializing Client Spider Browser Based Authentication Support - Enables browser based authentication when performing an authenticated Client Spider scan.
2026-02-13 13:27:03,094 [main ] INFO  ExtensionLoader - Initializing Authentication Helper Reports - Authentication Helper Reports
2026-02-13 13:27:03,096 [main ] INFO  ExtensionLoader - Initializing AJAX Spider Browser Based Authentication Support - Enables browser based authentication when performing an authenticated AJAX Spider scan.
2026-02-13 13:27:03,097 [main ] INFO  ExtensionLoader - Initializing Automation Framework - Provides functionality to simplify using ZAP in an automated manner
2026-02-13 13:27:03,100 [main ] INFO  ExtensionLoader - Initializing ExtensionClientIntegration - Client Side Integration
2026-02-13 13:27:03,126 [main ] INFO  ExtensionLoader - Initializing Client Spider Automation - Client Spider Automation Framework Integration
2026-02-13 13:27:03,131 [main ] INFO  ExtensionLoader - Initializing Client Zest Script Recording Support - Allows recording client events as Zest scripts.
2026-02-13 13:27:03,135 [main ] INFO  ExtensionLoader - Initializing Common Library - A library of shared functionality
2026-02-13 13:27:03,137 [main ] INFO  ExtensionLoader - Initializing Database Extension - Provides databases and persistence capabilities.
2026-02-13 13:27:03,137 [main ] INFO  ExtensionLoader - Initializing ExtensionDomXSS - DOM XSS Active Scan Rule
2026-02-13 13:27:03,264 [main ] INFO  ExtensionLoader - Initializing Import/Export - Import and Export functionality supporting multiple formats.
2026-02-13 13:27:03,266 [main ] INFO  ExtensionLoader - Initializing Import/Export Automation - Import/Export Automation Framework Integration
2026-02-13 13:27:03,271 [main ] INFO  ExtensionLoader - Initializing ExtensionFormHandler - This extension allows a user to change the default values used for generated content (e.g. spiders, importers).
2026-02-13 13:27:03,275 [main ] INFO  ExtensionLoader - Initializing Advance Fuzzer - Provides the foundation for concrete message types (for example, HTTP, WebSockets) expose fuzzer implementations.
2026-02-13 13:27:03,278 [main ] INFO  ExtensionLoader - Initializing HTTP Fuzzer - Allows to fuzz HTTP messages.
2026-02-13 13:27:03,278 [main ] INFO  ExtensionLoader - Initializing ExtensionGettingStarted - The ZAP Getting Started Guide
2026-02-13 13:27:03,278 [main ] INFO  ExtensionLoader - Initializing GraalVM JavaScript Engine Extension - Provides the GraalVM JavaScript engine for ZAP scripting.
2026-02-13 13:27:05,796 [main ] INFO  ExtensionLoader - Initializing ExtensionGraphQl - Allows you to inspect and attack GraphQL endpoints.
2026-02-13 13:27:05,804 [main ] INFO  ExtensionLoader - Initializing GraphQL Automation - GraphQL Automation Framework Integration
2026-02-13 13:27:05,806 [main ] INFO  ExtensionLoader - Initializing GraphQL Spider - GraphQL Spider Integration
2026-02-13 13:27:05,806 [main ] INFO  ExtensionLoader - Initializing ExtensionHUD - Heads Up Display
2026-02-13 13:27:10,103 [main ] INFO  ExtensionLoader - Initializing ExtensionHUDlaunch - ExtensionHUDlaunch
2026-02-13 13:27:10,104 [main ] INFO  ExtensionLoader - Initializing ExtensionInsights - Insights Extension
2026-02-13 13:27:10,106 [main ] INFO  ExtensionLoader - Initializing Alert Filters Automation - Alert Filters Automation Framework Integration
2026-02-13 13:27:10,108 [main ] INFO  ExtensionLoader - Initializing Insights Reports Extension - Adds Insights to the report data
2026-02-13 13:27:10,108 [main ] INFO  ExtensionLoader - Initializing Out-of-band Application Security Testing - Adds Out-of-band Application Security Testing functionality.
2026-02-13 13:27:10,124 [main ] INFO  ExtensionLoader - Initializing OAST Scripts - Adds OAST scripts.
2026-02-13 13:27:10,124 [main ] INFO  ExtensionLoader - Initializing ExtensionOnlineMenu - The Online menu links
2026-02-13 13:27:10,124 [main ] INFO  ExtensionLoader - Initializing OpenAPI Import - Allows you to spider and import OpenAPI (Swagger) definitions 
2026-02-13 13:27:10,126 [main ] INFO  ExtensionLoader - Initializing OpenAPI Automation - OpenAPI Automation Framework Integration
2026-02-13 13:27:10,128 [main ] INFO  ExtensionLoader - Initializing OpenAPI Spider - OpenAPI Spider Integration
2026-02-13 13:27:10,132 [main ] INFO  ExtensionLoader - Initializing Postman Import - Allows you to spider and import Postman collections
2026-02-13 13:27:10,133 [main ] INFO  ExtensionLoader - Initializing Postman Automation - Postman Automation Framework Integration
2026-02-13 13:27:10,134 [main ] INFO  ExtensionLoader - Initializing Passive Scanner Extension - Provides core passive scanning capabilities.
2026-02-13 13:27:10,156 [main ] INFO  ExtensionLoader - Initializing Passive Scanner Automation Framework Extension - Provides jobs and result data related to the passive scanner.
2026-02-13 13:27:10,157 [main ] INFO  ExtensionLoader - Initializing Passive Scan Rules - Release status passive scan rules.
2026-02-13 13:27:10,158 [main ] INFO  ExtensionLoader - Initializing Quick Start panel  - Adds the Quick Start panel for scanning and exploring applications
2026-02-13 13:27:10,160 [main ] INFO  ExtensionLoader - Initializing Quick Start Ajax Spider integration - Add the option to use the Ajax Spider in the Quick Start scan
2026-02-13 13:27:10,160 [main ] INFO  ExtensionLoader - Initializing Quick Start HUD Integration - HUD integration for the quick start panel
2026-02-13 13:27:10,160 [main ] INFO  ExtensionLoader - Initializing Quick Start Browser Launcher - Launch browsers preset proxying through ZAP
2026-02-13 13:27:10,161 [main ] INFO  ExtensionLoader - Initializing Quick Start Spider Integration - Adds the option to use the traditional Spider in the Quick Start scan.
2026-02-13 13:27:10,163 [main ] INFO  ExtensionLoader - Initializing Match and Replace - Easy way to replace strings in requests and responses
2026-02-13 13:27:10,167 [main ] INFO  ExtensionLoader - Initializing Replacer Automation - Replacer Automation Framework Integration
2026-02-13 13:27:10,169 [main ] INFO  ExtensionLoader - Initializing Report Generator - Templated and themed report generation functionality
2026-02-13 13:27:10,172 [main ] INFO  ExtensionLoader - Initializing Report Generation Automation Integration - Report Generation Automation Integration
2026-02-13 13:27:10,177 [main ] INFO  ExtensionLoader - Initializing Retest - Facilitates the verification of presence/absence of certain alerts.
2026-02-13 13:27:10,180 [main ] INFO  ExtensionLoader - Initializing Scripts Automation Framework Integration - Scripts Automation
2026-02-13 13:27:10,193 [main ] INFO  ExtensionLoader - Initializing Sequence Automation - Sequence Automation Framework Integration
2026-02-13 13:27:10,198 [main ] INFO  ExtensionLoader - Initializing SOAP Automation - SOAP Automation Framework Integration
2026-02-13 13:27:10,200 [main ] INFO  ExtensionLoader - Initializing SOAP Spider - SOAP Spider Integration
2026-02-13 13:27:10,200 [main ] INFO  ExtensionLoader - Initializing Spider Extension - Spider used for automatically finding URIs on a site.
2026-02-13 13:27:10,247 [main ] INFO  ExtensionLoader - Initializing Spider Automation - Spider Automation Integration
2026-02-13 13:27:10,251 [main ] INFO  ExtensionLoader - Initializing Ajax Spider Automation - Ajax Spider Automation Framework Integration
2026-02-13 13:27:10,256 [main ] INFO  ExtensionLoader - Initializing ExtensionTipsAndTricks - Tips and Tricks
2026-02-13 13:27:10,257 [main ] INFO  ExtensionLoader - Initializing WebSocket Fuzzer - Allows to fuzz WebSocket messages.
2026-02-13 13:27:10,257 [main ] INFO  ExtensionLoader - Initializing WebSocket Message Editor - Provides the WebSocket Message Editor dialogues.
2026-02-13 13:27:10,815 [main ] WARN  SeleniumManager - Unable to discover proper geckodriver version in offline mode
2026-02-13 13:27:10,846 [main ] WARN  FirefoxProfileManager - Unable to find Firefox binary through SeleniumManager.
2026-02-13 13:27:10,846 [main ] ERROR ExtensionClientIntegration - Failed to get or create Firefox profile zap-client-profile
2026-02-13 13:27:11,274 [main ] INFO  CallbackService - Started callback service on 0.0.0.0:38995
2026-02-13 13:27:11,356 [main ] INFO  ScanRuleManager - Loaded passive scan rule: Authentication Request Identified
2026-02-13 13:27:11,356 [main ] INFO  ScanRuleManager - Loaded passive scan rule: Session Management Response Identified
2026-02-13 13:27:11,357 [main ] INFO  ScanRuleManager - Loaded passive scan rule: Verification Request Identified
2026-02-13 13:27:11,435 [main ] INFO  ScanRuleManager - Loaded passive scan rule: Anti-clickjacking Header
2026-02-13 13:27:11,435 [main ] INFO  ScanRuleManager - Loaded passive scan rule: Application Error Disclosure
2026-02-13 13:27:11,435 [main ] INFO  ScanRuleManager - Loaded passive scan rule: Big Redirect Detected (Potential Sensitive Information Leak)
2026-02-13 13:27:11,435 [main ] INFO  ScanRuleManager - Loaded passive scan rule: Re-examine Cache-control Directives
2026-02-13 13:27:11,435 [main ] INFO  ScanRuleManager - Loaded passive scan rule: Charset Mismatch
2026-02-13 13:27:11,436 [main ] INFO  ScanRuleManager - Loaded passive scan rule: Content Security Policy (CSP) Header Not Set
2026-02-13 13:27:11,436 [main ] INFO  ScanRuleManager - Loaded passive scan rule: CSP
2026-02-13 13:27:11,436 [main ] INFO  ScanRuleManager - Loaded passive scan rule: Content-Type Header Missing
2026-02-13 13:27:11,436 [main ] INFO  ScanRuleManager - Loaded passive scan rule: Cookie No HttpOnly Flag
2026-02-13 13:27:11,436 [main ] INFO  ScanRuleManager - Loaded passive scan rule: Loosely Scoped Cookie
2026-02-13 13:27:11,436 [main ] INFO  ScanRuleManager - Loaded passive scan rule: Cookie without SameSite Attribute
2026-02-13 13:27:11,437 [main ] INFO  ScanRuleManager - Loaded passive scan rule: Cookie Without Secure Flag
2026-02-13 13:27:11,437 [main ] INFO  ScanRuleManager - Loaded passive scan rule: Cross-Domain Misconfiguration
2026-02-13 13:27:11,437 [main ] INFO  ScanRuleManager - Loaded passive scan rule: Cross-Domain JavaScript Source File Inclusion
2026-02-13 13:27:11,437 [main ] INFO  ScanRuleManager - Loaded passive scan rule: Absence of Anti-CSRF Tokens
2026-02-13 13:27:11,437 [main ] INFO  ScanRuleManager - Loaded passive scan rule: Directory Browsing
2026-02-13 13:27:11,437 [main ] INFO  ScanRuleManager - Loaded passive scan rule: Hash Disclosure
2026-02-13 13:27:11,437 [main ] INFO  ScanRuleManager - Loaded passive scan rule: Heartbleed OpenSSL Vulnerability (Indicative)
2026-02-13 13:27:11,437 [main ] INFO  ScanRuleManager - Loaded passive scan rule: In Page Banner Information Leak
2026-02-13 13:27:11,438 [main ] INFO  ScanRuleManager - Loaded passive scan rule: Private IP Disclosure
2026-02-13 13:27:11,438 [main ] INFO  ScanRuleManager - Loaded passive scan rule: Session ID in URL Rewrite
2026-02-13 13:27:11,438 [main ] INFO  ScanRuleManager - Loaded passive scan rule: Information Disclosure - Debug Error Messages
2026-02-13 13:27:11,438 [main ] INFO  ScanRuleManager - Loaded passive scan rule: Information Disclosure - Sensitive Information in URL
2026-02-13 13:27:11,438 [main ] INFO  ScanRuleManager - Loaded passive scan rule: Information Disclosure - Sensitive Information in HTTP Referrer Header
2026-02-13 13:27:11,439 [main ] INFO  ScanRuleManager - Loaded passive scan rule: Information Disclosure - Suspicious Comments
2026-02-13 13:27:11,439 [main ] INFO  ScanRuleManager - Loaded passive scan rule: Weak Authentication Method
2026-02-13 13:27:11,439 [main ] INFO  ScanRuleManager - Loaded passive scan rule: HTTP to HTTPS Insecure Transition in Form Post
2026-02-13 13:27:11,439 [main ] INFO  ScanRuleManager - Loaded passive scan rule: HTTPS to HTTP Insecure Transition in Form Post
2026-02-13 13:27:11,439 [main ] INFO  ScanRuleManager - Loaded passive scan rule: Insecure JSF ViewState
2026-02-13 13:27:11,440 [main ] INFO  ScanRuleManager - Loaded passive scan rule: Java Serialization Object
2026-02-13 13:27:11,440 [main ] INFO  ScanRuleManager - Loaded passive scan rule: Reverse Tabnabbing
2026-02-13 13:27:11,440 [main ] INFO  ScanRuleManager - Loaded passive scan rule: Secure Pages Include Mixed Content
2026-02-13 13:27:11,440 [main ] INFO  ScanRuleManager - Loaded passive scan rule: Modern Web Application
2026-02-13 13:27:11,440 [main ] INFO  ScanRuleManager - Loaded passive scan rule: PII Disclosure
2026-02-13 13:27:11,440 [main ] INFO  ScanRuleManager - Loaded passive scan rule: Script Served From Malicious Domain (polyfill)
2026-02-13 13:27:11,440 [main ] INFO  ScanRuleManager - Loaded passive scan rule: Retrieved from Cache
2026-02-13 13:27:11,441 [main ] INFO  ScanRuleManager - Loaded passive scan rule: HTTP Server Response Header
2026-02-13 13:27:11,441 [main ] INFO  ScanRuleManager - Loaded passive scan rule: Strict-Transport-Security Header
2026-02-13 13:27:11,441 [main ] INFO  ScanRuleManager - Loaded passive scan rule: Sub Resource Integrity Attribute Missing
2026-02-13 13:27:11,441 [main ] INFO  ScanRuleManager - Loaded passive scan rule: Timestamp Disclosure
2026-02-13 13:27:11,441 [main ] INFO  ScanRuleManager - Loaded passive scan rule: User Controllable Charset
2026-02-13 13:27:11,441 [main ] INFO  ScanRuleManager - Loaded passive scan rule: Cookie Poisoning
2026-02-13 13:27:11,442 [main ] INFO  ScanRuleManager - Loaded passive scan rule: User Controllable HTML Element Attribute (Potential XSS)
2026-02-13 13:27:11,442 [main ] INFO  ScanRuleManager - Loaded passive scan rule: User Controllable JavaScript Event (XSS)
2026-02-13 13:27:11,442 [main ] INFO  ScanRuleManager - Loaded passive scan rule: Off-site Redirect
2026-02-13 13:27:11,442 [main ] INFO  ScanRuleManager - Loaded passive scan rule: Username Hash Found
2026-02-13 13:27:11,442 [main ] INFO  ScanRuleManager - Loaded passive scan rule: Viewstate
2026-02-13 13:27:11,443 [main ] INFO  ScanRuleManager - Loaded passive scan rule: X-AspNet-Version Response Header
2026-02-13 13:27:11,443 [main ] INFO  ScanRuleManager - Loaded passive scan rule: X-Backend-Server Header Information Leak
2026-02-13 13:27:11,443 [main ] INFO  ScanRuleManager - Loaded passive scan rule: X-ChromeLogger-Data (XCOLD) Header Information Leak
2026-02-13 13:27:11,443 [main ] INFO  ScanRuleManager - Loaded passive scan rule: X-Content-Type-Options Header Missing
2026-02-13 13:27:11,443 [main ] INFO  ScanRuleManager - Loaded passive scan rule: X-Debug-Token Information Leak
2026-02-13 13:27:11,443 [main ] INFO  ScanRuleManager - Loaded passive scan rule: Server Leaks Information via "X-Powered-By" HTTP Response Header Field(s)
2026-02-13 13:27:11,443 [main ] INFO  ScanRuleManager - Loaded passive scan rule: ZAP is Out of Date
2026-02-13 13:27:11,446 [main ] INFO  ScanRuleManager - Loaded passive scan rule: Vulnerable JS Library (Powered by Retire.js)
2026-02-13 13:27:11,451 [main ] INFO  ScanRuleManager - Loaded passive scan rule: Script Passive Scan Rules
2026-02-13 13:27:11,452 [main ] INFO  ScanRuleManager - Loaded passive scan rule: WSDL File Detection
2026-02-13 13:27:11,453 [main ] INFO  ScanRuleManager - Loaded passive scan rule: Stats Passive Scan Rule
2026-02-13 13:27:11,458 [main ] INFO  ExtensionNetwork - Creating new root CA certificate.
2026-02-13 13:27:13,377 [main ] INFO  ExtensionNetwork - New root CA certificate created.
2026-02-13 13:27:21,914 [ZAP-SpiderInitThread-0] INFO  SpiderThread - Starting spidering scan on http://testphp.vulnweb.com at 2026-02-13T13:27:21.913+0530
2026-02-13 13:27:21,920 [ZAP-SpiderInitThread-0] INFO  Spider - Spider initializing...
2026-02-13 13:27:21,946 [ZAP-SpiderInitThread-0] INFO  Spider - Starting spider...
2026-02-13 13:27:32,220 [ZAP-SpiderThreadPool-0-thread-10] INFO  Spider - Spidering process is complete. Shutting down...
2026-02-13 13:27:32,226 [ZAP-SpiderShutdownThread-0] INFO  SpiderThread - Spider scanning complete: true on http://testphp.vulnweb.com at 2026-02-13T13:27:32.223+0530
2026-02-13 13:27:34,599 [ZAP-QuickStart-AttackThread] INFO  Scanner - scanner with ID 0 started
