2026-01-13 13:54:44,715 [main ] INFO  Constant - Copying default configuration to D:\NetShieldAI\Services\temp_zap_instances\user_DivyaViradiya_1_26174\config.xml
2026-01-13 13:54:45,005 [main ] INFO  Constant - Creating directory D:\NetShieldAI\Services\temp_zap_instances\user_DivyaViradiya_1_26174\session
2026-01-13 13:54:45,006 [main ] INFO  Constant - Creating directory D:\NetShieldAI\Services\temp_zap_instances\user_DivyaViradiya_1_26174\dirbuster
2026-01-13 13:54:45,007 [main ] INFO  Constant - Creating directory D:\NetShieldAI\Services\temp_zap_instances\user_DivyaViradiya_1_26174\fuzzers
2026-01-13 13:54:45,008 [main ] INFO  Constant - Creating directory D:\NetShieldAI\Services\temp_zap_instances\user_DivyaViradiya_1_26174\plugin
2026-01-13 13:54:45,153 [main ] INFO  DaemonBootstrap - ZAP 2.17.0 started 13/01/2026, 13:54:45 with home: D:\NetShieldAI\Services\temp_zap_instances\user_DivyaViradiya_1_26174\ cores: 12 maxMemory: 512 MB
2026-01-13 13:54:45,212 [main ] INFO  AbstractParam - Setting config api.disablekey = true was null
2026-01-13 13:54:45,213 [main ] INFO  AbstractParam - Setting config api.addrs.addr.name = .* was null
2026-01-13 13:54:45,214 [main ] INFO  AbstractParam - Setting config api.addrs.addr.regex = true was null
2026-01-13 13:55:01,209 [ZAP-daemon] INFO  ExtensionFactory - Installed add-ons: [[id=alertFilters, version=26.0.0], [id=ascanrules, version=78.0.0], [id=authhelper, version=0.34.0], [id=automation, version=0.58.0], [id=bruteforce, version=20.0.0], [id=callhome, version=0.20.0], [id=client, version=0.20.0], [id=commonlib, version=1.39.0], [id=database, version=0.9.0], [id=diff, version=18.0.0], [id=directorylistv1, version=9.0.0], [id=domxss, version=23.0.0], [id=encoder, version=1.8.0], [id=exim, version=0.16.0], [id=formhandler, version=6.8.0], [id=fuzz, version=13.16.0], [id=gettingStarted, version=20.0.0], [id=graaljs, version=0.12.0], [id=graphql, version=0.29.0], [id=help, version=22.0.0], [id=hud, version=0.19.0], [id=insights, version=0.0.1], [id=invoke, version=17.0.0], [id=network, version=0.25.0], [id=oast, version=0.24.0], [id=onlineMenu, version=15.0.0], [id=openapi, version=48.0.0], [id=postman, version=0.9.0], [id=pscan, version=0.6.0], [id=pscanrules, version=70.0.0], [id=quickstart, version=53.0.0], [id=replacer, version=21.0.0], [id=reports, version=0.43.0], [id=requester, version=7.9.0], [id=retest, version=0.11.0], [id=retire, version=0.52.0], [id=reveal, version=10.0.0], [id=scanpolicies, version=0.7.0], [id=scripts, version=45.17.0], [id=selenium, version=15.43.0], [id=sequence, version=9.0.0], [id=soap, version=29.0.0], [id=spider, version=0.18.0], [id=spiderAjax, version=23.29.0], [id=tips, version=16.0.0], [id=webdriverwindows, version=170.0.0], [id=websocket, version=35.0.0], [id=zest, version=48.11.0]]
2026-01-13 13:55:01,212 [ZAP-daemon] INFO  ExtensionFactory - Loading extensions
2026-01-13 13:55:02,041 [ZAP-daemon] INFO  TlsUtils - Using supported SSL/TLS protocols: [TLSv1.2, TLSv1.3]
2026-01-13 13:55:02,616 [ZAP-daemon] INFO  ExtensionFactory - Extensions loaded
2026-01-13 13:55:03,180 [ZAP-daemon] INFO  FlywayExecutor - Database: jdbc:hsqldb:file:D:/NetShieldAI/Services/temp_zap_instances/user_DivyaViradiya_1_26174/session/untitled1 (HSQL Database Engine 2.7)
2026-01-13 13:55:03,306 [ZAP-daemon] INFO  JdbcTableSchemaHistory - Schema history table "PUBLIC"."AUTHHELPER_FLYWAY_SCHEMA_HISTORY" does not exist yet
2026-01-13 13:55:03,316 [ZAP-daemon] INFO  DbValidate - Successfully validated 6 migrations (execution time 00:00.031s)
2026-01-13 13:55:03,337 [ZAP-daemon] INFO  JdbcTableSchemaHistory - Creating Schema History table "PUBLIC"."AUTHHELPER_FLYWAY_SCHEMA_HISTORY" with baseline ...
2026-01-13 13:55:03,406 [ZAP-daemon] INFO  DbBaseline - Successfully baselined schema with version: 0
2026-01-13 13:55:03,433 [ZAP-daemon] INFO  DbMigrate - Current version of schema "PUBLIC": 0
2026-01-13 13:55:03,455 [ZAP-daemon] INFO  DbMigrate - Migrating schema "PUBLIC" to version "1 - Create tables"
2026-01-13 13:55:03,485 [ZAP-daemon] INFO  DbMigrate - Migrating schema "PUBLIC" to version "2 - Create storage tables"
2026-01-13 13:55:03,498 [ZAP-daemon] INFO  DbMigrate - Migrating schema "PUBLIC" to version "3 - Improve diags"
2026-01-13 13:55:03,513 [ZAP-daemon] INFO  DbMigrate - Migrating schema "PUBLIC" to version "4 - Web element selector"
2026-01-13 13:55:03,529 [ZAP-daemon] INFO  DbMigrate - Migrating schema "PUBLIC" to version "5 - Af plan"
2026-01-13 13:55:03,538 [ZAP-daemon] INFO  DbMigrate - Migrating schema "PUBLIC" to version "6 - Auth report data"
2026-01-13 13:55:03,557 [ZAP-daemon] INFO  DbMigrate - Successfully applied 6 migrations to schema "PUBLIC", now at version v6 (execution time 00:00.024s)
2026-01-13 13:55:06,703 [ZAP-daemon] INFO  ExtensionLoader - Initializing Auto-update Extension - Allows ZAP to check for updates
2026-01-13 13:55:06,708 [ZAP-daemon] INFO  ExtensionLoader - Initializing Options Extension - Options Extension
2026-01-13 13:55:06,708 [ZAP-daemon] INFO  ExtensionLoader - Initializing Edit Menu Extension - Edit Menu Extension
2026-01-13 13:55:06,709 [ZAP-daemon] INFO  ExtensionLoader - Initializing API Extension - Provides a rest based API for controlling and accessing ZAP
2026-01-13 13:55:06,720 [ZAP-daemon] INFO  ExtensionLoader - Initializing History Extension - History Extension
2026-01-13 13:55:06,722 [ZAP-daemon] INFO  ExtensionLoader - Initializing ExtensionReveal - Show hidden fields and enable disabled fields
2026-01-13 13:55:06,723 [ZAP-daemon] INFO  ExtensionLoader - Initializing Search Extension - Search messages for strings and regular expressions
2026-01-13 13:55:06,724 [ZAP-daemon] INFO  ExtensionLoader - Initializing Breakpoint Extension - Allows you to intercept and modify requests and responses
2026-01-13 13:55:06,728 [ZAP-daemon] INFO  ExtensionLoader - Initializing Passive Scan Extension - Passive scanner
2026-01-13 13:55:06,728 [ZAP-daemon] INFO  ExtensionLoader - Initializing Alerts Extension - Allows you to view and manage alerts
2026-01-13 13:55:06,731 [ZAP-daemon] INFO  ExtensionLoader - Initializing Active Scan Extension - Active scanner, heavily based on the original Paros active scanner, but with additional tests added
2026-01-13 13:55:06,743 [ZAP-daemon] INFO  ExtensionLoader - Initializing ExtensionSequence - ExtensionSequence
2026-01-13 13:55:06,743 [ZAP-daemon] INFO  ExtensionLoader - Initializing Standard Menus Extension - A set of common popup menus for miscellaneous tasks
2026-01-13 13:55:06,743 [ZAP-daemon] INFO  ExtensionLoader - Initializing ExtensionBruteForce - Forced browsing of files and directories using code from the OWASP DirBuster tool
2026-01-13 13:55:06,746 [ZAP-daemon] INFO  ExtensionLoader - Initializing Compare Extension - Compares 2 sessions and generates an HTML file showing the differences
2026-01-13 13:55:06,746 [ZAP-daemon] INFO  ExtensionLoader - Initializing ExtensionInvoke - Invoke external applications passing context related information such as URLs and parameters
2026-01-13 13:55:06,746 [ZAP-daemon] INFO  ExtensionLoader - Initializing Anti-CSRF Extension - Handles anti cross site request forgery (CSRF) tokens
2026-01-13 13:55:06,754 [ZAP-daemon] INFO  ExtensionLoader - Initializing Authentication Extension - Authentication Extension
2026-01-13 13:55:06,765 [ZAP-daemon] INFO  ExtensionAuthentication - Loaded authentication method types: [Form-based Authentication, HTTP/NTLM Authentication, Manual Authentication, Script-based Authentication, JSON-based Authentication]
2026-01-13 13:55:06,768 [ZAP-daemon] INFO  ExtensionLoader - Initializing Users Extension - Users Extension
2026-01-13 13:55:06,770 [ZAP-daemon] INFO  ExtensionLoader - Initializing Parameters Extension - Summarise and analyse FORM and URL parameters as well as cookies
2026-01-13 13:55:06,771 [ZAP-daemon] INFO  ExtensionLoader - Initializing Script Extension - Script integration
2026-01-13 13:55:06,778 [ZAP-daemon] INFO  ExtensionLoader - Initializing ExtensionScripts - Scripting console, supports all JSR 223 scripting languages
2026-01-13 13:55:06,789 [ZAP-daemon] INFO  ExtensionLoader - Initializing Forced User Extension - Forced User Extension
2026-01-13 13:55:06,790 [ZAP-daemon] INFO  ExtensionLoader - Initializing HTTP Sessions Extension - Extension handling HTTP sessions
2026-01-13 13:55:06,792 [ZAP-daemon] INFO  ExtensionLoader - Initializing ExtensionZest - Zest is a specialized scripting language, originally, from Mozilla specifically designed to be used in security tools
2026-01-13 13:55:07,276 [ZAP-daemon] INFO  ExtensionLoader - Initializing ExtensionDiff - ExtensionDiff
2026-01-13 13:55:07,276 [ZAP-daemon] INFO  ExtensionLoader - Initializing HTTP Panel Post Table View Extension - HTTP Panel Post Table View Extension
2026-01-13 13:55:07,277 [ZAP-daemon] INFO  ExtensionLoader - Initializing Encoder Addon - Adds support for scriptable encoders to ZAP.
2026-01-13 13:55:07,277 [ZAP-daemon] INFO  ExtensionLoader - Initializing Session Management Extension - Session Management Extension
2026-01-13 13:55:07,291 [ZAP-daemon] INFO  ExtensionSessionManagement - Loaded session management method types: [Cookie-based Session Management, HTTP Authentication Session Management, Script-based Session Management]
2026-01-13 13:55:07,292 [ZAP-daemon] INFO  ExtensionLoader - Initializing HTTP Panel Form Table View Extension - HTTP Panel Form Table View Extension
2026-01-13 13:55:07,293 [ZAP-daemon] INFO  ExtensionLoader - Initializing WebSockets Support - Capture messages from WebSockets with the ability to set breakpoints.
2026-01-13 13:55:07,315 [ZAP-daemon] INFO  ExtensionLoader - Initializing SOAP/WSDL Support - Allows you to import a WSDL file containing operations which ZAP will access, adding them to the Sites tree.
2026-01-13 13:55:07,316 [ZAP-daemon] INFO  ExtensionLoader - Initializing Core UI Extension - Core UI related functionality.
2026-01-13 13:55:07,316 [ZAP-daemon] INFO  ExtensionLoader - Initializing Authorization Extension - Authorization Extension
2026-01-13 13:55:07,317 [ZAP-daemon] INFO  ExtensionLoader - Initializing Requester - Allows to manually edit and send messages.
2026-01-13 13:55:07,323 [ZAP-daemon] INFO  ExtensionLoader - Initializing AJAX Spider - AJAX Spider, uses Crawljax
2026-01-13 13:55:07,329 [ZAP-daemon] INFO  ExtensionLoader - Initializing WebDriver Provider - Provides WebDrivers to control several browsers using Selenium and includes HtmlUnit browser.
2026-01-13 13:55:07,346 [ZAP-daemon] INFO  ExtensionLoader - Initializing Refresh Sites Tree Extension - Adds menu item to refresh the Sites tree
2026-01-13 13:55:07,346 [ZAP-daemon] INFO  ExtensionLoader - Initializing Help Extension - ZAP User Guide
2026-01-13 13:55:07,347 [ZAP-daemon] INFO  ExtensionLoader - Initializing Call Home - Handles all of the calls to ZAP services
2026-01-13 13:55:07,348 [ZAP-daemon] INFO  ExtensionLoader - Initializing Network Extension - Provides core networking capabilities.
2026-01-13 13:55:07,375 [ZAP-daemon] INFO  ConnectionOptions - Unsafe SSL/TLS renegotiation disabled.
2026-01-13 13:55:07,377 [ZAP-daemon] INFO  ExtensionLoader - Initializing Extension Configuration Extension - Allows you to configure which extensions are loaded when ZAP starts
2026-01-13 13:55:07,377 [ZAP-daemon] INFO  ExtensionLoader - Initializing Combined HTTP Panels Extension - Combined HTTP Panels Extension
2026-01-13 13:55:07,377 [ZAP-daemon] INFO  ExtensionLoader - Initializing HTTP Panel Hex View Extension - HTTP Panel Hex View Extension
2026-01-13 13:55:07,377 [ZAP-daemon] INFO  ExtensionLoader - Initializing HTTP Panel Image View Extension - HTTP Panel Image View Extension
2026-01-13 13:55:07,377 [ZAP-daemon] INFO  ExtensionLoader - Initializing HTTP Panel Query Table View Extension - HTTP Panel Query Table View Extension
2026-01-13 13:55:07,378 [ZAP-daemon] INFO  ExtensionLoader - Initializing HTTP Panel Syntax Highlighter View Extension - HTTP Panel Syntax Highlighter View Extension
2026-01-13 13:55:07,378 [ZAP-daemon] INFO  ExtensionLoader - Initializing Keyboard Configuration Extension - Adds support for configurable keyboard shortcuts for all of the ZAP menus.
2026-01-13 13:55:07,378 [ZAP-daemon] INFO  ExtensionLoader - Initializing Scanner Rule Configuration Extension - Active and passive rule configuration
2026-01-13 13:55:07,381 [ZAP-daemon] INFO  ExtensionLoader - Initializing Statistics Extension - Statistics
2026-01-13 13:55:07,382 [ZAP-daemon] INFO  ExtensionStats - Start recording in memory stats
2026-01-13 13:55:07,382 [ZAP-daemon] INFO  ExtensionLoader - Initializing Custom Pages Extension - Custom Pages Definition
2026-01-13 13:55:07,383 [ZAP-daemon] INFO  ExtensionLoader - Initializing ExtensionAlertFilters - Context alert rules filter
2026-01-13 13:55:07,385 [ZAP-daemon] INFO  ExtensionLoader - Initializing Alert Filters Automation - Alert Filters Automation Framework Integration
2026-01-13 13:55:07,389 [ZAP-daemon] INFO  ExtensionLoader - Initializing Active Scan Rules - Release status active scan rules
2026-01-13 13:55:07,390 [ZAP-daemon] INFO  ExtensionLoader - Initializing Authentication Helper - Authentication Helper
2026-01-13 13:55:07,396 [ZAP-daemon] INFO  ExtensionLoader - Initializing Client Spider Browser Based Authentication Support - Enables browser based authentication when performing an authenticated Client Spider scan.
2026-01-13 13:55:07,398 [ZAP-daemon] INFO  ExtensionLoader - Initializing Authentication Helper Reports - Authentication Helper Reports
2026-01-13 13:55:07,399 [ZAP-daemon] INFO  ExtensionLoader - Initializing AJAX Spider Browser Based Authentication Support - Enables browser based authentication when performing an authenticated AJAX Spider scan.
2026-01-13 13:55:07,402 [ZAP-daemon] INFO  ExtensionLoader - Initializing Automation Framework - Provides functionality to simplify using ZAP in an automated manner
2026-01-13 13:55:07,406 [ZAP-daemon] INFO  ExtensionLoader - Initializing ExtensionClientIntegration - Client Side Integration
2026-01-13 13:55:07,414 [ZAP-daemon] INFO  ExtensionLoader - Initializing Client Spider Automation - Client Spider Automation Framework Integration
2026-01-13 13:55:07,417 [ZAP-daemon] INFO  ExtensionLoader - Initializing Client Zest Script Recording Support - Allows recording client events as Zest scripts.
2026-01-13 13:55:07,420 [ZAP-daemon] INFO  ExtensionLoader - Initializing Common Library - A library of shared functionality
2026-01-13 13:55:07,421 [ZAP-daemon] INFO  ExtensionLoader - Initializing Database Extension - Provides databases and persistence capabilities.
2026-01-13 13:55:07,421 [ZAP-daemon] INFO  ExtensionLoader - Initializing ExtensionDomXSS - DOM XSS Active Scan Rule
2026-01-13 13:55:07,545 [ZAP-daemon] INFO  ExtensionLoader - Initializing Import/Export - Import and Export functionality supporting multiple formats.
2026-01-13 13:55:07,547 [ZAP-daemon] INFO  ExtensionLoader - Initializing Import/Export Automation - Import/Export Automation Framework Integration
2026-01-13 13:55:07,551 [ZAP-daemon] INFO  ExtensionLoader - Initializing ExtensionFormHandler - This extension allows a user to change the default values used for generated content (e.g. spiders, importers).
2026-01-13 13:55:07,553 [ZAP-daemon] INFO  ExtensionLoader - Initializing Advance Fuzzer - Provides the foundation for concrete message types (for example, HTTP, WebSockets) expose fuzzer implementations.
2026-01-13 13:55:07,555 [ZAP-daemon] INFO  ExtensionLoader - Initializing HTTP Fuzzer - Allows to fuzz HTTP messages.
2026-01-13 13:55:07,556 [ZAP-daemon] INFO  ExtensionLoader - Initializing ExtensionGettingStarted - The ZAP Getting Started Guide
2026-01-13 13:55:07,556 [ZAP-daemon] INFO  ExtensionLoader - Initializing GraalVM JavaScript Engine Extension - Provides the GraalVM JavaScript engine for ZAP scripting.
2026-01-13 13:55:08,741 [ZAP-daemon] INFO  ExtensionLoader - Initializing ExtensionGraphQl - Allows you to inspect and attack GraphQL endpoints.
2026-01-13 13:55:08,747 [ZAP-daemon] INFO  ExtensionLoader - Initializing GraphQL Automation - GraphQL Automation Framework Integration
2026-01-13 13:55:08,749 [ZAP-daemon] INFO  ExtensionLoader - Initializing GraphQL Spider - GraphQL Spider Integration
2026-01-13 13:55:08,749 [ZAP-daemon] INFO  ExtensionLoader - Initializing ExtensionHUD - Heads Up Display
2026-01-13 13:55:11,234 [ZAP-daemon] INFO  ExtensionLoader - Initializing ExtensionHUDlaunch - ExtensionHUDlaunch
2026-01-13 13:55:11,235 [ZAP-daemon] INFO  ExtensionLoader - Initializing ExtensionInsights - Insights Extension
2026-01-13 13:55:11,236 [ZAP-daemon] INFO  ExtensionLoader - Initializing Alert Filters Automation - Alert Filters Automation Framework Integration
2026-01-13 13:55:11,237 [ZAP-daemon] INFO  ExtensionLoader - Initializing Insights Reports Extension - Adds Insights to the report data
2026-01-13 13:55:11,238 [ZAP-daemon] INFO  ExtensionLoader - Initializing Out-of-band Application Security Testing - Adds Out-of-band Application Security Testing functionality.
2026-01-13 13:55:11,250 [ZAP-daemon] INFO  ExtensionLoader - Initializing OAST Scripts - Adds OAST scripts.
2026-01-13 13:55:11,251 [ZAP-daemon] INFO  ExtensionLoader - Initializing ExtensionOnlineMenu - The Online menu links
2026-01-13 13:55:11,251 [ZAP-daemon] INFO  ExtensionLoader - Initializing OpenAPI Import - Allows you to spider and import OpenAPI (Swagger) definitions 
2026-01-13 13:55:11,252 [ZAP-daemon] INFO  ExtensionLoader - Initializing OpenAPI Automation - OpenAPI Automation Framework Integration
2026-01-13 13:55:11,253 [ZAP-daemon] INFO  ExtensionLoader - Initializing OpenAPI Spider - OpenAPI Spider Integration
2026-01-13 13:55:11,256 [ZAP-daemon] INFO  ExtensionLoader - Initializing Postman Import - Allows you to spider and import Postman collections
2026-01-13 13:55:11,256 [ZAP-daemon] INFO  ExtensionLoader - Initializing Postman Automation - Postman Automation Framework Integration
2026-01-13 13:55:11,257 [ZAP-daemon] INFO  ExtensionLoader - Initializing Passive Scanner Extension - Provides core passive scanning capabilities.
2026-01-13 13:55:11,275 [ZAP-daemon] INFO  ExtensionLoader - Initializing Passive Scanner Automation Framework Extension - Provides jobs and result data related to the passive scanner.
2026-01-13 13:55:11,276 [ZAP-daemon] INFO  ExtensionLoader - Initializing Passive Scan Rules - Release status passive scan rules.
2026-01-13 13:55:11,277 [ZAP-daemon] INFO  ExtensionLoader - Initializing Quick Start panel  - Adds the Quick Start panel for scanning and exploring applications
2026-01-13 13:55:11,279 [ZAP-daemon] INFO  ExtensionLoader - Initializing Quick Start Ajax Spider integration - Add the option to use the Ajax Spider in the Quick Start scan
2026-01-13 13:55:11,279 [ZAP-daemon] INFO  ExtensionLoader - Initializing Quick Start HUD Integration - HUD integration for the quick start panel
2026-01-13 13:55:11,279 [ZAP-daemon] INFO  ExtensionLoader - Initializing Quick Start Browser Launcher - Launch browsers preset proxying through ZAP
2026-01-13 13:55:11,280 [ZAP-daemon] INFO  ExtensionLoader - Initializing Quick Start Spider Integration - Adds the option to use the traditional Spider in the Quick Start scan.
2026-01-13 13:55:11,282 [ZAP-daemon] INFO  ExtensionLoader - Initializing Match and Replace - Easy way to replace strings in requests and responses
2026-01-13 13:55:11,285 [ZAP-daemon] INFO  ExtensionLoader - Initializing Replacer Automation - Replacer Automation Framework Integration
2026-01-13 13:55:11,286 [ZAP-daemon] INFO  ExtensionLoader - Initializing Report Generator - Templated and themed report generation functionality
2026-01-13 13:55:11,289 [ZAP-daemon] INFO  ExtensionLoader - Initializing Report Generation Automation Integration - Report Generation Automation Integration
2026-01-13 13:55:11,290 [ZAP-daemon] INFO  ExtensionLoader - Initializing Retest - Facilitates the verification of presence/absence of certain alerts.
2026-01-13 13:55:11,291 [ZAP-daemon] INFO  ExtensionLoader - Initializing Scripts Automation Framework Integration - Scripts Automation
2026-01-13 13:55:11,303 [ZAP-daemon] INFO  ExtensionLoader - Initializing Sequence Automation - Sequence Automation Framework Integration
2026-01-13 13:55:11,306 [ZAP-daemon] INFO  ExtensionLoader - Initializing SOAP Automation - SOAP Automation Framework Integration
2026-01-13 13:55:11,307 [ZAP-daemon] INFO  ExtensionLoader - Initializing SOAP Spider - SOAP Spider Integration
2026-01-13 13:55:11,308 [ZAP-daemon] INFO  ExtensionLoader - Initializing Spider Extension - Spider used for automatically finding URIs on a site.
2026-01-13 13:55:11,344 [ZAP-daemon] INFO  ExtensionLoader - Initializing Spider Automation - Spider Automation Integration
2026-01-13 13:55:11,348 [ZAP-daemon] INFO  ExtensionLoader - Initializing Ajax Spider Automation - Ajax Spider Automation Framework Integration
2026-01-13 13:55:11,353 [ZAP-daemon] INFO  ExtensionLoader - Initializing ExtensionTipsAndTricks - Tips and Tricks
2026-01-13 13:55:11,353 [ZAP-daemon] INFO  ExtensionLoader - Initializing WebSocket Fuzzer - Allows to fuzz WebSocket messages.
2026-01-13 13:55:11,353 [ZAP-daemon] INFO  ExtensionLoader - Initializing WebSocket Message Editor - Provides the WebSocket Message Editor dialogues.
2026-01-13 13:55:11,692 [ZAP-daemon] WARN  SeleniumManager - Unable to discover proper geckodriver version in offline mode
2026-01-13 13:55:11,702 [ZAP-daemon] WARN  FirefoxProfileManager - Unable to find Firefox binary through SeleniumManager.
2026-01-13 13:55:11,702 [ZAP-daemon] ERROR ExtensionClientIntegration - Failed to get or create Firefox profile zap-client-profile
2026-01-13 13:55:11,905 [ZAP-daemon] INFO  CallbackService - Started callback service on 0.0.0.0:9008
2026-01-13 13:55:11,917 [ZAP-daemon] INFO  ScanRuleManager - Loaded passive scan rule: Authentication Request Identified
2026-01-13 13:55:11,918 [ZAP-daemon] INFO  ScanRuleManager - Loaded passive scan rule: Session Management Response Identified
2026-01-13 13:55:11,918 [ZAP-daemon] INFO  ScanRuleManager - Loaded passive scan rule: Verification Request Identified
2026-01-13 13:55:11,957 [ZAP-daemon] INFO  ScanRuleManager - Loaded passive scan rule: Anti-clickjacking Header
2026-01-13 13:55:11,958 [ZAP-daemon] INFO  ScanRuleManager - Loaded passive scan rule: Application Error Disclosure
2026-01-13 13:55:11,958 [ZAP-daemon] INFO  ScanRuleManager - Loaded passive scan rule: Big Redirect Detected (Potential Sensitive Information Leak)
2026-01-13 13:55:11,958 [ZAP-daemon] INFO  ScanRuleManager - Loaded passive scan rule: Re-examine Cache-control Directives
2026-01-13 13:55:11,958 [ZAP-daemon] INFO  ScanRuleManager - Loaded passive scan rule: Charset Mismatch
2026-01-13 13:55:11,958 [ZAP-daemon] INFO  ScanRuleManager - Loaded passive scan rule: Content Security Policy (CSP) Header Not Set
2026-01-13 13:55:11,958 [ZAP-daemon] INFO  ScanRuleManager - Loaded passive scan rule: CSP
2026-01-13 13:55:11,959 [ZAP-daemon] INFO  ScanRuleManager - Loaded passive scan rule: Content-Type Header Missing
2026-01-13 13:55:11,959 [ZAP-daemon] INFO  ScanRuleManager - Loaded passive scan rule: Cookie No HttpOnly Flag
2026-01-13 13:55:11,959 [ZAP-daemon] INFO  ScanRuleManager - Loaded passive scan rule: Loosely Scoped Cookie
2026-01-13 13:55:11,959 [ZAP-daemon] INFO  ScanRuleManager - Loaded passive scan rule: Cookie without SameSite Attribute
2026-01-13 13:55:11,959 [ZAP-daemon] INFO  ScanRuleManager - Loaded passive scan rule: Cookie Without Secure Flag
2026-01-13 13:55:11,960 [ZAP-daemon] INFO  ScanRuleManager - Loaded passive scan rule: Cross-Domain Misconfiguration
2026-01-13 13:55:11,960 [ZAP-daemon] INFO  ScanRuleManager - Loaded passive scan rule: Cross-Domain JavaScript Source File Inclusion
2026-01-13 13:55:11,960 [ZAP-daemon] INFO  ScanRuleManager - Loaded passive scan rule: Absence of Anti-CSRF Tokens
2026-01-13 13:55:11,960 [ZAP-daemon] INFO  ScanRuleManager - Loaded passive scan rule: Directory Browsing
2026-01-13 13:55:11,960 [ZAP-daemon] INFO  ScanRuleManager - Loaded passive scan rule: Hash Disclosure
2026-01-13 13:55:11,960 [ZAP-daemon] INFO  ScanRuleManager - Loaded passive scan rule: Heartbleed OpenSSL Vulnerability (Indicative)
2026-01-13 13:55:11,960 [ZAP-daemon] INFO  ScanRuleManager - Loaded passive scan rule: In Page Banner Information Leak
2026-01-13 13:55:11,960 [ZAP-daemon] INFO  ScanRuleManager - Loaded passive scan rule: Private IP Disclosure
2026-01-13 13:55:11,961 [ZAP-daemon] INFO  ScanRuleManager - Loaded passive scan rule: Session ID in URL Rewrite
2026-01-13 13:55:11,961 [ZAP-daemon] INFO  ScanRuleManager - Loaded passive scan rule: Information Disclosure - Debug Error Messages
2026-01-13 13:55:11,961 [ZAP-daemon] INFO  ScanRuleManager - Loaded passive scan rule: Information Disclosure - Sensitive Information in URL
2026-01-13 13:55:11,961 [ZAP-daemon] INFO  ScanRuleManager - Loaded passive scan rule: Information Disclosure - Sensitive Information in HTTP Referrer Header
2026-01-13 13:55:11,961 [ZAP-daemon] INFO  ScanRuleManager - Loaded passive scan rule: Information Disclosure - Suspicious Comments
2026-01-13 13:55:11,961 [ZAP-daemon] INFO  ScanRuleManager - Loaded passive scan rule: Weak Authentication Method
2026-01-13 13:55:11,961 [ZAP-daemon] INFO  ScanRuleManager - Loaded passive scan rule: HTTP to HTTPS Insecure Transition in Form Post
2026-01-13 13:55:11,961 [ZAP-daemon] INFO  ScanRuleManager - Loaded passive scan rule: HTTPS to HTTP Insecure Transition in Form Post
2026-01-13 13:55:11,961 [ZAP-daemon] INFO  ScanRuleManager - Loaded passive scan rule: Insecure JSF ViewState
2026-01-13 13:55:11,961 [ZAP-daemon] INFO  ScanRuleManager - Loaded passive scan rule: Java Serialization Object
2026-01-13 13:55:11,961 [ZAP-daemon] INFO  ScanRuleManager - Loaded passive scan rule: Reverse Tabnabbing
2026-01-13 13:55:11,961 [ZAP-daemon] INFO  ScanRuleManager - Loaded passive scan rule: Secure Pages Include Mixed Content
2026-01-13 13:55:11,962 [ZAP-daemon] INFO  ScanRuleManager - Loaded passive scan rule: Modern Web Application
2026-01-13 13:55:11,962 [ZAP-daemon] INFO  ScanRuleManager - Loaded passive scan rule: PII Disclosure
2026-01-13 13:55:11,962 [ZAP-daemon] INFO  ScanRuleManager - Loaded passive scan rule: Script Served From Malicious Domain (polyfill)
2026-01-13 13:55:11,962 [ZAP-daemon] INFO  ScanRuleManager - Loaded passive scan rule: Retrieved from Cache
2026-01-13 13:55:11,962 [ZAP-daemon] INFO  ScanRuleManager - Loaded passive scan rule: HTTP Server Response Header
2026-01-13 13:55:11,962 [ZAP-daemon] INFO  ScanRuleManager - Loaded passive scan rule: Strict-Transport-Security Header
2026-01-13 13:55:11,962 [ZAP-daemon] INFO  ScanRuleManager - Loaded passive scan rule: Sub Resource Integrity Attribute Missing
2026-01-13 13:55:11,962 [ZAP-daemon] INFO  ScanRuleManager - Loaded passive scan rule: Timestamp Disclosure
2026-01-13 13:55:11,962 [ZAP-daemon] INFO  ScanRuleManager - Loaded passive scan rule: User Controllable Charset
2026-01-13 13:55:11,962 [ZAP-daemon] INFO  ScanRuleManager - Loaded passive scan rule: Cookie Poisoning
2026-01-13 13:55:11,962 [ZAP-daemon] INFO  ScanRuleManager - Loaded passive scan rule: User Controllable HTML Element Attribute (Potential XSS)
2026-01-13 13:55:11,962 [ZAP-daemon] INFO  ScanRuleManager - Loaded passive scan rule: User Controllable JavaScript Event (XSS)
2026-01-13 13:55:11,963 [ZAP-daemon] INFO  ScanRuleManager - Loaded passive scan rule: Off-site Redirect
2026-01-13 13:55:11,963 [ZAP-daemon] INFO  ScanRuleManager - Loaded passive scan rule: Username Hash Found
2026-01-13 13:55:11,963 [ZAP-daemon] INFO  ScanRuleManager - Loaded passive scan rule: Viewstate
2026-01-13 13:55:11,963 [ZAP-daemon] INFO  ScanRuleManager - Loaded passive scan rule: X-AspNet-Version Response Header
2026-01-13 13:55:11,963 [ZAP-daemon] INFO  ScanRuleManager - Loaded passive scan rule: X-Backend-Server Header Information Leak
2026-01-13 13:55:11,963 [ZAP-daemon] INFO  ScanRuleManager - Loaded passive scan rule: X-ChromeLogger-Data (XCOLD) Header Information Leak
2026-01-13 13:55:11,963 [ZAP-daemon] INFO  ScanRuleManager - Loaded passive scan rule: X-Content-Type-Options Header Missing
2026-01-13 13:55:11,963 [ZAP-daemon] INFO  ScanRuleManager - Loaded passive scan rule: X-Debug-Token Information Leak
2026-01-13 13:55:11,963 [ZAP-daemon] INFO  ScanRuleManager - Loaded passive scan rule: Server Leaks Information via "X-Powered-By" HTTP Response Header Field(s)
2026-01-13 13:55:11,963 [ZAP-daemon] INFO  ScanRuleManager - Loaded passive scan rule: ZAP is Out of Date
2026-01-13 13:55:11,965 [ZAP-daemon] INFO  ScanRuleManager - Loaded passive scan rule: Vulnerable JS Library (Powered by Retire.js)
2026-01-13 13:55:11,967 [ZAP-daemon] INFO  ScanRuleManager - Loaded passive scan rule: Script Passive Scan Rules
2026-01-13 13:55:11,968 [ZAP-daemon] INFO  ScanRuleManager - Loaded passive scan rule: WSDL File Detection
2026-01-13 13:55:11,968 [ZAP-daemon] INFO  ScanRuleManager - Loaded passive scan rule: Stats Passive Scan Rule
2026-01-13 13:55:11,969 [ZAP-daemon] INFO  ExtensionNetwork - Creating new root CA certificate.
2026-01-13 13:55:13,081 [ZAP-daemon] INFO  ExtensionNetwork - New root CA certificate created.
2026-01-13 13:55:15,135 [ZAP-daemon] INFO  ExtensionAutoUpdate - There is/are 5 newer addons
2026-01-13 13:55:26,282 [ZAP-DownloadInstaller] INFO  ExtensionAutoUpdate - Installing new addon retire v0.53.0
2026-01-13 13:55:26,288 [ZAP-DownloadInstaller] INFO  ScanRuleManager - Loaded passive scan rule: Vulnerable JS Library (Powered by Retire.js)
2026-01-13 13:55:26,296 [ZAP-DownloadInstaller] INFO  ExtensionAutoUpdate - Finished installing new addon retire v0.53.0
2026-01-13 13:55:26,323 [ZAP-DownloadInstaller] INFO  ExtensionAutoUpdate - Installing new addon ascanrules v79.0.0
2026-01-13 13:55:26,443 [ZAP-DownloadInstaller] INFO  ExtensionAutoUpdate - Finished installing new addon ascanrules v79.0.0
2026-01-13 13:55:26,462 [ZAP-DownloadInstaller] INFO  ExtensionAutoUpdate - Installing new addon openapi v49.0.0
2026-01-13 13:55:26,536 [ZAP-DownloadInstaller] INFO  ExtensionAutoUpdate - Finished installing new addon openapi v49.0.0
2026-01-13 13:55:26,571 [ZAP-DownloadInstaller] INFO  ExtensionAutoUpdate - Installing new addon webdriverwindows v173.0.0
2026-01-13 13:55:27,249 [ZAP-DownloadInstaller] INFO  ExtensionAutoUpdate - Finished installing new addon webdriverwindows v173.0.0
2026-01-13 13:55:27,259 [ZAP-DownloadInstaller] INFO  ExtensionAutoUpdate - Installing new addon insights v0.1.0
2026-01-13 13:55:27,286 [ZAP-DownloadInstaller] INFO  ExtensionAutoUpdate - Finished installing new addon insights v0.1.0
2026-01-13 13:55:27,399 [ZAP-daemon] INFO  CommandLine - Add-on downloaded to: D:\NetShieldAI\Services\temp_zap_instances\user_DivyaViradiya_1_26174\plugin\insights-alpha-0.1.0.zap
2026-01-13 13:55:27,399 [ZAP-daemon] INFO  CommandLine - Add-on downloaded to: D:\NetShieldAI\Services\temp_zap_instances\user_DivyaViradiya_1_26174\plugin\retire-release-0.53.0.zap
2026-01-13 13:55:27,400 [ZAP-daemon] INFO  CommandLine - Add-on downloaded to: D:\NetShieldAI\Services\temp_zap_instances\user_DivyaViradiya_1_26174\plugin\ascanrules-release-79.zap
2026-01-13 13:55:27,400 [ZAP-daemon] INFO  CommandLine - Add-on downloaded to: D:\NetShieldAI\Services\temp_zap_instances\user_DivyaViradiya_1_26174\plugin\openapi-beta-49.zap
2026-01-13 13:55:27,400 [ZAP-daemon] INFO  CommandLine - Add-on downloaded to: D:\NetShieldAI\Services\temp_zap_instances\user_DivyaViradiya_1_26174\plugin\webdriverwindows-release-173.zap
2026-01-13 13:55:27,414 [ZAP-daemon] INFO  ExtensionNetwork - ZAP is now listening on localhost:26174
2026-01-13 13:56:47,224 [ZAP-IO-Server-1-1] INFO  Scanner - scanner with ID 0 started
2026-01-13 13:56:52,157 [ZAP-Scanner-0] INFO  HostProcess - Scanning 33 node(s) from https://petstore.swagger.io
2026-01-13 13:56:52,163 [ZAP-Scanner-0] INFO  HostProcess - start host https://petstore.swagger.io | PathTraversalScanRule strength MEDIUM threshold MEDIUM
2026-01-13 13:59:46,612 [ZAP-Scanner-0] INFO  HostProcess - completed host/plugin https://petstore.swagger.io | PathTraversalScanRule in 174.453s with 1263 message(s) sent and 0 alert(s) raised.
2026-01-13 13:59:46,613 [ZAP-Scanner-0] INFO  HostProcess - start host https://petstore.swagger.io | RemoteFileIncludeScanRule strength MEDIUM threshold MEDIUM
2026-01-13 14:01:26,262 [ZAP-Scanner-0] INFO  HostProcess - completed host/plugin https://petstore.swagger.io | RemoteFileIncludeScanRule in 99.649s with 790 message(s) sent and 0 alert(s) raised.
2026-01-13 14:01:26,264 [ZAP-Scanner-0] INFO  HostProcess - start host https://petstore.swagger.io | SourceCodeDisclosureWebInfScanRule strength MEDIUM threshold MEDIUM
2026-01-13 14:01:26,265 [ZAP-Scanner-0] INFO  HostProcess - start host https://petstore.swagger.io | ShellShockScanRule strength MEDIUM threshold MEDIUM
2026-01-13 14:01:27,055 [ZAP-ActiveScanner-0] INFO  HostProcess - completed host/plugin https://petstore.swagger.io | SourceCodeDisclosureWebInfScanRule in 0.792s with 2 message(s) sent and 0 alert(s) raised.
2026-01-13 14:01:46,797 [ZAP-Scanner-0] INFO  HostProcess - completed host/plugin https://petstore.swagger.io | ShellShockScanRule in 20.532s with 158 message(s) sent and 0 alert(s) raised.
2026-01-13 14:01:46,797 [ZAP-Scanner-0] INFO  HostProcess - start host https://petstore.swagger.io | HeartBleedActiveScanRule strength MEDIUM threshold MEDIUM
2026-01-13 14:01:46,799 [ZAP-Scanner-0] INFO  HostProcess - start host https://petstore.swagger.io | SourceCodeDisclosureCve20121823ScanRule strength MEDIUM threshold MEDIUM
2026-01-13 14:01:57,695 [ZAP-ActiveScanner-0] INFO  HostProcess - completed host/plugin https://petstore.swagger.io | HeartBleedActiveScanRule in 10.897s with 6 message(s) sent and 0 alert(s) raised.
2026-01-13 14:01:57,697 [ZAP-Scanner-0] INFO  HostProcess - completed host/plugin https://petstore.swagger.io | SourceCodeDisclosureCve20121823ScanRule in 10.898s with 20 message(s) sent and 0 alert(s) raised.
2026-01-13 14:01:57,697 [ZAP-Scanner-0] INFO  HostProcess - start host https://petstore.swagger.io | RemoteCodeExecutionCve20121823ScanRule strength MEDIUM threshold MEDIUM
2026-01-13 14:02:00,600 [ZAP-Scanner-0] INFO  HostProcess - completed host/plugin https://petstore.swagger.io | RemoteCodeExecutionCve20121823ScanRule in 2.903s with 66 message(s) sent and 0 alert(s) raised.
2026-01-13 14:02:00,601 [ZAP-Scanner-0] INFO  HostProcess - start host https://petstore.swagger.io | ExternalRedirectScanRule strength MEDIUM threshold MEDIUM
2026-01-13 14:03:29,677 [ZAP-Scanner-0] INFO  HostProcess - completed host/plugin https://petstore.swagger.io | ExternalRedirectScanRule in 89.076s with 711 message(s) sent and 0 alert(s) raised.
2026-01-13 14:03:29,679 [ZAP-Scanner-0] INFO  HostProcess - start host https://petstore.swagger.io | ServerSideIncludeScanRule strength MEDIUM threshold MEDIUM
2026-01-13 14:04:09,212 [ZAP-Scanner-0] INFO  HostProcess - completed host/plugin https://petstore.swagger.io | ServerSideIncludeScanRule in 39.534s with 316 message(s) sent and 0 alert(s) raised.
2026-01-13 14:04:09,213 [ZAP-Scanner-0] INFO  HostProcess - start host https://petstore.swagger.io | CrossSiteScriptingScanRule strength MEDIUM threshold MEDIUM
2026-01-13 14:04:59,512 [ZAP-Scanner-0] INFO  HostProcess - completed host/plugin https://petstore.swagger.io | CrossSiteScriptingScanRule in 50.299s with 290 message(s) sent and 0 alert(s) raised.
2026-01-13 14:04:59,512 [ZAP-Scanner-0] INFO  HostProcess - start host https://petstore.swagger.io | PersistentXssPrimeScanRule strength MEDIUM threshold MEDIUM
2026-01-13 14:05:09,991 [ZAP-Scanner-0] INFO  HostProcess - completed host/plugin https://petstore.swagger.io | PersistentXssPrimeScanRule in 10.479s with 79 message(s) sent and 0 alert(s) raised.
2026-01-13 14:05:09,992 [ZAP-Scanner-0] INFO  HostProcess - start host https://petstore.swagger.io | PersistentXssSpiderScanRule strength MEDIUM threshold MEDIUM
2026-01-13 14:05:13,125 [ZAP-Scanner-0] INFO  HostProcess - completed host/plugin https://petstore.swagger.io | PersistentXssSpiderScanRule in 3.133s with 33 message(s) sent and 0 alert(s) raised.
2026-01-13 14:05:13,126 [ZAP-Scanner-0] INFO  HostProcess - start host https://petstore.swagger.io | PersistentXssScanRule strength MEDIUM threshold MEDIUM
2026-01-13 14:05:15,192 [ZAP-Scanner-0] INFO  HostProcess - completed host/plugin https://petstore.swagger.io | PersistentXssScanRule in 2.067s with 0 message(s) sent and 0 alert(s) raised.
2026-01-13 14:05:15,193 [ZAP-Scanner-0] INFO  HostProcess - start host https://petstore.swagger.io | SqlInjectionScanRule strength MEDIUM threshold MEDIUM
2026-01-13 14:09:25,600 [ZAP-Scanner-0] INFO  HostProcess - completed host/plugin https://petstore.swagger.io | SqlInjectionScanRule in 250.407s with 1956 message(s) sent and 0 alert(s) raised.
2026-01-13 14:09:25,602 [ZAP-Scanner-0] INFO  HostProcess - start host https://petstore.swagger.io | SqlInjectionMySqlTimingScanRule strength MEDIUM threshold MEDIUM
2026-01-13 14:11:07,331 [ZAP-Scanner-0] INFO  HostProcess - completed host/plugin https://petstore.swagger.io | SqlInjectionMySqlTimingScanRule in 101.729s with 790 message(s) sent and 0 alert(s) raised.
2026-01-13 14:11:07,333 [ZAP-Scanner-0] INFO  HostProcess - start host https://petstore.swagger.io | SqlInjectionHypersonicTimingScanRule strength MEDIUM threshold MEDIUM
2026-01-13 14:12:48,696 [ZAP-Scanner-0] INFO  HostProcess - completed host/plugin https://petstore.swagger.io | SqlInjectionHypersonicTimingScanRule in 101.362s with 790 message(s) sent and 0 alert(s) raised.
2026-01-13 14:12:48,697 [ZAP-Scanner-0] INFO  HostProcess - start host https://petstore.swagger.io | SqlInjectionOracleTimingScanRule strength MEDIUM threshold MEDIUM
2026-01-13 14:13:38,959 [ZAP-Scanner-0] INFO  HostProcess - completed host/plugin https://petstore.swagger.io | SqlInjectionOracleTimingScanRule in 50.262s with 395 message(s) sent and 0 alert(s) raised.
2026-01-13 14:13:38,960 [ZAP-Scanner-0] INFO  HostProcess - start host https://petstore.swagger.io | SqlInjectionPostgreSqlTimingScanRule strength MEDIUM threshold MEDIUM
2026-01-13 14:14:29,270 [ZAP-Scanner-0] INFO  HostProcess - completed host/plugin https://petstore.swagger.io | SqlInjectionPostgreSqlTimingScanRule in 50.31s with 395 message(s) sent and 0 alert(s) raised.
2026-01-13 14:14:29,270 [ZAP-Scanner-0] INFO  HostProcess - start host https://petstore.swagger.io | DomXssScanRule strength MEDIUM threshold MEDIUM
2026-01-13 14:14:30,342 [ZAP-ActiveScanner-0] WARN  DomXssScanRule - Skipping scanner, failed to start browser: Could not start a new session. Response code 500. Message: Expected browser binary location, but unable to find binary in default location, no 'moz:firefoxOptions.binary' capability provided, and no binary flag set on the command line 
Host info: host: 'DELL-INS7420', ip: '192.168.29.48'
Build info: version: '4.39.0', revision: '126f156aee'
System info: os.name: 'Windows 11', os.arch: 'amd64', os.version: '10.0', java.version: '24.0.2'
Driver info: org.openqa.selenium.firefox.FirefoxDriver
Command: [null, newSession {capabilities=[Capabilities {acceptInsecureCerts: true, browserName: firefox, moz:firefoxOptions: {args: [-headless], prefs: {browser.tabs.documentchannel: false, devtools.jsonview.enabled: false, dom.serviceWorkers.enabled: true, network.captive-portal-service.enabled: false, network.proxy.allow_hijacking_localhost: true, network.proxy.http: 127.0.0.1, network.proxy.http_port: 2695, network.proxy.no_proxies_on: , network.proxy.share_proxy_settings: true, network.proxy.ssl: 127.0.0.1, network.proxy.ssl_port: 2695, network.proxy.type: 1, remote.active-protocols: 1}}, unhandledPromptBehavior: ignore, webSocketUrl: true}]}]
2026-01-13 14:14:30,342 [ZAP-ActiveScanner-8] WARN  DomXssScanRule - Skipping scanner, failed to start browser: Could not start a new session. Response code 500. Message: Expected browser binary location, but unable to find binary in default location, no 'moz:firefoxOptions.binary' capability provided, and no binary flag set on the command line 
Host info: host: 'DELL-INS7420', ip: '192.168.29.48'
Build info: version: '4.39.0', revision: '126f156aee'
System info: os.name: 'Windows 11', os.arch: 'amd64', os.version: '10.0', java.version: '24.0.2'
Driver info: org.openqa.selenium.firefox.FirefoxDriver
Command: [null, newSession {capabilities=[Capabilities {acceptInsecureCerts: true, browserName: firefox, moz:firefoxOptions: {args: [-headless], prefs: {browser.tabs.documentchannel: false, devtools.jsonview.enabled: false, dom.serviceWorkers.enabled: true, network.captive-portal-service.enabled: false, network.proxy.allow_hijacking_localhost: true, network.proxy.http: 127.0.0.1, network.proxy.http_port: 2695, network.proxy.no_proxies_on: , network.proxy.share_proxy_settings: true, network.proxy.ssl: 127.0.0.1, network.proxy.ssl_port: 2695, network.proxy.type: 1, remote.active-protocols: 1}}, unhandledPromptBehavior: ignore, webSocketUrl: true}]}]
2026-01-13 14:14:30,342 [ZAP-ActiveScanner-9] WARN  DomXssScanRule - Skipping scanner, failed to start browser: Could not start a new session. Response code 500. Message: Expected browser binary location, but unable to find binary in default location, no 'moz:firefoxOptions.binary' capability provided, and no binary flag set on the command line 
Host info: host: 'DELL-INS7420', ip: '192.168.29.48'
Build info: version: '4.39.0', revision: '126f156aee'
System info: os.name: 'Windows 11', os.arch: 'amd64', os.version: '10.0', java.version: '24.0.2'
Driver info: org.openqa.selenium.firefox.FirefoxDriver
Command: [null, newSession {capabilities=[Capabilities {acceptInsecureCerts: true, browserName: firefox, moz:firefoxOptions: {args: [-headless], prefs: {browser.tabs.documentchannel: false, devtools.jsonview.enabled: false, dom.serviceWorkers.enabled: true, network.captive-portal-service.enabled: false, network.proxy.allow_hijacking_localhost: true, network.proxy.http: 127.0.0.1, network.proxy.http_port: 2695, network.proxy.no_proxies_on: , network.proxy.share_proxy_settings: true, network.proxy.ssl: 127.0.0.1, network.proxy.ssl_port: 2695, network.proxy.type: 1, remote.active-protocols: 1}}, unhandledPromptBehavior: ignore, webSocketUrl: true}]}]
2026-01-13 14:14:30,342 [ZAP-ActiveScanner-2] WARN  DomXssScanRule - Skipping scanner, failed to start browser: Could not start a new session. Response code 500. Message: Expected browser binary location, but unable to find binary in default location, no 'moz:firefoxOptions.binary' capability provided, and no binary flag set on the command line 
Host info: host: 'DELL-INS7420', ip: '192.168.29.48'
Build info: version: '4.39.0', revision: '126f156aee'
System info: os.name: 'Windows 11', os.arch: 'amd64', os.version: '10.0', java.version: '24.0.2'
Driver info: org.openqa.selenium.firefox.FirefoxDriver
Command: [null, newSession {capabilities=[Capabilities {acceptInsecureCerts: true, browserName: firefox, moz:firefoxOptions: {args: [-headless], prefs: {browser.tabs.documentchannel: false, devtools.jsonview.enabled: false, dom.serviceWorkers.enabled: true, network.captive-portal-service.enabled: false, network.proxy.allow_hijacking_localhost: true, network.proxy.http: 127.0.0.1, network.proxy.http_port: 2695, network.proxy.no_proxies_on: , network.proxy.share_proxy_settings: true, network.proxy.ssl: 127.0.0.1, network.proxy.ssl_port: 2695, network.proxy.type: 1, remote.active-protocols: 1}}, unhandledPromptBehavior: ignore, webSocketUrl: true}]}]
2026-01-13 14:14:30,342 [ZAP-ActiveScanner-11] WARN  DomXssScanRule - Skipping scanner, failed to start browser: Could not start a new session. Response code 500. Message: Expected browser binary location, but unable to find binary in default location, no 'moz:firefoxOptions.binary' capability provided, and no binary flag set on the command line 
Host info: host: 'DELL-INS7420', ip: '192.168.29.48'
Build info: version: '4.39.0', revision: '126f156aee'
System info: os.name: 'Windows 11', os.arch: 'amd64', os.version: '10.0', java.version: '24.0.2'
Driver info: org.openqa.selenium.firefox.FirefoxDriver
Command: [null, newSession {capabilities=[Capabilities {acceptInsecureCerts: true, browserName: firefox, moz:firefoxOptions: {args: [-headless], prefs: {browser.tabs.documentchannel: false, devtools.jsonview.enabled: false, dom.serviceWorkers.enabled: true, network.captive-portal-service.enabled: false, network.proxy.allow_hijacking_localhost: true, network.proxy.http: 127.0.0.1, network.proxy.http_port: 2695, network.proxy.no_proxies_on: , network.proxy.share_proxy_settings: true, network.proxy.ssl: 127.0.0.1, network.proxy.ssl_port: 2695, network.proxy.type: 1, remote.active-protocols: 1}}, unhandledPromptBehavior: ignore, webSocketUrl: true}]}]
2026-01-13 14:14:30,342 [ZAP-ActiveScanner-1] WARN  DomXssScanRule - Skipping scanner, failed to start browser: Could not start a new session. Response code 500. Message: Expected browser binary location, but unable to find binary in default location, no 'moz:firefoxOptions.binary' capability provided, and no binary flag set on the command line 
Host info: host: 'DELL-INS7420', ip: '192.168.29.48'
Build info: version: '4.39.0', revision: '126f156aee'
System info: os.name: 'Windows 11', os.arch: 'amd64', os.version: '10.0', java.version: '24.0.2'
Driver info: org.openqa.selenium.firefox.FirefoxDriver
Command: [null, newSession {capabilities=[Capabilities {acceptInsecureCerts: true, browserName: firefox, moz:firefoxOptions: {args: [-headless], prefs: {browser.tabs.documentchannel: false, devtools.jsonview.enabled: false, dom.serviceWorkers.enabled: true, network.captive-portal-service.enabled: false, network.proxy.allow_hijacking_localhost: true, network.proxy.http: 127.0.0.1, network.proxy.http_port: 2695, network.proxy.no_proxies_on: , network.proxy.share_proxy_settings: true, network.proxy.ssl: 127.0.0.1, network.proxy.ssl_port: 2695, network.proxy.type: 1, remote.active-protocols: 1}}, unhandledPromptBehavior: ignore, webSocketUrl: true}]}]
2026-01-13 14:14:30,343 [ZAP-ActiveScanner-14] WARN  DomXssScanRule - Skipping scanner, failed to start browser: Could not start a new session. Response code 500. Message: Expected browser binary location, but unable to find binary in default location, no 'moz:firefoxOptions.binary' capability provided, and no binary flag set on the command line 
Host info: host: 'DELL-INS7420', ip: '192.168.29.48'
Build info: version: '4.39.0', revision: '126f156aee'
System info: os.name: 'Windows 11', os.arch: 'amd64', os.version: '10.0', java.version: '24.0.2'
Driver info: org.openqa.selenium.firefox.FirefoxDriver
Command: [null, newSession {capabilities=[Capabilities {acceptInsecureCerts: true, browserName: firefox, moz:firefoxOptions: {args: [-headless], prefs: {browser.tabs.documentchannel: false, devtools.jsonview.enabled: false, dom.serviceWorkers.enabled: true, network.captive-portal-service.enabled: false, network.proxy.allow_hijacking_localhost: true, network.proxy.http: 127.0.0.1, network.proxy.http_port: 2695, network.proxy.no_proxies_on: , network.proxy.share_proxy_settings: true, network.proxy.ssl: 127.0.0.1, network.proxy.ssl_port: 2695, network.proxy.type: 1, remote.active-protocols: 1}}, unhandledPromptBehavior: ignore, webSocketUrl: true}]}]
2026-01-13 14:14:30,343 [ZAP-ActiveScanner-7] WARN  DomXssScanRule - Skipping scanner, failed to start browser: Could not start a new session. Response code 500. Message: Expected browser binary location, but unable to find binary in default location, no 'moz:firefoxOptions.binary' capability provided, and no binary flag set on the command line 
Host info: host: 'DELL-INS7420', ip: '192.168.29.48'
Build info: version: '4.39.0', revision: '126f156aee'
System info: os.name: 'Windows 11', os.arch: 'amd64', os.version: '10.0', java.version: '24.0.2'
Driver info: org.openqa.selenium.firefox.FirefoxDriver
Command: [null, newSession {capabilities=[Capabilities {acceptInsecureCerts: true, browserName: firefox, moz:firefoxOptions: {args: [-headless], prefs: {browser.tabs.documentchannel: false, devtools.jsonview.enabled: false, dom.serviceWorkers.enabled: true, network.captive-portal-service.enabled: false, network.proxy.allow_hijacking_localhost: true, network.proxy.http: 127.0.0.1, network.proxy.http_port: 2695, network.proxy.no_proxies_on: , network.proxy.share_proxy_settings: true, network.proxy.ssl: 127.0.0.1, network.proxy.ssl_port: 2695, network.proxy.type: 1, remote.active-protocols: 1}}, unhandledPromptBehavior: ignore, webSocketUrl: true}]}]
2026-01-13 14:14:30,342 [ZAP-ActiveScanner-6] WARN  DomXssScanRule - Skipping scanner, failed to start browser: Could not start a new session. Response code 500. Message: Expected browser binary location, but unable to find binary in default location, no 'moz:firefoxOptions.binary' capability provided, and no binary flag set on the command line 
Host info: host: 'DELL-INS7420', ip: '192.168.29.48'
Build info: version: '4.39.0', revision: '126f156aee'
System info: os.name: 'Windows 11', os.arch: 'amd64', os.version: '10.0', java.version: '24.0.2'
Driver info: org.openqa.selenium.firefox.FirefoxDriver
Command: [null, newSession {capabilities=[Capabilities {acceptInsecureCerts: true, browserName: firefox, moz:firefoxOptions: {args: [-headless], prefs: {browser.tabs.documentchannel: false, devtools.jsonview.enabled: false, dom.serviceWorkers.enabled: true, network.captive-portal-service.enabled: false, network.proxy.allow_hijacking_localhost: true, network.proxy.http: 127.0.0.1, network.proxy.http_port: 2695, network.proxy.no_proxies_on: , network.proxy.share_proxy_settings: true, network.proxy.ssl: 127.0.0.1, network.proxy.ssl_port: 2695, network.proxy.type: 1, remote.active-protocols: 1}}, unhandledPromptBehavior: ignore, webSocketUrl: true}]}]
2026-01-13 14:14:30,343 [ZAP-ActiveScanner-5] WARN  DomXssScanRule - Skipping scanner, failed to start browser: Could not start a new session. Response code 500. Message: Expected browser binary location, but unable to find binary in default location, no 'moz:firefoxOptions.binary' capability provided, and no binary flag set on the command line 
Host info: host: 'DELL-INS7420', ip: '192.168.29.48'
Build info: version: '4.39.0', revision: '126f156aee'
System info: os.name: 'Windows 11', os.arch: 'amd64', os.version: '10.0', java.version: '24.0.2'
Driver info: org.openqa.selenium.firefox.FirefoxDriver
Command: [null, newSession {capabilities=[Capabilities {acceptInsecureCerts: true, browserName: firefox, moz:firefoxOptions: {args: [-headless], prefs: {browser.tabs.documentchannel: false, devtools.jsonview.enabled: false, dom.serviceWorkers.enabled: true, network.captive-portal-service.enabled: false, network.proxy.allow_hijacking_localhost: true, network.proxy.http: 127.0.0.1, network.proxy.http_port: 2695, network.proxy.no_proxies_on: , network.proxy.share_proxy_settings: true, network.proxy.ssl: 127.0.0.1, network.proxy.ssl_port: 2695, network.proxy.type: 1, remote.active-protocols: 1}}, unhandledPromptBehavior: ignore, webSocketUrl: true}]}]
2026-01-13 14:14:30,343 [ZAP-ActiveScanner-12] WARN  DomXssScanRule - Skipping scanner, failed to start browser: Could not start a new session. Response code 500. Message: Expected browser binary location, but unable to find binary in default location, no 'moz:firefoxOptions.binary' capability provided, and no binary flag set on the command line 
Host info: host: 'DELL-INS7420', ip: '192.168.29.48'
Build info: version: '4.39.0', revision: '126f156aee'
System info: os.name: 'Windows 11', os.arch: 'amd64', os.version: '10.0', java.version: '24.0.2'
Driver info: org.openqa.selenium.firefox.FirefoxDriver
Command: [null, newSession {capabilities=[Capabilities {acceptInsecureCerts: true, browserName: firefox, moz:firefoxOptions: {args: [-headless], prefs: {browser.tabs.documentchannel: false, devtools.jsonview.enabled: false, dom.serviceWorkers.enabled: true, network.captive-portal-service.enabled: false, network.proxy.allow_hijacking_localhost: true, network.proxy.http: 127.0.0.1, network.proxy.http_port: 2695, network.proxy.no_proxies_on: , network.proxy.share_proxy_settings: true, network.proxy.ssl: 127.0.0.1, network.proxy.ssl_port: 2695, network.proxy.type: 1, remote.active-protocols: 1}}, unhandledPromptBehavior: ignore, webSocketUrl: true}]}]
2026-01-13 14:14:30,343 [ZAP-ActiveScanner-4] WARN  DomXssScanRule - Skipping scanner, failed to start browser: Could not start a new session. Response code 500. Message: Expected browser binary location, but unable to find binary in default location, no 'moz:firefoxOptions.binary' capability provided, and no binary flag set on the command line 
Host info: host: 'DELL-INS7420', ip: '192.168.29.48'
Build info: version: '4.39.0', revision: '126f156aee'
System info: os.name: 'Windows 11', os.arch: 'amd64', os.version: '10.0', java.version: '24.0.2'
Driver info: org.openqa.selenium.firefox.FirefoxDriver
Command: [null, newSession {capabilities=[Capabilities {acceptInsecureCerts: true, browserName: firefox, moz:firefoxOptions: {args: [-headless], prefs: {browser.tabs.documentchannel: false, devtools.jsonview.enabled: false, dom.serviceWorkers.enabled: true, network.captive-portal-service.enabled: false, network.proxy.allow_hijacking_localhost: true, network.proxy.http: 127.0.0.1, network.proxy.http_port: 2695, network.proxy.no_proxies_on: , network.proxy.share_proxy_settings: true, network.proxy.ssl: 127.0.0.1, network.proxy.ssl_port: 2695, network.proxy.type: 1, remote.active-protocols: 1}}, unhandledPromptBehavior: ignore, webSocketUrl: true}]}]
2026-01-13 14:14:30,343 [ZAP-ActiveScanner-13] WARN  DomXssScanRule - Skipping scanner, failed to start browser: Could not start a new session. Response code 500. Message: Expected browser binary location, but unable to find binary in default location, no 'moz:firefoxOptions.binary' capability provided, and no binary flag set on the command line 
Host info: host: 'DELL-INS7420', ip: '192.168.29.48'
Build info: version: '4.39.0', revision: '126f156aee'
System info: os.name: 'Windows 11', os.arch: 'amd64', os.version: '10.0', java.version: '24.0.2'
Driver info: org.openqa.selenium.firefox.FirefoxDriver
Command: [null, newSession {capabilities=[Capabilities {acceptInsecureCerts: true, browserName: firefox, moz:firefoxOptions: {args: [-headless], prefs: {browser.tabs.documentchannel: false, devtools.jsonview.enabled: false, dom.serviceWorkers.enabled: true, network.captive-portal-service.enabled: false, network.proxy.allow_hijacking_localhost: true, network.proxy.http: 127.0.0.1, network.proxy.http_port: 2695, network.proxy.no_proxies_on: , network.proxy.share_proxy_settings: true, network.proxy.ssl: 127.0.0.1, network.proxy.ssl_port: 2695, network.proxy.type: 1, remote.active-protocols: 1}}, unhandledPromptBehavior: ignore, webSocketUrl: true}]}]
2026-01-13 14:14:30,343 [ZAP-ActiveScanner-10] WARN  DomXssScanRule - Skipping scanner, failed to start browser: Could not start a new session. Response code 500. Message: Expected browser binary location, but unable to find binary in default location, no 'moz:firefoxOptions.binary' capability provided, and no binary flag set on the command line 
Host info: host: 'DELL-INS7420', ip: '192.168.29.48'
Build info: version: '4.39.0', revision: '126f156aee'
System info: os.name: 'Windows 11', os.arch: 'amd64', os.version: '10.0', java.version: '24.0.2'
Driver info: org.openqa.selenium.firefox.FirefoxDriver
Command: [null, newSession {capabilities=[Capabilities {acceptInsecureCerts: true, browserName: firefox, moz:firefoxOptions: {args: [-headless], prefs: {browser.tabs.documentchannel: false, devtools.jsonview.enabled: false, dom.serviceWorkers.enabled: true, network.captive-portal-service.enabled: false, network.proxy.allow_hijacking_localhost: true, network.proxy.http: 127.0.0.1, network.proxy.http_port: 2695, network.proxy.no_proxies_on: , network.proxy.share_proxy_settings: true, network.proxy.ssl: 127.0.0.1, network.proxy.ssl_port: 2695, network.proxy.type: 1, remote.active-protocols: 1}}, unhandledPromptBehavior: ignore, webSocketUrl: true}]}]
2026-01-13 14:14:30,343 [ZAP-ActiveScanner-3] WARN  DomXssScanRule - Skipping scanner, failed to start browser: Could not start a new session. Response code 500. Message: Expected browser binary location, but unable to find binary in default location, no 'moz:firefoxOptions.binary' capability provided, and no binary flag set on the command line 
Host info: host: 'DELL-INS7420', ip: '192.168.29.48'
Build info: version: '4.39.0', revision: '126f156aee'
System info: os.name: 'Windows 11', os.arch: 'amd64', os.version: '10.0', java.version: '24.0.2'
Driver info: org.openqa.selenium.firefox.FirefoxDriver
Command: [null, newSession {capabilities=[Capabilities {acceptInsecureCerts: true, browserName: firefox, moz:firefoxOptions: {args: [-headless], prefs: {browser.tabs.documentchannel: false, devtools.jsonview.enabled: false, dom.serviceWorkers.enabled: true, network.captive-portal-service.enabled: false, network.proxy.allow_hijacking_localhost: true, network.proxy.http: 127.0.0.1, network.proxy.http_port: 2695, network.proxy.no_proxies_on: , network.proxy.share_proxy_settings: true, network.proxy.ssl: 127.0.0.1, network.proxy.ssl_port: 2695, network.proxy.type: 1, remote.active-protocols: 1}}, unhandledPromptBehavior: ignore, webSocketUrl: true}]}]
2026-01-13 14:14:30,733 [ZAP-Scanner-0] INFO  HostProcess - skipped plugin [failed to start or connect to the browser] https://petstore.swagger.io | DomXssScanRule in 1.462s with 0 message(s) sent and 0 alert(s) raised.
2026-01-13 14:14:30,733 [ZAP-Scanner-0] INFO  HostProcess - start host https://petstore.swagger.io | SqlInjectionMsSqlTimingScanRule strength MEDIUM threshold MEDIUM
2026-01-13 14:16:13,902 [ZAP-Scanner-0] INFO  HostProcess - completed host/plugin https://petstore.swagger.io | SqlInjectionMsSqlTimingScanRule in 103.169s with 790 message(s) sent and 0 alert(s) raised.
2026-01-13 14:16:13,903 [ZAP-Scanner-0] INFO  HostProcess - start host https://petstore.swagger.io | Log4ShellScanRule strength MEDIUM threshold MEDIUM
2026-01-13 14:16:13,905 [ZAP-Scanner-0] INFO  HostProcess - skipped plugin [no Active Scan OAST service is selected] https://petstore.swagger.io | Log4ShellScanRule in 0.002s with 0 message(s) sent and 0 alert(s) raised.
2026-01-13 14:16:13,905 [ZAP-Scanner-0] INFO  HostProcess - start host https://petstore.swagger.io | Spring4ShellScanRule strength MEDIUM threshold MEDIUM
2026-01-13 14:16:18,066 [ZAP-Scanner-0] INFO  HostProcess - completed host/plugin https://petstore.swagger.io | Spring4ShellScanRule in 4.161s with 66 message(s) sent and 0 alert(s) raised.
2026-01-13 14:16:18,066 [ZAP-Scanner-0] INFO  HostProcess - start host https://petstore.swagger.io | React2ShellScanRule strength MEDIUM threshold MEDIUM
2026-01-13 14:16:18,067 [ZAP-Scanner-0] INFO  HostProcess - start host https://petstore.swagger.io | CodeInjectionScanRule strength MEDIUM threshold MEDIUM
2026-01-13 14:16:18,275 [ZAP-ActiveScanner-0] INFO  HostProcess - completed host/plugin https://petstore.swagger.io | React2ShellScanRule in 0.209s with 1 message(s) sent and 0 alert(s) raised.
2026-01-13 14:17:38,242 [ZAP-Scanner-0] INFO  HostProcess - completed host/plugin https://petstore.swagger.io | CodeInjectionScanRule in 80.174s with 632 message(s) sent and 0 alert(s) raised.
2026-01-13 14:17:38,243 [ZAP-Scanner-0] INFO  HostProcess - start host https://petstore.swagger.io | CommandInjectionScanRule strength MEDIUM threshold MEDIUM
2026-01-13 14:20:50,522 [ZAP-Scanner-0] INFO  HostProcess - completed host/plugin https://petstore.swagger.io | CommandInjectionScanRule in 192.279s with 1501 message(s) sent and 0 alert(s) raised.
2026-01-13 14:20:50,524 [ZAP-Scanner-0] INFO  HostProcess - start host https://petstore.swagger.io | XpathInjectionScanRule strength MEDIUM threshold MEDIUM
2026-01-13 14:21:20,930 [ZAP-Scanner-0] INFO  HostProcess - completed host/plugin https://petstore.swagger.io | XpathInjectionScanRule in 30.406s with 237 message(s) sent and 0 alert(s) raised.
2026-01-13 14:21:20,931 [ZAP-Scanner-0] INFO  HostProcess - start host https://petstore.swagger.io | XxeScanRule strength MEDIUM threshold MEDIUM
2026-01-13 14:21:24,264 [ZAP-Scanner-0] INFO  HostProcess - completed host/plugin https://petstore.swagger.io | XxeScanRule in 3.334s with 0 message(s) sent and 0 alert(s) raised.
2026-01-13 14:21:24,265 [ZAP-Scanner-0] INFO  HostProcess - start host https://petstore.swagger.io | PaddingOracleScanRule strength MEDIUM threshold MEDIUM
2026-01-13 14:21:27,281 [ZAP-Scanner-0] INFO  HostProcess - completed host/plugin https://petstore.swagger.io | PaddingOracleScanRule in 3.016s with 0 message(s) sent and 0 alert(s) raised.
2026-01-13 14:21:27,281 [ZAP-Scanner-0] INFO  HostProcess - start host https://petstore.swagger.io | CloudMetadataScanRule strength MEDIUM threshold MEDIUM
2026-01-13 14:21:27,282 [ZAP-Scanner-0] INFO  HostProcess - start host https://petstore.swagger.io | SstiScanRule strength MEDIUM threshold MEDIUM
2026-01-13 14:21:29,161 [ZAP-ActiveScanner-0] INFO  HostProcess - completed host/plugin https://petstore.swagger.io | CloudMetadataScanRule in 1.88s with 9 message(s) sent and 0 alert(s) raised.
2026-01-13 14:23:49,948 [ZAP-Scanner-0] INFO  HostProcess - completed host/plugin https://petstore.swagger.io | SstiScanRule in 142.665s with 1106 message(s) sent and 0 alert(s) raised.
2026-01-13 14:23:49,949 [ZAP-Scanner-0] INFO  HostProcess - start host https://petstore.swagger.io | SstiBlindScanRule strength MEDIUM threshold MEDIUM
2026-01-13 14:25:52,267 [ZAP-Scanner-0] INFO  HostProcess - completed host/plugin https://petstore.swagger.io | SstiBlindScanRule in 122.318s with 948 message(s) sent and 0 alert(s) raised.
2026-01-13 14:25:52,267 [ZAP-Scanner-0] INFO  HostProcess - start host https://petstore.swagger.io | CommandInjectionTimingScanRule strength MEDIUM threshold MEDIUM
2026-01-13 14:28:34,142 [ZAP-Scanner-0] INFO  HostProcess - completed host/plugin https://petstore.swagger.io | CommandInjectionTimingScanRule in 161.875s with 1264 message(s) sent and 0 alert(s) raised.
2026-01-13 14:28:34,143 [ZAP-Scanner-0] INFO  HostProcess - start host https://petstore.swagger.io | DirectoryBrowsingScanRule strength MEDIUM threshold MEDIUM
2026-01-13 14:28:37,245 [ZAP-Scanner-0] INFO  HostProcess - completed host/plugin https://petstore.swagger.io | DirectoryBrowsingScanRule in 3.101s with 33 message(s) sent and 0 alert(s) raised.
2026-01-13 14:28:37,245 [ZAP-Scanner-0] INFO  HostProcess - start host https://petstore.swagger.io | HttpOnlySiteScanRule strength MEDIUM threshold MEDIUM
2026-01-13 14:28:37,246 [ZAP-Scanner-0] INFO  HostProcess - start host https://petstore.swagger.io | BufferOverflowScanRule strength MEDIUM threshold MEDIUM
2026-01-13 14:28:37,246 [ZAP-ActiveScanner-0] INFO  HostProcess - completed host/plugin https://petstore.swagger.io | HttpOnlySiteScanRule in 0.001s with 0 message(s) sent and 0 alert(s) raised.
2026-01-13 14:28:47,548 [ZAP-Scanner-0] INFO  HostProcess - completed host/plugin https://petstore.swagger.io | BufferOverflowScanRule in 10.302s with 79 message(s) sent and 0 alert(s) raised.
2026-01-13 14:28:47,549 [ZAP-Scanner-0] INFO  HostProcess - start host https://petstore.swagger.io | FormatStringScanRule strength MEDIUM threshold MEDIUM
2026-01-13 14:29:12,387 [ZAP-Scanner-0] INFO  HostProcess - completed host/plugin https://petstore.swagger.io | FormatStringScanRule in 24.838s with 193 message(s) sent and 0 alert(s) raised.
2026-01-13 14:29:12,388 [ZAP-Scanner-0] INFO  HostProcess - start host https://petstore.swagger.io | CrlfInjectionScanRule strength MEDIUM threshold MEDIUM
2026-01-13 14:30:26,600 [ZAP-Scanner-0] INFO  HostProcess - completed host/plugin https://petstore.swagger.io | CrlfInjectionScanRule in 74.211s with 553 message(s) sent and 0 alert(s) raised.
2026-01-13 14:30:26,601 [ZAP-Scanner-0] INFO  HostProcess - start host https://petstore.swagger.io | ParameterTamperScanRule strength MEDIUM threshold MEDIUM
2026-01-13 14:30:27,360 [ZAP-ActiveScanner-0] ERROR ParameterTamperScanRule - Error occurred while scanning a message:
java.lang.NullPointerException: Cannot invoke "String.length()" because "str" is null
	at java.base/java.lang.AbstractStringBuilder.replace(AbstractStringBuilder.java:1019)
	at java.base/java.lang.StringBuilder.replace(StringBuilder.java:307)
	at org.parosproxy.paros.core.scanner.VariantMultipartFormParameters.setParameter(VariantMultipartFormParameters.java:283)
	at org.parosproxy.paros.core.scanner.VariantMultipartFormParameters.setParameter(VariantMultipartFormParameters.java:243)
	at org.parosproxy.paros.core.scanner.AbstractAppParamPlugin.setParameter(AbstractAppParamPlugin.java:247)
	at org.zaproxy.zap.extension.ascanrules.ParameterTamperScanRule.scan(ParameterTamperScanRule.java:166)
	at org.parosproxy.paros.core.scanner.AbstractAppParamPlugin.scan(AbstractAppParamPlugin.java:233)
	at org.parosproxy.paros.core.scanner.AbstractAppParamPlugin.scan(AbstractAppParamPlugin.java:136)
	at org.parosproxy.paros.core.scanner.AbstractAppParamPlugin.scan(AbstractAppParamPlugin.java:96)
	at org.parosproxy.paros.core.scanner.AbstractPlugin.run(AbstractPlugin.java:402)
	at java.base/java.lang.Thread.run(Thread.java:1447)
2026-01-13 14:30:27,996 [ZAP-ActiveScanner-0] ERROR ParameterTamperScanRule - Error occurred while scanning a message:
java.lang.NullPointerException: Cannot invoke "String.length()" because "str" is null
	at java.base/java.lang.AbstractStringBuilder.replace(AbstractStringBuilder.java:1019)
	at java.base/java.lang.StringBuilder.replace(StringBuilder.java:307)
	at org.parosproxy.paros.core.scanner.VariantMultipartFormParameters.setParameter(VariantMultipartFormParameters.java:283)
	at org.parosproxy.paros.core.scanner.VariantMultipartFormParameters.setParameter(VariantMultipartFormParameters.java:243)
	at org.parosproxy.paros.core.scanner.AbstractAppParamPlugin.setParameter(AbstractAppParamPlugin.java:247)
	at org.zaproxy.zap.extension.ascanrules.ParameterTamperScanRule.scan(ParameterTamperScanRule.java:166)
	at org.parosproxy.paros.core.scanner.AbstractAppParamPlugin.scan(AbstractAppParamPlugin.java:233)
	at org.parosproxy.paros.core.scanner.AbstractAppParamPlugin.scan(AbstractAppParamPlugin.java:136)
	at org.parosproxy.paros.core.scanner.AbstractAppParamPlugin.scan(AbstractAppParamPlugin.java:96)
	at org.parosproxy.paros.core.scanner.AbstractPlugin.run(AbstractPlugin.java:402)
	at java.base/java.lang.Thread.run(Thread.java:1447)
2026-01-13 14:30:28,626 [ZAP-ActiveScanner-0] ERROR ParameterTamperScanRule - Error occurred while scanning a message:
java.lang.NullPointerException: Cannot invoke "String.length()" because "str" is null
	at java.base/java.lang.AbstractStringBuilder.replace(AbstractStringBuilder.java:1019)
	at java.base/java.lang.StringBuilder.replace(StringBuilder.java:307)
	at org.parosproxy.paros.core.scanner.VariantMultipartFormParameters.setParameter(VariantMultipartFormParameters.java:283)
	at org.parosproxy.paros.core.scanner.VariantMultipartFormParameters.setParameter(VariantMultipartFormParameters.java:243)
	at org.parosproxy.paros.core.scanner.AbstractAppParamPlugin.setParameter(AbstractAppParamPlugin.java:247)
	at org.zaproxy.zap.extension.ascanrules.ParameterTamperScanRule.scan(ParameterTamperScanRule.java:166)
	at org.parosproxy.paros.core.scanner.AbstractAppParamPlugin.scan(AbstractAppParamPlugin.java:233)
	at org.parosproxy.paros.core.scanner.AbstractAppParamPlugin.scan(AbstractAppParamPlugin.java:136)
	at org.parosproxy.paros.core.scanner.AbstractAppParamPlugin.scan(AbstractAppParamPlugin.java:96)
	at org.parosproxy.paros.core.scanner.AbstractPlugin.run(AbstractPlugin.java:402)
	at java.base/java.lang.Thread.run(Thread.java:1447)
2026-01-13 14:30:29,292 [ZAP-ActiveScanner-0] ERROR ParameterTamperScanRule - Error occurred while scanning a message:
java.lang.NullPointerException: Cannot invoke "String.length()" because "str" is null
	at java.base/java.lang.AbstractStringBuilder.replace(AbstractStringBuilder.java:1019)
	at java.base/java.lang.StringBuilder.replace(StringBuilder.java:307)
	at org.parosproxy.paros.core.scanner.VariantMultipartFormParameters.setParameter(VariantMultipartFormParameters.java:283)
	at org.parosproxy.paros.core.scanner.VariantMultipartFormParameters.setParameter(VariantMultipartFormParameters.java:243)
	at org.parosproxy.paros.core.scanner.AbstractAppParamPlugin.setParameter(AbstractAppParamPlugin.java:247)
	at org.zaproxy.zap.extension.ascanrules.ParameterTamperScanRule.scan(ParameterTamperScanRule.java:166)
	at org.parosproxy.paros.core.scanner.AbstractAppParamPlugin.scan(AbstractAppParamPlugin.java:233)
	at org.parosproxy.paros.core.scanner.AbstractAppParamPlugin.scan(AbstractAppParamPlugin.java:136)
	at org.parosproxy.paros.core.scanner.AbstractAppParamPlugin.scan(AbstractAppParamPlugin.java:96)
	at org.parosproxy.paros.core.scanner.AbstractPlugin.run(AbstractPlugin.java:402)
	at java.base/java.lang.Thread.run(Thread.java:1447)
2026-01-13 14:31:37,736 [ZAP-Scanner-0] INFO  HostProcess - completed host/plugin https://petstore.swagger.io | ParameterTamperScanRule in 71.136s with 529 message(s) sent and 0 alert(s) raised.
2026-01-13 14:31:37,737 [ZAP-Scanner-0] INFO  HostProcess - start host https://petstore.swagger.io | ElmahScanRule strength MEDIUM threshold MEDIUM
2026-01-13 14:31:37,737 [ZAP-Scanner-0] INFO  HostProcess - start host https://petstore.swagger.io | TraceAxdScanRule strength MEDIUM threshold MEDIUM
2026-01-13 14:31:38,357 [ZAP-ActiveScanner-0] INFO  HostProcess - completed host/plugin https://petstore.swagger.io | ElmahScanRule in 0.621s with 1 message(s) sent and 0 alert(s) raised.
2026-01-13 14:31:40,804 [ZAP-Scanner-0] INFO  HostProcess - completed host/plugin https://petstore.swagger.io | TraceAxdScanRule in 3.067s with 22 message(s) sent and 0 alert(s) raised.
2026-01-13 14:31:40,804 [ZAP-Scanner-0] INFO  HostProcess - start host https://petstore.swagger.io | HtAccessScanRule strength MEDIUM threshold MEDIUM
2026-01-13 14:31:43,511 [ZAP-Scanner-0] INFO  HostProcess - completed host/plugin https://petstore.swagger.io | HtAccessScanRule in 2.707s with 13 message(s) sent and 0 alert(s) raised.
2026-01-13 14:31:43,511 [ZAP-Scanner-0] INFO  HostProcess - start host https://petstore.swagger.io | EnvFileScanRule strength MEDIUM threshold MEDIUM
2026-01-13 14:31:46,224 [ZAP-Scanner-0] INFO  HostProcess - completed host/plugin https://petstore.swagger.io | EnvFileScanRule in 2.713s with 13 message(s) sent and 0 alert(s) raised.
2026-01-13 14:31:46,224 [ZAP-Scanner-0] INFO  HostProcess - start host https://petstore.swagger.io | HiddenFilesScanRule strength MEDIUM threshold MEDIUM
2026-01-13 14:31:46,302 [ZAP-Scanner-0] INFO  HostProcess - start host https://petstore.swagger.io | SpringActuatorScanRule strength MEDIUM threshold MEDIUM
2026-01-13 14:31:46,303 [ZAP-Scanner-0] INFO  HostProcess - start host https://petstore.swagger.io | ExponentialEntityExpansionScanRule strength MEDIUM threshold MEDIUM
2026-01-13 14:31:47,546 [ZAP-ActiveScanner-1] INFO  HostProcess - completed host/plugin https://petstore.swagger.io | SpringActuatorScanRule in 1.245s with 2 message(s) sent and 0 alert(s) raised.
2026-01-13 14:31:57,526 [ZAP-ActiveScanner-0] INFO  HostProcess - completed host/plugin https://petstore.swagger.io | HiddenFilesScanRule in 11.302s with 52 message(s) sent and 0 alert(s) raised.
2026-01-13 14:31:57,527 [ZAP-Scanner-0] INFO  HostProcess - completed host/plugin https://petstore.swagger.io | ExponentialEntityExpansionScanRule in 11.224s with 0 message(s) sent and 0 alert(s) raised.
2026-01-13 14:31:57,527 [ZAP-Scanner-0] INFO  HostProcess - start host https://petstore.swagger.io | XsltInjectionScanRule strength MEDIUM threshold MEDIUM
2026-01-13 14:32:08,219 [ZAP-Scanner-0] INFO  HostProcess - completed host/plugin https://petstore.swagger.io | XsltInjectionScanRule in 10.692s with 136 message(s) sent and 0 alert(s) raised.
2026-01-13 14:32:08,219 [ZAP-Scanner-0] INFO  HostProcess - start host https://petstore.swagger.io | HttpsAsHttpScanRule strength MEDIUM threshold MEDIUM
2026-01-13 14:32:11,774 [ZAP-Scanner-0] INFO  HostProcess - completed host/plugin https://petstore.swagger.io | HttpsAsHttpScanRule in 3.555s with 20 message(s) sent and 0 alert(s) raised.
2026-01-13 14:32:11,776 [ZAP-Scanner-0] INFO  HostProcess - start host https://petstore.swagger.io | GetForPostScanRule strength MEDIUM threshold MEDIUM
2026-01-13 14:32:15,268 [ZAP-Scanner-0] INFO  HostProcess - completed host/plugin https://petstore.swagger.io | GetForPostScanRule in 3.492s with 1 message(s) sent and 0 alert(s) raised.
2026-01-13 14:32:15,268 [ZAP-Scanner-0] INFO  HostProcess - start host https://petstore.swagger.io | UserAgentScanRule strength MEDIUM threshold MEDIUM
2026-01-13 14:32:41,660 [ZAP-Scanner-0] INFO  HostProcess - completed host/plugin https://petstore.swagger.io | UserAgentScanRule in 26.392s with 396 message(s) sent and 62 alert(s) raised.
2026-01-13 14:32:41,661 [ZAP-Scanner-0] INFO  HostProcess - start host https://petstore.swagger.io | ScriptsActiveScanner strength MEDIUM threshold MEDIUM
2026-01-13 14:32:41,662 [ZAP-Scanner-0] INFO  HostProcess - skipped plugin [no scripts enabled] https://petstore.swagger.io | ScriptsActiveScanner in 0.001s with 0 message(s) sent and 0 alert(s) raised.
2026-01-13 14:32:41,663 [ZAP-Scanner-0] INFO  HostProcess - start host https://petstore.swagger.io | SOAPActionSpoofingActiveScanRule strength MEDIUM threshold MEDIUM
2026-01-13 14:32:45,059 [ZAP-Scanner-0] INFO  HostProcess - completed host/plugin https://petstore.swagger.io | SOAPActionSpoofingActiveScanRule in 3.396s with 0 message(s) sent and 0 alert(s) raised.
2026-01-13 14:32:45,059 [ZAP-Scanner-0] INFO  HostProcess - start host https://petstore.swagger.io | SOAPXMLInjectionActiveScanRule strength MEDIUM threshold MEDIUM
2026-01-13 14:32:48,166 [ZAP-Scanner-0] INFO  HostProcess - completed host/plugin https://petstore.swagger.io | SOAPXMLInjectionActiveScanRule in 3.107s with 0 message(s) sent and 0 alert(s) raised.
2026-01-13 14:32:48,166 [ZAP-Scanner-0] INFO  HostProcess - completed host https://petstore.swagger.io in 2160.926s with 62 alert(s) raised.
2026-01-13 14:32:48,167 [Thread-9] INFO  Scanner - scanner with ID 0 completed in 2160.941s
2026-01-13 14:32:57,884 [ZAP-Shutdown] INFO  CoreAPI - ZAP 2.17.0 terminated.
