2026-02-08 16:33:19,599 [main ] INFO  Constant - Copying default configuration to D:\NetShieldAI\Services\temp\api_scanner\user_DivyaViradiya_1_29993\config.xml
2026-02-08 16:33:21,184 [main ] INFO  Constant - Creating directory D:\NetShieldAI\Services\temp\api_scanner\user_DivyaViradiya_1_29993\session
2026-02-08 16:33:21,187 [main ] INFO  Constant - Creating directory D:\NetShieldAI\Services\temp\api_scanner\user_DivyaViradiya_1_29993\dirbuster
2026-02-08 16:33:21,191 [main ] INFO  Constant - Creating directory D:\NetShieldAI\Services\temp\api_scanner\user_DivyaViradiya_1_29993\fuzzers
2026-02-08 16:33:21,196 [main ] INFO  Constant - Creating directory D:\NetShieldAI\Services\temp\api_scanner\user_DivyaViradiya_1_29993\plugin
2026-02-08 16:33:22,665 [main ] INFO  DaemonBootstrap - ZAP 2.17.0 started 08/02/2026, 16:33:22 with home: D:\NetShieldAI\Services\temp\api_scanner\user_DivyaViradiya_1_29993\ cores: 12 maxMemory: 512 MB
2026-02-08 16:33:22,872 [main ] INFO  AbstractParam - Setting config api.disablekey = true was null
2026-02-08 16:33:22,875 [main ] INFO  AbstractParam - Setting config api.addrs.addr.name = .* was null
2026-02-08 16:33:22,878 [main ] INFO  AbstractParam - Setting config api.addrs.addr.regex = true was null
2026-02-08 16:34:19,744 [ZAP-daemon] INFO  ExtensionFactory - Installed add-ons: [[id=alertFilters, version=26.0.0], [id=ascanrules, version=78.0.0], [id=authhelper, version=0.34.0], [id=automation, version=0.58.0], [id=bruteforce, version=20.0.0], [id=callhome, version=0.20.0], [id=client, version=0.20.0], [id=commonlib, version=1.39.0], [id=database, version=0.9.0], [id=diff, version=18.0.0], [id=directorylistv1, version=9.0.0], [id=domxss, version=23.0.0], [id=encoder, version=1.8.0], [id=exim, version=0.16.0], [id=formhandler, version=6.8.0], [id=fuzz, version=13.16.0], [id=gettingStarted, version=20.0.0], [id=graaljs, version=0.12.0], [id=graphql, version=0.29.0], [id=help, version=22.0.0], [id=hud, version=0.19.0], [id=insights, version=0.0.1], [id=invoke, version=17.0.0], [id=network, version=0.25.0], [id=oast, version=0.24.0], [id=onlineMenu, version=15.0.0], [id=openapi, version=48.0.0], [id=postman, version=0.9.0], [id=pscan, version=0.6.0], [id=pscanrules, version=70.0.0], [id=quickstart, version=53.0.0], [id=replacer, version=21.0.0], [id=reports, version=0.43.0], [id=requester, version=7.9.0], [id=retest, version=0.11.0], [id=retire, version=0.52.0], [id=reveal, version=10.0.0], [id=scanpolicies, version=0.7.0], [id=scripts, version=45.17.0], [id=selenium, version=15.43.0], [id=sequence, version=9.0.0], [id=soap, version=29.0.0], [id=spider, version=0.18.0], [id=spiderAjax, version=23.29.0], [id=tips, version=16.0.0], [id=webdriverwindows, version=170.0.0], [id=websocket, version=35.0.0], [id=zest, version=48.11.0]]
2026-02-08 16:34:19,760 [ZAP-daemon] INFO  ExtensionFactory - Loading extensions
2026-02-08 16:34:23,736 [ZAP-daemon] INFO  TlsUtils - Using supported SSL/TLS protocols: [TLSv1.2, TLSv1.3]
2026-02-08 16:34:28,886 [ZAP-daemon] INFO  ExtensionFactory - Extensions loaded
2026-02-08 16:34:32,795 [ZAP-daemon] INFO  FlywayExecutor - Database: jdbc:hsqldb:file:D:/NetShieldAI/Services/temp/api_scanner/user_DivyaViradiya_1_29993/session/untitled1 (HSQL Database Engine 2.7)
2026-02-08 16:34:34,211 [ZAP-daemon] INFO  JdbcTableSchemaHistory - Schema history table "PUBLIC"."AUTHHELPER_FLYWAY_SCHEMA_HISTORY" does not exist yet
2026-02-08 16:34:34,243 [ZAP-daemon] INFO  DbValidate - Successfully validated 6 migrations (execution time 00:00.241s)
2026-02-08 16:34:34,326 [ZAP-daemon] INFO  JdbcTableSchemaHistory - Creating Schema History table "PUBLIC"."AUTHHELPER_FLYWAY_SCHEMA_HISTORY" with baseline ...
2026-02-08 16:34:34,765 [ZAP-daemon] INFO  DbBaseline - Successfully baselined schema with version: 0
2026-02-08 16:34:34,986 [ZAP-daemon] INFO  DbMigrate - Current version of schema "PUBLIC": 0
2026-02-08 16:34:35,515 [ZAP-daemon] INFO  DbMigrate - Migrating schema "PUBLIC" to version "1 - Create tables"
2026-02-08 16:34:35,774 [ZAP-daemon] INFO  DbMigrate - Migrating schema "PUBLIC" to version "2 - Create storage tables"
2026-02-08 16:34:35,922 [ZAP-daemon] INFO  DbMigrate - Migrating schema "PUBLIC" to version "3 - Improve diags"
2026-02-08 16:34:35,990 [ZAP-daemon] INFO  DbMigrate - Migrating schema "PUBLIC" to version "4 - Web element selector"
2026-02-08 16:34:36,044 [ZAP-daemon] INFO  DbMigrate - Migrating schema "PUBLIC" to version "5 - Af plan"
2026-02-08 16:34:36,090 [ZAP-daemon] INFO  DbMigrate - Migrating schema "PUBLIC" to version "6 - Auth report data"
2026-02-08 16:34:36,169 [ZAP-daemon] INFO  DbMigrate - Successfully applied 6 migrations to schema "PUBLIC", now at version v6 (execution time 00:00.206s)
2026-02-08 16:34:49,779 [ZAP-daemon] INFO  ExtensionLoader - Initializing Auto-update Extension - Allows ZAP to check for updates
2026-02-08 16:34:49,795 [ZAP-daemon] INFO  ExtensionLoader - Initializing Options Extension - Options Extension
2026-02-08 16:34:49,797 [ZAP-daemon] INFO  ExtensionLoader - Initializing Edit Menu Extension - Edit Menu Extension
2026-02-08 16:34:49,799 [ZAP-daemon] INFO  ExtensionLoader - Initializing API Extension - Provides a rest based API for controlling and accessing ZAP
2026-02-08 16:34:49,830 [ZAP-daemon] INFO  ExtensionLoader - Initializing History Extension - History Extension
2026-02-08 16:34:49,834 [ZAP-daemon] INFO  ExtensionLoader - Initializing ExtensionReveal - Show hidden fields and enable disabled fields
2026-02-08 16:34:49,838 [ZAP-daemon] INFO  ExtensionLoader - Initializing Search Extension - Search messages for strings and regular expressions
2026-02-08 16:34:49,843 [ZAP-daemon] INFO  ExtensionLoader - Initializing Breakpoint Extension - Allows you to intercept and modify requests and responses
2026-02-08 16:34:49,849 [ZAP-daemon] INFO  ExtensionLoader - Initializing Passive Scan Extension - Passive scanner
2026-02-08 16:34:49,851 [ZAP-daemon] INFO  ExtensionLoader - Initializing Alerts Extension - Allows you to view and manage alerts
2026-02-08 16:34:49,858 [ZAP-daemon] INFO  ExtensionLoader - Initializing Active Scan Extension - Active scanner, heavily based on the original Paros active scanner, but with additional tests added
2026-02-08 16:34:49,894 [ZAP-daemon] INFO  ExtensionLoader - Initializing ExtensionSequence - ExtensionSequence
2026-02-08 16:34:49,897 [ZAP-daemon] INFO  ExtensionLoader - Initializing Standard Menus Extension - A set of common popup menus for miscellaneous tasks
2026-02-08 16:34:49,898 [ZAP-daemon] INFO  ExtensionLoader - Initializing ExtensionBruteForce - Forced browsing of files and directories using code from the OWASP DirBuster tool
2026-02-08 16:34:49,911 [ZAP-daemon] INFO  ExtensionLoader - Initializing Compare Extension - Compares 2 sessions and generates an HTML file showing the differences
2026-02-08 16:34:49,916 [ZAP-daemon] INFO  ExtensionLoader - Initializing ExtensionInvoke - Invoke external applications passing context related information such as URLs and parameters
2026-02-08 16:34:49,921 [ZAP-daemon] INFO  ExtensionLoader - Initializing Anti-CSRF Extension - Handles anti cross site request forgery (CSRF) tokens
2026-02-08 16:34:49,949 [ZAP-daemon] INFO  ExtensionLoader - Initializing Authentication Extension - Authentication Extension
2026-02-08 16:34:49,984 [ZAP-daemon] INFO  ExtensionAuthentication - Loaded authentication method types: [Form-based Authentication, HTTP/NTLM Authentication, Manual Authentication, Script-based Authentication, JSON-based Authentication]
2026-02-08 16:34:49,993 [ZAP-daemon] INFO  ExtensionLoader - Initializing Users Extension - Users Extension
2026-02-08 16:34:49,997 [ZAP-daemon] INFO  ExtensionLoader - Initializing Parameters Extension - Summarise and analyse FORM and URL parameters as well as cookies
2026-02-08 16:34:50,000 [ZAP-daemon] INFO  ExtensionLoader - Initializing Script Extension - Script integration
2026-02-08 16:34:50,024 [ZAP-daemon] INFO  ExtensionLoader - Initializing ExtensionScripts - Scripting console, supports all JSR 223 scripting languages
2026-02-08 16:34:50,062 [ZAP-daemon] INFO  ExtensionLoader - Initializing Forced User Extension - Forced User Extension
2026-02-08 16:34:50,065 [ZAP-daemon] INFO  ExtensionLoader - Initializing HTTP Sessions Extension - Extension handling HTTP sessions
2026-02-08 16:34:50,073 [ZAP-daemon] INFO  ExtensionLoader - Initializing ExtensionZest - Zest is a specialized scripting language, originally, from Mozilla specifically designed to be used in security tools
2026-02-08 16:34:50,644 [ZAP-daemon] INFO  ExtensionLoader - Initializing ExtensionDiff - ExtensionDiff
2026-02-08 16:34:50,646 [ZAP-daemon] INFO  ExtensionLoader - Initializing HTTP Panel Post Table View Extension - HTTP Panel Post Table View Extension
2026-02-08 16:34:50,648 [ZAP-daemon] INFO  ExtensionLoader - Initializing Encoder Addon - Adds support for scriptable encoders to ZAP.
2026-02-08 16:34:50,649 [ZAP-daemon] INFO  ExtensionLoader - Initializing Session Management Extension - Session Management Extension
2026-02-08 16:34:50,663 [ZAP-daemon] INFO  ExtensionSessionManagement - Loaded session management method types: [Cookie-based Session Management, HTTP Authentication Session Management, Script-based Session Management]
2026-02-08 16:34:50,665 [ZAP-daemon] INFO  ExtensionLoader - Initializing HTTP Panel Form Table View Extension - HTTP Panel Form Table View Extension
2026-02-08 16:34:50,666 [ZAP-daemon] INFO  ExtensionLoader - Initializing WebSockets Support - Capture messages from WebSockets with the ability to set breakpoints.
2026-02-08 16:34:50,706 [ZAP-daemon] INFO  ExtensionLoader - Initializing SOAP/WSDL Support - Allows you to import a WSDL file containing operations which ZAP will access, adding them to the Sites tree.
2026-02-08 16:34:50,715 [ZAP-daemon] INFO  ExtensionLoader - Initializing Core UI Extension - Core UI related functionality.
2026-02-08 16:34:50,716 [ZAP-daemon] INFO  ExtensionLoader - Initializing Authorization Extension - Authorization Extension
2026-02-08 16:34:50,719 [ZAP-daemon] INFO  ExtensionLoader - Initializing Requester - Allows to manually edit and send messages.
2026-02-08 16:34:50,729 [ZAP-daemon] INFO  ExtensionLoader - Initializing AJAX Spider - AJAX Spider, uses Crawljax
2026-02-08 16:34:50,744 [ZAP-daemon] INFO  ExtensionLoader - Initializing WebDriver Provider - Provides WebDrivers to control several browsers using Selenium and includes HtmlUnit browser.
2026-02-08 16:34:50,804 [ZAP-daemon] INFO  ExtensionLoader - Initializing Refresh Sites Tree Extension - Adds menu item to refresh the Sites tree
2026-02-08 16:34:50,804 [ZAP-daemon] INFO  ExtensionLoader - Initializing Help Extension - ZAP User Guide
2026-02-08 16:34:50,807 [ZAP-daemon] INFO  ExtensionLoader - Initializing Call Home - Handles all of the calls to ZAP services
2026-02-08 16:34:50,812 [ZAP-daemon] INFO  ExtensionLoader - Initializing Network Extension - Provides core networking capabilities.
2026-02-08 16:34:50,943 [ZAP-daemon] INFO  ConnectionOptions - Unsafe SSL/TLS renegotiation disabled.
2026-02-08 16:34:50,951 [ZAP-daemon] INFO  ExtensionLoader - Initializing Extension Configuration Extension - Allows you to configure which extensions are loaded when ZAP starts
2026-02-08 16:34:50,952 [ZAP-daemon] INFO  ExtensionLoader - Initializing Combined HTTP Panels Extension - Combined HTTP Panels Extension
2026-02-08 16:34:50,953 [ZAP-daemon] INFO  ExtensionLoader - Initializing HTTP Panel Hex View Extension - HTTP Panel Hex View Extension
2026-02-08 16:34:50,954 [ZAP-daemon] INFO  ExtensionLoader - Initializing HTTP Panel Image View Extension - HTTP Panel Image View Extension
2026-02-08 16:34:50,955 [ZAP-daemon] INFO  ExtensionLoader - Initializing HTTP Panel Query Table View Extension - HTTP Panel Query Table View Extension
2026-02-08 16:34:50,955 [ZAP-daemon] INFO  ExtensionLoader - Initializing HTTP Panel Syntax Highlighter View Extension - HTTP Panel Syntax Highlighter View Extension
2026-02-08 16:34:50,956 [ZAP-daemon] INFO  ExtensionLoader - Initializing Keyboard Configuration Extension - Adds support for configurable keyboard shortcuts for all of the ZAP menus.
2026-02-08 16:34:50,957 [ZAP-daemon] INFO  ExtensionLoader - Initializing Scanner Rule Configuration Extension - Active and passive rule configuration
2026-02-08 16:34:50,963 [ZAP-daemon] INFO  ExtensionLoader - Initializing Statistics Extension - Statistics
2026-02-08 16:34:50,969 [ZAP-daemon] INFO  ExtensionStats - Start recording in memory stats
2026-02-08 16:34:50,969 [ZAP-daemon] INFO  ExtensionLoader - Initializing Custom Pages Extension - Custom Pages Definition
2026-02-08 16:34:50,971 [ZAP-daemon] INFO  ExtensionLoader - Initializing ExtensionAlertFilters - Context alert rules filter
2026-02-08 16:34:50,981 [ZAP-daemon] INFO  ExtensionLoader - Initializing Alert Filters Automation - Alert Filters Automation Framework Integration
2026-02-08 16:34:50,990 [ZAP-daemon] INFO  ExtensionLoader - Initializing Active Scan Rules - Release status active scan rules
2026-02-08 16:34:50,991 [ZAP-daemon] INFO  ExtensionLoader - Initializing Authentication Helper - Authentication Helper
2026-02-08 16:34:51,007 [ZAP-daemon] INFO  ExtensionLoader - Initializing Client Spider Browser Based Authentication Support - Enables browser based authentication when performing an authenticated Client Spider scan.
2026-02-08 16:34:51,012 [ZAP-daemon] INFO  ExtensionLoader - Initializing Authentication Helper Reports - Authentication Helper Reports
2026-02-08 16:34:51,017 [ZAP-daemon] INFO  ExtensionLoader - Initializing AJAX Spider Browser Based Authentication Support - Enables browser based authentication when performing an authenticated AJAX Spider scan.
2026-02-08 16:34:51,022 [ZAP-daemon] INFO  ExtensionLoader - Initializing Automation Framework - Provides functionality to simplify using ZAP in an automated manner
2026-02-08 16:34:51,030 [ZAP-daemon] INFO  ExtensionLoader - Initializing ExtensionClientIntegration - Client Side Integration
2026-02-08 16:34:51,055 [ZAP-daemon] INFO  ExtensionLoader - Initializing Client Spider Automation - Client Spider Automation Framework Integration
2026-02-08 16:34:51,074 [ZAP-daemon] INFO  ExtensionLoader - Initializing Client Zest Script Recording Support - Allows recording client events as Zest scripts.
2026-02-08 16:34:51,086 [ZAP-daemon] INFO  ExtensionLoader - Initializing Common Library - A library of shared functionality
2026-02-08 16:34:51,091 [ZAP-daemon] INFO  ExtensionLoader - Initializing Database Extension - Provides databases and persistence capabilities.
2026-02-08 16:34:51,093 [ZAP-daemon] INFO  ExtensionLoader - Initializing ExtensionDomXSS - DOM XSS Active Scan Rule
2026-02-08 16:34:51,516 [ZAP-daemon] INFO  ExtensionLoader - Initializing Import/Export - Import and Export functionality supporting multiple formats.
2026-02-08 16:34:51,521 [ZAP-daemon] INFO  ExtensionLoader - Initializing Import/Export Automation - Import/Export Automation Framework Integration
2026-02-08 16:34:51,539 [ZAP-daemon] INFO  ExtensionLoader - Initializing ExtensionFormHandler - This extension allows a user to change the default values used for generated content (e.g. spiders, importers).
2026-02-08 16:34:51,553 [ZAP-daemon] INFO  ExtensionLoader - Initializing Advance Fuzzer - Provides the foundation for concrete message types (for example, HTTP, WebSockets) expose fuzzer implementations.
2026-02-08 16:34:51,570 [ZAP-daemon] INFO  ExtensionLoader - Initializing HTTP Fuzzer - Allows to fuzz HTTP messages.
2026-02-08 16:34:51,574 [ZAP-daemon] INFO  ExtensionLoader - Initializing ExtensionGettingStarted - The ZAP Getting Started Guide
2026-02-08 16:34:51,576 [ZAP-daemon] INFO  ExtensionLoader - Initializing GraalVM JavaScript Engine Extension - Provides the GraalVM JavaScript engine for ZAP scripting.
2026-02-08 16:34:52,533 [ZAP-daemon] INFO  ExtensionLoader - Initializing ExtensionGraphQl - Allows you to inspect and attack GraphQL endpoints.
2026-02-08 16:34:52,555 [ZAP-daemon] INFO  ExtensionLoader - Initializing GraphQL Automation - GraphQL Automation Framework Integration
2026-02-08 16:34:52,563 [ZAP-daemon] INFO  ExtensionLoader - Initializing GraphQL Spider - GraphQL Spider Integration
2026-02-08 16:34:52,566 [ZAP-daemon] INFO  ExtensionLoader - Initializing ExtensionHUD - Heads Up Display
2026-02-08 16:34:57,315 [ZAP-daemon] INFO  ExtensionLoader - Initializing ExtensionHUDlaunch - ExtensionHUDlaunch
2026-02-08 16:34:57,318 [ZAP-daemon] INFO  ExtensionLoader - Initializing ExtensionInsights - Insights Extension
2026-02-08 16:34:57,322 [ZAP-daemon] INFO  ExtensionLoader - Initializing Alert Filters Automation - Alert Filters Automation Framework Integration
2026-02-08 16:34:57,327 [ZAP-daemon] INFO  ExtensionLoader - Initializing Insights Reports Extension - Adds Insights to the report data
2026-02-08 16:34:57,330 [ZAP-daemon] INFO  ExtensionLoader - Initializing Out-of-band Application Security Testing - Adds Out-of-band Application Security Testing functionality.
2026-02-08 16:34:57,380 [ZAP-daemon] INFO  ExtensionLoader - Initializing OAST Scripts - Adds OAST scripts.
2026-02-08 16:34:57,381 [ZAP-daemon] INFO  ExtensionLoader - Initializing ExtensionOnlineMenu - The Online menu links
2026-02-08 16:34:57,381 [ZAP-daemon] INFO  ExtensionLoader - Initializing OpenAPI Import - Allows you to spider and import OpenAPI (Swagger) definitions 
2026-02-08 16:34:57,387 [ZAP-daemon] INFO  ExtensionLoader - Initializing OpenAPI Automation - OpenAPI Automation Framework Integration
2026-02-08 16:34:57,393 [ZAP-daemon] INFO  ExtensionLoader - Initializing OpenAPI Spider - OpenAPI Spider Integration
2026-02-08 16:34:57,403 [ZAP-daemon] INFO  ExtensionLoader - Initializing Postman Import - Allows you to spider and import Postman collections
2026-02-08 16:34:57,405 [ZAP-daemon] INFO  ExtensionLoader - Initializing Postman Automation - Postman Automation Framework Integration
2026-02-08 16:34:57,409 [ZAP-daemon] INFO  ExtensionLoader - Initializing Passive Scanner Extension - Provides core passive scanning capabilities.
2026-02-08 16:34:57,466 [ZAP-daemon] INFO  ExtensionLoader - Initializing Passive Scanner Automation Framework Extension - Provides jobs and result data related to the passive scanner.
2026-02-08 16:34:57,468 [ZAP-daemon] INFO  ExtensionLoader - Initializing Passive Scan Rules - Release status passive scan rules.
2026-02-08 16:34:57,471 [ZAP-daemon] INFO  ExtensionLoader - Initializing Quick Start panel  - Adds the Quick Start panel for scanning and exploring applications
2026-02-08 16:34:57,477 [ZAP-daemon] INFO  ExtensionLoader - Initializing Quick Start Ajax Spider integration - Add the option to use the Ajax Spider in the Quick Start scan
2026-02-08 16:34:57,478 [ZAP-daemon] INFO  ExtensionLoader - Initializing Quick Start HUD Integration - HUD integration for the quick start panel
2026-02-08 16:34:57,479 [ZAP-daemon] INFO  ExtensionLoader - Initializing Quick Start Browser Launcher - Launch browsers preset proxying through ZAP
2026-02-08 16:34:57,480 [ZAP-daemon] INFO  ExtensionLoader - Initializing Quick Start Spider Integration - Adds the option to use the traditional Spider in the Quick Start scan.
2026-02-08 16:34:57,486 [ZAP-daemon] INFO  ExtensionLoader - Initializing Match and Replace - Easy way to replace strings in requests and responses
2026-02-08 16:34:57,498 [ZAP-daemon] INFO  ExtensionLoader - Initializing Replacer Automation - Replacer Automation Framework Integration
2026-02-08 16:34:57,504 [ZAP-daemon] INFO  ExtensionLoader - Initializing Report Generator - Templated and themed report generation functionality
2026-02-08 16:34:57,510 [ZAP-daemon] INFO  ExtensionLoader - Initializing Report Generation Automation Integration - Report Generation Automation Integration
2026-02-08 16:34:57,520 [ZAP-daemon] INFO  ExtensionLoader - Initializing Retest - Facilitates the verification of presence/absence of certain alerts.
2026-02-08 16:34:57,523 [ZAP-daemon] INFO  ExtensionLoader - Initializing Scripts Automation Framework Integration - Scripts Automation
2026-02-08 16:34:57,560 [ZAP-daemon] INFO  ExtensionLoader - Initializing Sequence Automation - Sequence Automation Framework Integration
2026-02-08 16:34:57,577 [ZAP-daemon] INFO  ExtensionLoader - Initializing SOAP Automation - SOAP Automation Framework Integration
2026-02-08 16:34:57,583 [ZAP-daemon] INFO  ExtensionLoader - Initializing SOAP Spider - SOAP Spider Integration
2026-02-08 16:34:57,584 [ZAP-daemon] INFO  ExtensionLoader - Initializing Spider Extension - Spider used for automatically finding URIs on a site.
2026-02-08 16:34:57,664 [ZAP-daemon] INFO  ExtensionLoader - Initializing Spider Automation - Spider Automation Integration
2026-02-08 16:34:57,675 [ZAP-daemon] INFO  ExtensionLoader - Initializing Ajax Spider Automation - Ajax Spider Automation Framework Integration
2026-02-08 16:34:57,688 [ZAP-daemon] INFO  ExtensionLoader - Initializing ExtensionTipsAndTricks - Tips and Tricks
2026-02-08 16:34:57,689 [ZAP-daemon] INFO  ExtensionLoader - Initializing WebSocket Fuzzer - Allows to fuzz WebSocket messages.
2026-02-08 16:34:57,690 [ZAP-daemon] INFO  ExtensionLoader - Initializing WebSocket Message Editor - Provides the WebSocket Message Editor dialogues.
2026-02-08 16:34:58,550 [ZAP-daemon] WARN  SeleniumManager - Unable to discover proper geckodriver version in offline mode
2026-02-08 16:34:58,679 [ZAP-daemon] WARN  FirefoxProfileManager - Unable to find Firefox binary through SeleniumManager.
2026-02-08 16:34:58,679 [ZAP-daemon] ERROR ExtensionClientIntegration - Failed to get or create Firefox profile zap-client-profile
2026-02-08 16:34:59,581 [ZAP-daemon] INFO  CallbackService - Started callback service on 0.0.0.0:13911
2026-02-08 16:34:59,610 [ZAP-daemon] INFO  ScanRuleManager - Loaded passive scan rule: Authentication Request Identified
2026-02-08 16:34:59,611 [ZAP-daemon] INFO  ScanRuleManager - Loaded passive scan rule: Session Management Response Identified
2026-02-08 16:34:59,613 [ZAP-daemon] INFO  ScanRuleManager - Loaded passive scan rule: Verification Request Identified
2026-02-08 16:34:59,812 [ZAP-daemon] INFO  ScanRuleManager - Loaded passive scan rule: Anti-clickjacking Header
2026-02-08 16:34:59,813 [ZAP-daemon] INFO  ScanRuleManager - Loaded passive scan rule: Application Error Disclosure
2026-02-08 16:34:59,814 [ZAP-daemon] INFO  ScanRuleManager - Loaded passive scan rule: Big Redirect Detected (Potential Sensitive Information Leak)
2026-02-08 16:34:59,814 [ZAP-daemon] INFO  ScanRuleManager - Loaded passive scan rule: Re-examine Cache-control Directives
2026-02-08 16:34:59,814 [ZAP-daemon] INFO  ScanRuleManager - Loaded passive scan rule: Charset Mismatch
2026-02-08 16:34:59,817 [ZAP-daemon] INFO  ScanRuleManager - Loaded passive scan rule: Content Security Policy (CSP) Header Not Set
2026-02-08 16:34:59,817 [ZAP-daemon] INFO  ScanRuleManager - Loaded passive scan rule: CSP
2026-02-08 16:34:59,818 [ZAP-daemon] INFO  ScanRuleManager - Loaded passive scan rule: Content-Type Header Missing
2026-02-08 16:34:59,819 [ZAP-daemon] INFO  ScanRuleManager - Loaded passive scan rule: Cookie No HttpOnly Flag
2026-02-08 16:34:59,819 [ZAP-daemon] INFO  ScanRuleManager - Loaded passive scan rule: Loosely Scoped Cookie
2026-02-08 16:34:59,820 [ZAP-daemon] INFO  ScanRuleManager - Loaded passive scan rule: Cookie without SameSite Attribute
2026-02-08 16:34:59,822 [ZAP-daemon] INFO  ScanRuleManager - Loaded passive scan rule: Cookie Without Secure Flag
2026-02-08 16:34:59,826 [ZAP-daemon] INFO  ScanRuleManager - Loaded passive scan rule: Cross-Domain Misconfiguration
2026-02-08 16:34:59,827 [ZAP-daemon] INFO  ScanRuleManager - Loaded passive scan rule: Cross-Domain JavaScript Source File Inclusion
2026-02-08 16:34:59,828 [ZAP-daemon] INFO  ScanRuleManager - Loaded passive scan rule: Absence of Anti-CSRF Tokens
2026-02-08 16:34:59,829 [ZAP-daemon] INFO  ScanRuleManager - Loaded passive scan rule: Directory Browsing
2026-02-08 16:34:59,831 [ZAP-daemon] INFO  ScanRuleManager - Loaded passive scan rule: Hash Disclosure
2026-02-08 16:34:59,833 [ZAP-daemon] INFO  ScanRuleManager - Loaded passive scan rule: Heartbleed OpenSSL Vulnerability (Indicative)
2026-02-08 16:34:59,834 [ZAP-daemon] INFO  ScanRuleManager - Loaded passive scan rule: In Page Banner Information Leak
2026-02-08 16:34:59,836 [ZAP-daemon] INFO  ScanRuleManager - Loaded passive scan rule: Private IP Disclosure
2026-02-08 16:34:59,836 [ZAP-daemon] INFO  ScanRuleManager - Loaded passive scan rule: Session ID in URL Rewrite
2026-02-08 16:34:59,837 [ZAP-daemon] INFO  ScanRuleManager - Loaded passive scan rule: Information Disclosure - Debug Error Messages
2026-02-08 16:34:59,837 [ZAP-daemon] INFO  ScanRuleManager - Loaded passive scan rule: Information Disclosure - Sensitive Information in URL
2026-02-08 16:34:59,840 [ZAP-daemon] INFO  ScanRuleManager - Loaded passive scan rule: Information Disclosure - Sensitive Information in HTTP Referrer Header
2026-02-08 16:34:59,841 [ZAP-daemon] INFO  ScanRuleManager - Loaded passive scan rule: Information Disclosure - Suspicious Comments
2026-02-08 16:34:59,842 [ZAP-daemon] INFO  ScanRuleManager - Loaded passive scan rule: Weak Authentication Method
2026-02-08 16:34:59,843 [ZAP-daemon] INFO  ScanRuleManager - Loaded passive scan rule: HTTP to HTTPS Insecure Transition in Form Post
2026-02-08 16:34:59,844 [ZAP-daemon] INFO  ScanRuleManager - Loaded passive scan rule: HTTPS to HTTP Insecure Transition in Form Post
2026-02-08 16:34:59,844 [ZAP-daemon] INFO  ScanRuleManager - Loaded passive scan rule: Insecure JSF ViewState
2026-02-08 16:34:59,846 [ZAP-daemon] INFO  ScanRuleManager - Loaded passive scan rule: Java Serialization Object
2026-02-08 16:34:59,847 [ZAP-daemon] INFO  ScanRuleManager - Loaded passive scan rule: Reverse Tabnabbing
2026-02-08 16:34:59,847 [ZAP-daemon] INFO  ScanRuleManager - Loaded passive scan rule: Secure Pages Include Mixed Content
2026-02-08 16:34:59,850 [ZAP-daemon] INFO  ScanRuleManager - Loaded passive scan rule: Modern Web Application
2026-02-08 16:34:59,851 [ZAP-daemon] INFO  ScanRuleManager - Loaded passive scan rule: PII Disclosure
2026-02-08 16:34:59,852 [ZAP-daemon] INFO  ScanRuleManager - Loaded passive scan rule: Script Served From Malicious Domain (polyfill)
2026-02-08 16:34:59,853 [ZAP-daemon] INFO  ScanRuleManager - Loaded passive scan rule: Retrieved from Cache
2026-02-08 16:34:59,853 [ZAP-daemon] INFO  ScanRuleManager - Loaded passive scan rule: HTTP Server Response Header
2026-02-08 16:34:59,857 [ZAP-daemon] INFO  ScanRuleManager - Loaded passive scan rule: Strict-Transport-Security Header
2026-02-08 16:34:59,858 [ZAP-daemon] INFO  ScanRuleManager - Loaded passive scan rule: Sub Resource Integrity Attribute Missing
2026-02-08 16:34:59,859 [ZAP-daemon] INFO  ScanRuleManager - Loaded passive scan rule: Timestamp Disclosure
2026-02-08 16:34:59,860 [ZAP-daemon] INFO  ScanRuleManager - Loaded passive scan rule: User Controllable Charset
2026-02-08 16:34:59,862 [ZAP-daemon] INFO  ScanRuleManager - Loaded passive scan rule: Cookie Poisoning
2026-02-08 16:34:59,863 [ZAP-daemon] INFO  ScanRuleManager - Loaded passive scan rule: User Controllable HTML Element Attribute (Potential XSS)
2026-02-08 16:34:59,863 [ZAP-daemon] INFO  ScanRuleManager - Loaded passive scan rule: User Controllable JavaScript Event (XSS)
2026-02-08 16:34:59,863 [ZAP-daemon] INFO  ScanRuleManager - Loaded passive scan rule: Off-site Redirect
2026-02-08 16:34:59,864 [ZAP-daemon] INFO  ScanRuleManager - Loaded passive scan rule: Username Hash Found
2026-02-08 16:34:59,865 [ZAP-daemon] INFO  ScanRuleManager - Loaded passive scan rule: Viewstate
2026-02-08 16:34:59,867 [ZAP-daemon] INFO  ScanRuleManager - Loaded passive scan rule: X-AspNet-Version Response Header
2026-02-08 16:34:59,867 [ZAP-daemon] INFO  ScanRuleManager - Loaded passive scan rule: X-Backend-Server Header Information Leak
2026-02-08 16:34:59,868 [ZAP-daemon] INFO  ScanRuleManager - Loaded passive scan rule: X-ChromeLogger-Data (XCOLD) Header Information Leak
2026-02-08 16:34:59,868 [ZAP-daemon] INFO  ScanRuleManager - Loaded passive scan rule: X-Content-Type-Options Header Missing
2026-02-08 16:34:59,870 [ZAP-daemon] INFO  ScanRuleManager - Loaded passive scan rule: X-Debug-Token Information Leak
2026-02-08 16:34:59,871 [ZAP-daemon] INFO  ScanRuleManager - Loaded passive scan rule: Server Leaks Information via "X-Powered-By" HTTP Response Header Field(s)
2026-02-08 16:34:59,873 [ZAP-daemon] INFO  ScanRuleManager - Loaded passive scan rule: ZAP is Out of Date
2026-02-08 16:34:59,878 [ZAP-daemon] INFO  ScanRuleManager - Loaded passive scan rule: Vulnerable JS Library (Powered by Retire.js)
2026-02-08 16:34:59,886 [ZAP-daemon] INFO  ScanRuleManager - Loaded passive scan rule: Script Passive Scan Rules
2026-02-08 16:34:59,893 [ZAP-daemon] INFO  ScanRuleManager - Loaded passive scan rule: WSDL File Detection
2026-02-08 16:34:59,897 [ZAP-daemon] INFO  ScanRuleManager - Loaded passive scan rule: Stats Passive Scan Rule
2026-02-08 16:34:59,904 [ZAP-daemon] INFO  ExtensionNetwork - Creating new root CA certificate.
2026-02-08 16:35:05,323 [ZAP-daemon] INFO  ExtensionNetwork - New root CA certificate created.
2026-02-08 16:35:07,448 [ZAP-daemon] INFO  ExtensionAutoUpdate - There is/are 7 newer addons
2026-02-08 16:35:15,438 [ZAP-DownloadManager] ERROR DownloadManager - Validation failed D:\NetShieldAI\Services\temp\api_scanner\user_DivyaViradiya_1_29993\plugin\ascanrules-release-79.zap
2026-02-08 16:35:16,045 [ZAP-DownloadManager] ERROR DownloadManager - Validation failed D:\NetShieldAI\Services\temp\api_scanner\user_DivyaViradiya_1_29993\plugin\graphql-alpha-0.30.0.zap
2026-02-08 16:35:21,611 [ZAP-DownloadManager] ERROR DownloadManager - Validation failed D:\NetShieldAI\Services\temp\api_scanner\user_DivyaViradiya_1_29993\plugin\openapi-beta-51.zap
2026-02-08 16:35:27,727 [ZAP-DownloadManager] ERROR DownloadManager - Validation failed D:\NetShieldAI\Services\temp\api_scanner\user_DivyaViradiya_1_29993\plugin\webdriverwindows-release-179.zap
2026-02-08 16:35:29,445 [ZAP-DownloadManager] ERROR DownloadManager - Validation failed D:\NetShieldAI\Services\temp\api_scanner\user_DivyaViradiya_1_29993\plugin\graaljs-alpha-0.13.0.zap
2026-02-08 16:35:29,484 [ZAP-DownloadInstaller] WARN  AddOn - Invalid add-on: D:\NetShieldAI\Services\temp\api_scanner\user_DivyaViradiya_1_29993\plugin\retire-release-0.53.0.zap. FILE_NOT_READABLE
2026-02-08 16:35:29,491 [ZAP-DownloadInstaller] WARN  AddOn - Invalid add-on: D:\NetShieldAI\Services\temp\api_scanner\user_DivyaViradiya_1_29993\plugin\insights-alpha-0.1.0.zap. FILE_NOT_READABLE
2026-02-08 16:35:29,587 [ZAP-daemon] INFO  CommandLine - Add-on downloaded to: D:\NetShieldAI\Services\temp\api_scanner\user_DivyaViradiya_1_29993\plugin\insights-alpha-0.1.0.zap
2026-02-08 16:35:29,589 [ZAP-daemon] INFO  CommandLine - Add-on downloaded to: D:\NetShieldAI\Services\temp\api_scanner\user_DivyaViradiya_1_29993\plugin\retire-release-0.53.0.zap
2026-02-08 16:35:29,590 [ZAP-daemon] ERROR CommandLine - Add-on download failed for: ascanrules-release-79.zap
2026-02-08 16:35:29,591 [ZAP-daemon] ERROR CommandLine - Add-on download failed for: graphql-alpha-0.30.0.zap
2026-02-08 16:35:29,592 [ZAP-daemon] ERROR CommandLine - Add-on download failed for: openapi-beta-51.zap
2026-02-08 16:35:29,594 [ZAP-daemon] ERROR CommandLine - Add-on download failed for: webdriverwindows-release-179.zap
2026-02-08 16:35:29,594 [ZAP-daemon] ERROR CommandLine - Add-on download failed for: graaljs-alpha-0.13.0.zap
2026-02-08 16:35:29,685 [ZAP-daemon] INFO  ExtensionNetwork - ZAP is now listening on localhost:29993
