[10:22:25] [INFO] [*] Starting API Scan for https://petstore.swagger.io/v2 (Auth: Anonymous)...
[10:22:25] [INFO] [*] Using Definition: https://petstore.swagger.io/v2/swagger.json
[10:22:25] [INFO] --- Initializing API Scanner (Port: 34364) ---
[10:59:28] [INFO] [*] Starting API Scan for https://petstore.swagger.io/v2 (Auth: Anonymous)...
[10:59:28] [INFO] [*] Using Definition: https://petstore.swagger.io/v2/swagger.json
[10:59:28] [INFO] --- Initializing API Scanner (Port: 36574) ---
[10:59:28] [INFO] [*] Launching ZAP process...
[10:59:28] [INFO] [*] Waiting for ZAP to initialize on port 36574...
[11:00:29] [INFO] [+] ZAP is active and responding on port 36574.
[11:00:29] [INFO] [*] Connecting to ZAP API...
[11:00:29] [INFO] [STAGE] Importing OpenAPI Definition...
[11:01:01] [INFO] [STAGE] Starting Web Spider...
[11:01:01] [INFO] [PROGRESS] [                    ] 0%
[11:01:03] [INFO] [STAGE] Starting Active Scan (Core Analysis)...
[11:01:03] [INFO] [PROGRESS] [                    ] 0%
[11:01:08] [INFO] [PROGRESS] [                    ] 1%
[11:03:44] [INFO] [PROGRESS] [                    ] 2%
[11:03:49] [INFO] [PROGRESS] [                    ] 3%
[11:05:24] [INFO] [PROGRESS] [=                   ] 6%
[11:05:29] [INFO] [PROGRESS] [=                   ] 7%
[11:05:44] [INFO] [PROGRESS] [=                   ] 8%
[11:05:54] [INFO] [PROGRESS] [==                  ] 12%
[11:05:59] [INFO] [PROGRESS] [===                 ] 15%
[11:07:29] [INFO] [PROGRESS] [===                 ] 16%
[11:08:09] [INFO] [PROGRESS] [===                 ] 18%
[11:08:54] [INFO] [PROGRESS] [===                 ] 19%
[11:08:59] [INFO] [PROGRESS] [====                ] 20%
[11:09:04] [INFO] [PROGRESS] [====                ] 21%
[11:09:09] [INFO] [PROGRESS] [=====               ] 25%
[11:09:14] [INFO] [PROGRESS] [=====               ] 26%
[11:13:15] [INFO] [PROGRESS] [=====               ] 27%
[11:13:20] [INFO] [PROGRESS] [=====               ] 28%
[11:14:55] [INFO] [PROGRESS] [=====               ] 29%
[11:15:00] [INFO] [PROGRESS] [======              ] 30%
[11:16:35] [INFO] [PROGRESS] [======              ] 31%
[11:16:40] [INFO] [PROGRESS] [======              ] 32%
[11:17:25] [INFO] [PROGRESS] [======              ] 33%
[11:18:15] [INFO] [PROGRESS] [=======             ] 35%
[11:18:20] [INFO] [PROGRESS] [=======             ] 37%
[11:19:55] [INFO] [PROGRESS] [========            ] 40%
[11:20:00] [INFO] [PROGRESS] [========            ] 44%
[11:20:05] [INFO] [PROGRESS] [=========           ] 45%
[11:21:20] [INFO] [PROGRESS] [=========           ] 46%
[11:21:25] [INFO] [PROGRESS] [=========           ] 47%
[11:24:36] [INFO] [PROGRESS] [=========           ] 48%
[11:25:01] [INFO] [PROGRESS] [=========           ] 49%
[11:25:06] [INFO] [PROGRESS] [==========          ] 53%
[11:25:11] [INFO] [PROGRESS] [===========         ] 56%
[11:27:26] [INFO] [PROGRESS] [===========         ] 57%
[11:27:31] [INFO] [PROGRESS] [===========         ] 58%
[11:29:26] [INFO] [PROGRESS] [===========         ] 59%
[11:29:31] [INFO] [PROGRESS] [============        ] 60%
[11:32:06] [INFO] [PROGRESS] [============        ] 64%
[11:32:11] [INFO] [PROGRESS] [=============       ] 65%
[11:32:16] [INFO] [PROGRESS] [=============       ] 66%
[11:32:21] [INFO] [PROGRESS] [=============       ] 67%
[11:32:41] [INFO] [PROGRESS] [=============       ] 68%
[11:32:46] [INFO] [PROGRESS] [=============       ] 69%
[11:33:52] [INFO] [PROGRESS] [==============      ] 70%
[11:33:57] [INFO] [PROGRESS] [==============      ] 71%
[11:35:02] [INFO] [PROGRESS] [===============     ] 76%
[11:35:07] [INFO] [PROGRESS] [===============     ] 79%
[11:35:12] [INFO] [PROGRESS] [================    ] 82%
[11:35:22] [INFO] [PROGRESS] [=================   ] 86%
[11:35:32] [INFO] [PROGRESS] [=================   ] 89%
[11:35:37] [INFO] [PROGRESS] [==================  ] 91%
[11:35:42] [INFO] [PROGRESS] [==================  ] 92%
[11:35:52] [INFO] [PROGRESS] [==================  ] 93%
[11:35:57] [INFO] [PROGRESS] [=================== ] 97%
[11:36:02] [INFO] [PROGRESS] [=================== ] 99%
[11:36:07] [INFO] [PROGRESS] [====================] 100%
[11:36:07] [INFO] Generating report...
[11:36:08] [INFO] [+] API scan command finished. Parsing...
[11:36:08] [INFO] [+] JSON report saved.
[11:36:08] [INFO] [*] Generating PDF report for https://petstore.swagger.io/v2...
[11:36:14] [INFO] [+] PDF generated successfully.
[11:36:14] [INFO] SYSTEM_EVENT: READY_FOR_ANALYSIS:https://petstore.swagger.io/v2
[11:36:14] [INFO] [*] API Scan complete.
