[2026-02-23 10:59:27] Log cleared for new api scan.
[10:59:28] [*] Starting API Scan for https:[FILE_PATH] (Auth: Anonymous)...
[10:59:28] [*] Using Definition: https:[FILE_PATH]
[10:59:28] --- Initializing API Scanner (Port: 36574) ---
[10:59:28] [*] Launching ZAP process...
[10:59:28] [*] Waiting for ZAP to initialize on port 36574...
[11:00:29] [+] ZAP is active and responding on port 36574.
[11:00:29] [*] Connecting to ZAP API...
[11:00:29] [STAGE] Importing OpenAPI Definition...
[11:01:01] [STAGE] Starting Web Spider...
[11:01:01] [PROGRESS] [                    ] 0%
[11:01:03] [STAGE] Starting Active Scan (Core Analysis)...
[11:01:03] [PROGRESS] [                    ] 0%
[11:01:08] [PROGRESS] [                    ] 1%
[11:03:44] [PROGRESS] [                    ] 2%
[11:03:49] [PROGRESS] [                    ] 3%
[11:05:24] [PROGRESS] [=                   ] 6%
[11:05:29] [PROGRESS] [=                   ] 7%
[11:05:44] [PROGRESS] [=                   ] 8%
[11:05:54] [PROGRESS] [==                  ] 12%
[11:05:59] [PROGRESS] [===                 ] 15%
[11:07:29] [PROGRESS] [===                 ] 16%
[11:08:09] [PROGRESS] [===                 ] 18%
[11:08:54] [PROGRESS] [===                 ] 19%
[11:08:59] [PROGRESS] [====                ] 20%
[11:09:04] [PROGRESS] [====                ] 21%
[11:09:09] [PROGRESS] [=====               ] 25%
[11:09:14] [PROGRESS] [=====               ] 26%
[11:13:15] [PROGRESS] [=====               ] 27%
[11:13:20] [PROGRESS] [=====               ] 28%
[11:14:55] [PROGRESS] [=====               ] 29%
[11:15:00] [PROGRESS] [======              ] 30%
[11:16:35] [PROGRESS] [======              ] 31%
[11:16:40] [PROGRESS] [======              ] 32%
[11:17:25] [PROGRESS] [======              ] 33%
[11:18:15] [PROGRESS] [=======             ] 35%
[11:18:20] [PROGRESS] [=======             ] 37%
[11:19:55] [PROGRESS] [========            ] 40%
[11:20:00] [PROGRESS] [========            ] 44%
[11:20:05] [PROGRESS] [=========           ] 45%
[11:21:20] [PROGRESS] [=========           ] 46%
[11:21:25] [PROGRESS] [=========           ] 47%
[11:24:36] [PROGRESS] [=========           ] 48%
[11:25:01] [PROGRESS] [=========           ] 49%
[11:25:06] [PROGRESS] [==========          ] 53%
[11:25:11] [PROGRESS] [===========         ] 56%
[11:27:26] [PROGRESS] [===========         ] 57%
[11:27:31] [PROGRESS] [===========         ] 58%
[11:29:26] [PROGRESS] [===========         ] 59%
[11:29:31] [PROGRESS] [============        ] 60%
[11:32:06] [PROGRESS] [============        ] 64%
[11:32:11] [PROGRESS] [=============       ] 65%
[11:32:16] [PROGRESS] [=============       ] 66%
[11:32:21] [PROGRESS] [=============       ] 67%
[11:32:41] [PROGRESS] [=============       ] 68%
[11:32:46] [PROGRESS] [=============       ] 69%
[11:33:52] [PROGRESS] [==============      ] 70%
[11:33:57] [PROGRESS] [==============      ] 71%
[11:35:02] [PROGRESS] [===============     ] 76%
[11:35:07] [PROGRESS] [===============     ] 79%
[11:35:12] [PROGRESS] [================    ] 82%
[11:35:22] [PROGRESS] [=================   ] 86%
[11:35:32] [PROGRESS] [=================   ] 89%
[11:35:37] [PROGRESS] [==================  ] 91%
[11:35:42] [PROGRESS] [==================  ] 92%
[11:35:52] [PROGRESS] [==================  ] 93%
[11:35:57] [PROGRESS] [=================== ] 97%
[11:36:02] [PROGRESS] [=================== ] 99%
[11:36:07] [PROGRESS] [====================] 100%
[11:36:07] Generating report...
[11:36:08] [+] API scan command finished. Parsing...
[11:36:08] [+] JSON report saved.
[11:36:08] [*] Generating PDF report for https:[FILE_PATH]
[11:36:14] [+] PDF generated successfully.
[11:36:14] SYSTEM_EVENT: READY_FOR_ANALYSIS:https:[FILE_PATH]
[11:36:14] [*] API Scan complete.
