[2026-03-06 19:41:02] Log cleared for new api_scanner scan.
[19:41:35] 1815437 [ZAP-Scanner-0] INFO  org.parosproxy.paros.core.scanner.HostProcess - completed host[FILE_PATH] https:[FILE_PATH] | CodeInjectionScanRule in 91.832s with 632 message(s) sent and 0 alert(s) raised.
[19:41:35] 1815440 [ZAP-Scanner-0] INFO  org.parosproxy.paros.core.scanner.HostProcess - start host https:[FILE_PATH] | CommandInjectionScanRule strength MEDIUM threshold MEDIUM
[19:41:41] [PROGRESS] [=========           ] 48%
[19:45:06] 2025759 [ZAP-Scanner-0] INFO  org.parosproxy.paros.core.scanner.HostProcess - completed host[FILE_PATH] https:[FILE_PATH] | CommandInjectionScanRule in 210.319s with 1501 message(s) sent and 0 alert(s) raised.
[19:45:06] 2025762 [ZAP-Scanner-0] INFO  org.parosproxy.paros.core.scanner.HostProcess - start host https:[FILE_PATH] | XpathInjectionScanRule strength MEDIUM threshold MEDIUM
[19:45:07] [PROGRESS] [=========           ] 49%
[19:45:12] [PROGRESS] [==========          ] 50%
[19:45:38] 2057726 [ZAP-Scanner-0] INFO  org.parosproxy.paros.core.scanner.HostProcess - completed host[FILE_PATH] https:[FILE_PATH] | XpathInjectionScanRule in 31.964s with 237 message(s) sent and 0 alert(s) raised.
[19:45:38] 2057732 [ZAP-Scanner-0] INFO  org.parosproxy.paros.core.scanner.HostProcess - start host https:[FILE_PATH] | XxeScanRule strength MEDIUM threshold MEDIUM
[19:45:42] 2062021 [ZAP-Scanner-0] INFO  org.parosproxy.paros.core.scanner.HostProcess - completed host[FILE_PATH] https:[FILE_PATH] | XxeScanRule in 4.289s with 0 message(s) sent and 0 alert(s) raised.
[19:45:42] 2062022 [ZAP-Scanner-0] INFO  org.parosproxy.paros.core.scanner.HostProcess - start host https:[FILE_PATH] | PaddingOracleScanRule strength MEDIUM threshold MEDIUM
[19:45:42] [PROGRESS] [==========          ] 53%
[19:45:45] 2065609 [ZAP-Scanner-0] INFO  org.parosproxy.paros.core.scanner.HostProcess - completed host[FILE_PATH] https:[FILE_PATH] | PaddingOracleScanRule in 3.587s with 0 message(s) sent and 0 alert(s) raised.
[19:45:45] 2065609 [ZAP-Scanner-0] INFO  org.parosproxy.paros.core.scanner.HostProcess - start host https:[FILE_PATH] | CloudMetadataScanRule strength MEDIUM threshold MEDIUM
[19:45:45] 2065615 [ZAP-Scanner-0] INFO  org.parosproxy.paros.core.scanner.HostProcess - start host https:[FILE_PATH] | SstiScanRule strength MEDIUM threshold MEDIUM
[19:45:47] [PROGRESS] [===========         ] 55%
[19:45:48] 2068105 [ZAP-ActiveScanner-0] INFO  org.parosproxy.paros.core.scanner.HostProcess - completed host[FILE_PATH] https:[FILE_PATH] | CloudMetadataScanRule in 2.496s with 9 message(s) sent and 0 alert(s) raised.
[19:45:52] [PROGRESS] [===========         ] 58%
[19:59:40] 2900351 [ZAP-Scanner-0] INFO  org.parosproxy.paros.core.scanner.HostProcess - completed host[FILE_PATH] https:[FILE_PATH] | SstiScanRule in 834.735s with 1106 message(s) sent and 0 alert(s) raised.
[19:59:40] 2900357 [ZAP-Scanner-0] INFO  org.parosproxy.paros.core.scanner.HostProcess - start host https:[FILE_PATH] | SstiBlindScanRule strength MEDIUM threshold MEDIUM
[19:59:44] [PROGRESS] [============        ] 60%
[20:01:55] 3035117 [ZAP-Scanner-0] INFO  org.parosproxy.paros.core.scanner.HostProcess - completed host[FILE_PATH] https:[FILE_PATH] | SstiBlindScanRule in 134.76s with 948 message(s) sent and 0 alert(s) raised.
[20:01:55] 3035119 [ZAP-Scanner-0] INFO  org.parosproxy.paros.core.scanner.HostProcess - start host https:[FILE_PATH] | CommandInjectionTimingScanRule strength MEDIUM threshold MEDIUM
[20:01:59] [PROGRESS] [============        ] 62%
[20:04:53] 3213602 [ZAP-Scanner-0] INFO  org.parosproxy.paros.core.scanner.HostProcess - completed host[FILE_PATH] https:[FILE_PATH] | CommandInjectionTimingScanRule in 178.482s with 1264 message(s) sent and 0 alert(s) raised.
[20:04:53] 3213604 [ZAP-Scanner-0] INFO  org.parosproxy.paros.core.scanner.HostProcess - start host https:[FILE_PATH] | DirectoryBrowsingScanRule strength MEDIUM threshold MEDIUM
[20:04:55] [PROGRESS] [============        ] 63%
[20:04:58] 3218107 [ZAP-Scanner-0] INFO  org.parosproxy.paros.core.scanner.HostProcess - completed host[FILE_PATH] https:[FILE_PATH] | DirectoryBrowsingScanRule in 4.504s with 33 message(s) sent and 0 alert(s) raised.
[20:04:58] 3218109 [ZAP-Scanner-0] INFO  org.parosproxy.paros.core.scanner.HostProcess - start host https:[FILE_PATH] | HttpOnlySiteScanRule strength MEDIUM threshold MEDIUM
[20:04:58] 3218111 [ZAP-Scanner-0] INFO  org.parosproxy.paros.core.scanner.HostProcess - start host https:[FILE_PATH] | BufferOverflowScanRule strength MEDIUM threshold MEDIUM
[20:04:58] 3218119 [ZAP-ActiveScanner-0] INFO  org.parosproxy.paros.core.scanner.HostProcess - completed host[FILE_PATH] https:[FILE_PATH] | HttpOnlySiteScanRule in 0.01s with 0 message(s) sent and 0 alert(s) raised.
[20:05:00] [PROGRESS] [=============       ] 67%
[20:05:11] 3230807 [ZAP-Scanner-0] INFO  org.parosproxy.paros.core.scanner.HostProcess - completed host[FILE_PATH] https:[FILE_PATH] | BufferOverflowScanRule in 12.697s with 79 message(s) sent and 0 alert(s) raised.
[20:05:11] 3230829 [ZAP-Scanner-0] INFO  org.parosproxy.paros.core.scanner.HostProcess - start host https:[FILE_PATH] | FormatStringScanRule strength MEDIUM threshold MEDIUM
[20:05:15] [PROGRESS] [=============       ] 69%
[20:05:40] 3260089 [ZAP-Scanner-0] INFO  org.parosproxy.paros.core.scanner.HostProcess - completed host[FILE_PATH] https:[FILE_PATH] | FormatStringScanRule in 29.26s with 193 message(s) sent and 0 alert(s) raised.
[20:05:40] 3260090 [ZAP-Scanner-0] INFO  org.parosproxy.paros.core.scanner.HostProcess - start host https:[FILE_PATH] | CrlfInjectionScanRule strength MEDIUM threshold MEDIUM
[20:05:40] [PROGRESS] [==============      ] 70%
[20:05:45] [PROGRESS] [==============      ] 71%
[20:07:13] 3352840 [ZAP-Scanner-0] INFO  org.parosproxy.paros.core.scanner.HostProcess - completed host[FILE_PATH] https:[FILE_PATH] | CrlfInjectionScanRule in 92.751s with 552 message(s) sent and 0 alert(s) raised.
[20:07:13] 3352842 [ZAP-Scanner-0] INFO  org.parosproxy.paros.core.scanner.HostProcess - start host https:[FILE_PATH] | ParameterTamperScanRule strength MEDIUM threshold MEDIUM
[20:07:14] 3354387 [ZAP-ActiveScanner-0] ERROR org.zaproxy.zap.extension.ascanrules.ParameterTamperScanRule - Error occurred while scanning a message:
[20:07:14] java.lang.NullPointerException: Cannot invoke "String.length()" because "str" is null
[20:07:14] at java.base[FILE_PATH](AbstractStringBuilder.java:1019)
[20:07:14] at java.base[FILE_PATH](StringBuilder.java:307)
[20:07:14] at org.parosproxy.paros.core.scanner.VariantMultipartFormParameters.setParameter(VariantMultipartFormParameters.java:283)
[20:07:14] at org.parosproxy.paros.core.scanner.VariantMultipartFormParameters.setParameter(VariantMultipartFormParameters.java:243)
[20:07:14] at org.parosproxy.paros.core.scanner.AbstractAppParamPlugin.setParameter(AbstractAppParamPlugin.java:247)
[20:07:14] at org.zaproxy.zap.extension.ascanrules.ParameterTamperScanRule.scan(ParameterTamperScanRule.java:166)
[20:07:14] at org.parosproxy.paros.core.scanner.AbstractAppParamPlugin.scan(AbstractAppParamPlugin.java:233)
[20:07:14] at org.parosproxy.paros.core.scanner.AbstractAppParamPlugin.scan(AbstractAppParamPlugin.java:136)
[20:07:14] at org.parosproxy.paros.core.scanner.AbstractAppParamPlugin.scan(AbstractAppParamPlugin.java:96)
[20:07:14] at org.parosproxy.paros.core.scanner.AbstractPlugin.run(AbstractPlugin.java:402)
[20:07:14] at java.base[FILE_PATH](Thread.java:1447)
[20:07:15] 3355152 [ZAP-ActiveScanner-0] ERROR org.zaproxy.zap.extension.ascanrules.ParameterTamperScanRule - Error occurred while scanning a message:
[20:07:15] java.lang.NullPointerException: Cannot invoke "String.length()" because "str" is null
[20:07:15] at java.base[FILE_PATH](AbstractStringBuilder.java:1019)
[20:07:15] at java.base[FILE_PATH](StringBuilder.java:307)
[20:07:15] at org.parosproxy.paros.core.scanner.VariantMultipartFormParameters.setParameter(VariantMultipartFormParameters.java:283)
[20:07:15] at org.parosproxy.paros.core.scanner.VariantMultipartFormParameters.setParameter(VariantMultipartFormParameters.java:243)
[20:07:15] at org.parosproxy.paros.core.scanner.AbstractAppParamPlugin.setParameter(AbstractAppParamPlugin.java:247)
[20:07:15] at org.zaproxy.zap.extension.ascanrules.ParameterTamperScanRule.scan(ParameterTamperScanRule.java:166)
[20:07:15] at org.parosproxy.paros.core.scanner.AbstractAppParamPlugin.scan(AbstractAppParamPlugin.java:233)
[20:07:15] at org.parosproxy.paros.core.scanner.AbstractAppParamPlugin.scan(AbstractAppParamPlugin.java:136)
[20:07:15] at org.parosproxy.paros.core.scanner.AbstractAppParamPlugin.scan(AbstractAppParamPlugin.java:96)
[20:07:15] at org.parosproxy.paros.core.scanner.AbstractPlugin.run(AbstractPlugin.java:402)
[20:07:15] at java.base[FILE_PATH](Thread.java:1447)
[20:07:15] [PROGRESS] [==============      ] 72%
[20:07:16] 3356048 [ZAP-ActiveScanner-0] ERROR org.zaproxy.zap.extension.ascanrules.ParameterTamperScanRule - Error occurred while scanning a message:
[20:07:16] java.lang.NullPointerException: Cannot invoke "String.length()" because "str" is null
[20:07:16] at java.base[FILE_PATH](AbstractStringBuilder.java:1019)
[20:07:16] at java.base[FILE_PATH](StringBuilder.java:307)
[20:07:16] at org.parosproxy.paros.core.scanner.VariantMultipartFormParameters.setParameter(VariantMultipartFormParameters.java:283)
[20:07:16] at org.parosproxy.paros.core.scanner.VariantMultipartFormParameters.setParameter(VariantMultipartFormParameters.java:243)
[20:07:16] at org.parosproxy.paros.core.scanner.AbstractAppParamPlugin.setParameter(AbstractAppParamPlugin.java:247)
[20:07:16] at org.zaproxy.zap.extension.ascanrules.ParameterTamperScanRule.scan(ParameterTamperScanRule.java:166)
[20:07:16] at org.parosproxy.paros.core.scanner.AbstractAppParamPlugin.scan(AbstractAppParamPlugin.java:233)
[20:07:16] at org.parosproxy.paros.core.scanner.AbstractAppParamPlugin.scan(AbstractAppParamPlugin.java:136)
[20:07:16] at org.parosproxy.paros.core.scanner.AbstractAppParamPlugin.scan(AbstractAppParamPlugin.java:96)
[20:07:16] at org.parosproxy.paros.core.scanner.AbstractPlugin.run(AbstractPlugin.java:402)
[20:07:16] at java.base[FILE_PATH](Thread.java:1447)
[20:07:16] 3356660 [ZAP-ActiveScanner-0] ERROR org.zaproxy.zap.extension.ascanrules.ParameterTamperScanRule - Error occurred while scanning a message:
[20:07:17] java.lang.NullPointerException: Cannot invoke "String.length()" because "str" is null
[20:07:17] at java.base[FILE_PATH](AbstractStringBuilder.java:1019)
[20:07:17] at java.base[FILE_PATH](StringBuilder.java:307)
[20:07:17] at org.parosproxy.paros.core.scanner.VariantMultipartFormParameters.setParameter(VariantMultipartFormParameters.java:283)
[20:07:17] at org.parosproxy.paros.core.scanner.VariantMultipartFormParameters.setParameter(VariantMultipartFormParameters.java:243)
[20:07:17] at org.parosproxy.paros.core.scanner.AbstractAppParamPlugin.setParameter(AbstractAppParamPlugin.java:247)
[20:07:17] at org.zaproxy.zap.extension.ascanrules.ParameterTamperScanRule.scan(ParameterTamperScanRule.java:166)
[20:07:17] at org.parosproxy.paros.core.scanner.AbstractAppParamPlugin.scan(AbstractAppParamPlugin.java:233)
[20:07:17] at org.parosproxy.paros.core.scanner.AbstractAppParamPlugin.scan(AbstractAppParamPlugin.java:136)
[20:07:17] at org.parosproxy.paros.core.scanner.AbstractAppParamPlugin.scan(AbstractAppParamPlugin.java:96)
[20:07:17] at org.parosproxy.paros.core.scanner.AbstractPlugin.run(AbstractPlugin.java:402)
[20:07:17] at java.base[FILE_PATH](Thread.java:1447)
[20:07:20] [PROGRESS] [==============      ] 73%
[20:07:28] 3368611 [ZAP-ActiveScanner-9] WARN  org.zaproxy.zap.extension.ascanrules.ParameterTamperScanRule - Read timed out
[20:07:28] org.zaproxy.addon.network.common.ZapSocketTimeoutException: Read timed out
[20:07:28] at java.base[FILE_PATH](NioSocketImpl.java:277)
[20:07:28] at java.base[FILE_PATH](NioSocketImpl.java:303)
[20:07:28] at java.base[FILE_PATH](NioSocketImpl.java:345)
[20:07:28] at java.base[FILE_PATH]$1.read(NioSocketImpl.java:790)
[20:07:28] at java.base[FILE_PATH]$SocketInputStream.implRead(Socket.java:983)
[20:07:28] at java.base[FILE_PATH]$SocketInputStream.read(Socket.java:970)
[20:07:28] at java.base[FILE_PATH](SSLSocketInputRecord.java:489)
[20:07:28] at java.base[FILE_PATH](SSLSocketInputRecord.java:483)
[20:07:28] at java.base[FILE_PATH](SSLSocketInputRecord.java:70)
[20:07:28] at java.base[FILE_PATH](SSLSocketImpl.java:1461)
[20:07:28] at java.base[FILE_PATH]$AppInputStream.read(SSLSocketImpl.java:1068)
[20:07:28] at org.apache.hc.core5.http.impl.io.SessionInputBufferImpl.fillBuffer(SessionInputBufferImpl.java:149)
[20:07:28] at org.apache.hc.core5.http.impl.io.SessionInputBufferImpl.readLine(SessionInputBufferImpl.java:280)
[20:07:28] at org.apache.hc.core5.http.impl.io.AbstractMessageParser.parse(AbstractMessageParser.java:247)
[20:07:29] at org.apache.hc.core5.http.impl.io.AbstractMessageParser.parse(AbstractMessageParser.java:54)
[20:07:29] at org.apache.hc.core5.http.impl.io.DefaultBHttpClientConnection.receiveResponseHeader(DefaultBHttpClientConnection.java:299)
[20:07:29] at org.zaproxy.addon.network.internal.client.apachev5.ZapHttpRequestExecutor.execute(ZapHttpRequestExecutor.java:78)
[20:07:29] at org.apache.hc.core5.http.impl.io.HttpRequestExecutor.execute(HttpRequestExecutor.java:218)
[20:07:29] at org.apache.hc.client5.http.impl.io.PoolingHttpClientConnectionManager$InternalConnectionEndpoint.execute(PoolingHttpClientConnectionManager.java:712)
[20:07:29] at org.apache.hc.client5.http.impl.classic.InternalExecRuntime.execute(InternalExecRuntime.java:216)
[20:07:29] at org.apache.hc.client5.http.impl.classic.MainClientExec.execute(MainClientExec.java:116)
[20:07:29] at org.apache.hc.client5.http.impl.classic.ExecChainElement.execute(ExecChainElement.java:51)
[20:07:29] at org.apache.hc.client5.http.impl.classic.ConnectExec.execute(ConnectExec.java:188)
[20:07:29] at org.apache.hc.client5.http.impl.classic.ExecChainElement.execute(ExecChainElement.java:51)
[20:07:29] at org.apache.hc.client5.http.impl.classic.ZapProtocolExec.execute(ZapProtocolExec.java:179)
[20:07:29] at org.apache.hc.client5.http.impl.classic.ExecChainElement.execute(ExecChainElement.java:51)
[20:07:29] at org.apache.hc.client5.http.impl.classic.ZapHttpRequestRetryExec.execute(ZapHttpRequestRetryExec.java:81)
[20:07:29] at org.apache.hc.client5.http.impl.classic.ExecChainElement.execute(ExecChainElement.java:51)
[20:07:29] at org.apache.hc.client5.http.impl.classic.ZapInternalHttpClient.doExecute(ZapInternalHttpClient.java:173)
[20:07:29] at org.apache.hc.client5.http.impl.classic.CloseableHttpClient.execute(CloseableHttpClient.java:245)
[20:07:29] at org.apache.hc.client5.http.impl.classic.CloseableHttpClient.execute(CloseableHttpClient.java:188)
[20:07:29] at org.zaproxy.addon.network.internal.client.apachev5.HttpSenderApache.sendImpl0(HttpSenderApache.java:486)
[20:07:29] at org.zaproxy.addon.network.internal.client.apachev5.HttpSenderApache.sendImpl(HttpSenderApache.java:365)
[20:07:29] at org.zaproxy.addon.network.internal.client.apachev5.HttpSenderApache.sendImpl(HttpSenderApache.java:116)
[20:07:29] at org.zaproxy.addon.network.internal.client.BaseHttpSender.sendRateLimited(BaseHttpSender.java:415)
[20:07:29] at org.zaproxy.addon.network.internal.client.BaseHttpSender.sendAuthenticated(BaseHttpSender.java:383)
[20:07:29] at org.zaproxy.addon.network.internal.client.BaseHttpSender.sendNoRedirections(BaseHttpSender.java:351)
[20:07:29] at org.zaproxy.addon.network.internal.client.BaseHttpSender.send(BaseHttpSender.java:307)
[20:07:29] at org.zaproxy.addon.network.internal.client.BaseHttpSender.sendAndReceive(BaseHttpSender.java:278)
[20:07:29] at org.zaproxy.addon.network.internal.client.BaseHttpSender.sendAndReceive(BaseHttpSender.java:234)
[20:07:29] at org.parosproxy.paros.network.HttpSender.sendImpl(HttpSender.java:536)
[20:07:29] at org.parosproxy.paros.network.HttpSender.sendAndReceive(HttpSender.java:529)
[20:07:29] at org.parosproxy.paros.core.scanner.AbstractPlugin.sendMessageImpl(AbstractPlugin.java:344)
[20:07:29] at org.parosproxy.paros.core.scanner.AbstractPlugin.sendAndReceive(AbstractPlugin.java:331)
[20:07:29] at org.parosproxy.paros.core.scanner.AbstractPlugin.sendAndReceive(AbstractPlugin.java:265)
[20:07:29] at org.parosproxy.paros.core.scanner.AbstractPlugin.sendAndReceive(AbstractPlugin.java:238)
[20:07:29] at org.zaproxy.zap.extension.ascanrules.ParameterTamperScanRule.scan(ParameterTamperScanRule.java:140)
[20:07:29] at org.parosproxy.paros.core.scanner.AbstractAppParamPlugin.scan(AbstractAppParamPlugin.java:233)
[20:07:29] at org.parosproxy.paros.core.scanner.AbstractAppParamPlugin.scan(AbstractAppParamPlugin.java:136)
[20:07:29] at org.parosproxy.paros.core.scanner.AbstractAppParamPlugin.scan(AbstractAppParamPlugin.java:96)
[20:07:29] at org.parosproxy.paros.core.scanner.AbstractPlugin.run(AbstractPlugin.java:402)
[20:07:29] at java.base[FILE_PATH](Thread.java:1447)
[20:07:46] 3386400 [ZAP-ActiveScanner-1] WARN  org.zaproxy.zap.extension.ascanrules.ParameterTamperScanRule - Read timed out
[20:07:46] org.zaproxy.addon.network.common.ZapSocketTimeoutException: Read timed out
[20:07:46] at java.base[FILE_PATH](NioSocketImpl.java:277)
[20:07:46] at java.base[FILE_PATH](NioSocketImpl.java:303)
[20:07:46] at java.base[FILE_PATH](NioSocketImpl.java:345)
[20:07:46] at java.base[FILE_PATH]$1.read(NioSocketImpl.java:790)
[20:07:46] at java.base[FILE_PATH]$SocketInputStream.implRead(Socket.java:983)
[20:07:46] at java.base[FILE_PATH]$SocketInputStream.read(Socket.java:970)
[20:07:46] at java.base[FILE_PATH](SSLSocketInputRecord.java:489)
[20:07:46] at java.base[FILE_PATH](SSLSocketInputRecord.java:483)
[20:07:46] at java.base[FILE_PATH](SSLSocketInputRecord.java:70)
[20:07:46] at java.base[FILE_PATH](SSLSocketImpl.java:1461)
[20:07:46] at java.base[FILE_PATH]$AppInputStream.read(SSLSocketImpl.java:1068)
[20:07:46] at org.apache.hc.core5.http.impl.io.SessionInputBufferImpl.fillBuffer(SessionInputBufferImpl.java:149)
[20:07:46] at org.apache.hc.core5.http.impl.io.SessionInputBufferImpl.readLine(SessionInputBufferImpl.java:280)
[20:07:46] at org.apache.hc.core5.http.impl.io.AbstractMessageParser.parse(AbstractMessageParser.java:247)
[20:07:46] at org.apache.hc.core5.http.impl.io.AbstractMessageParser.parse(AbstractMessageParser.java:54)
[20:07:46] at org.apache.hc.core5.http.impl.io.DefaultBHttpClientConnection.receiveResponseHeader(DefaultBHttpClientConnection.java:299)
[20:07:46] at org.zaproxy.addon.network.internal.client.apachev5.ZapHttpRequestExecutor.execute(ZapHttpRequestExecutor.java:78)
[20:07:46] at org.apache.hc.core5.http.impl.io.HttpRequestExecutor.execute(HttpRequestExecutor.java:218)
[20:07:46] at org.apache.hc.client5.http.impl.io.PoolingHttpClientConnectionManager$InternalConnectionEndpoint.execute(PoolingHttpClientConnectionManager.java:712)
[20:07:46] at org.apache.hc.client5.http.impl.classic.InternalExecRuntime.execute(InternalExecRuntime.java:216)
[20:07:46] at org.apache.hc.client5.http.impl.classic.MainClientExec.execute(MainClientExec.java:116)
[20:07:46] at org.apache.hc.client5.http.impl.classic.ExecChainElement.execute(ExecChainElement.java:51)
[20:07:46] at org.apache.hc.client5.http.impl.classic.ConnectExec.execute(ConnectExec.java:188)
[20:07:46] at org.apache.hc.client5.http.impl.classic.ExecChainElement.execute(ExecChainElement.java:51)
[20:07:46] at org.apache.hc.client5.http.impl.classic.ZapProtocolExec.execute(ZapProtocolExec.java:179)
[20:07:46] at org.apache.hc.client5.http.impl.classic.ExecChainElement.execute(ExecChainElement.java:51)
[20:07:46] at org.apache.hc.client5.http.impl.classic.ZapHttpRequestRetryExec.execute(ZapHttpRequestRetryExec.java:81)
[20:07:46] at org.apache.hc.client5.http.impl.classic.ExecChainElement.execute(ExecChainElement.java:51)
[20:07:46] at org.apache.hc.client5.http.impl.classic.ZapInternalHttpClient.doExecute(ZapInternalHttpClient.java:173)
[20:07:46] at org.apache.hc.client5.http.impl.classic.CloseableHttpClient.execute(CloseableHttpClient.java:245)
[20:07:46] at org.apache.hc.client5.http.impl.classic.CloseableHttpClient.execute(CloseableHttpClient.java:188)
[20:07:46] at org.zaproxy.addon.network.internal.client.apachev5.HttpSenderApache.sendImpl0(HttpSenderApache.java:486)
[20:07:46] at org.zaproxy.addon.network.internal.client.apachev5.HttpSenderApache.sendImpl(HttpSenderApache.java:365)
[20:07:46] at org.zaproxy.addon.network.internal.client.apachev5.HttpSenderApache.sendImpl(HttpSenderApache.java:116)
[20:07:46] at org.zaproxy.addon.network.internal.client.BaseHttpSender.sendRateLimited(BaseHttpSender.java:415)
[20:07:46] at org.zaproxy.addon.network.internal.client.BaseHttpSender.sendAuthenticated(BaseHttpSender.java:383)
[20:07:46] at org.zaproxy.addon.network.internal.client.BaseHttpSender.sendNoRedirections(BaseHttpSender.java:351)
[20:07:46] at org.zaproxy.addon.network.internal.client.BaseHttpSender.send(BaseHttpSender.java:307)
[20:07:46] at org.zaproxy.addon.network.internal.client.BaseHttpSender.sendAndReceive(BaseHttpSender.java:278)
[20:07:46] at org.zaproxy.addon.network.internal.client.BaseHttpSender.sendAndReceive(BaseHttpSender.java:234)
[20:07:46] at org.parosproxy.paros.network.HttpSender.sendImpl(HttpSender.java:536)
[20:07:46] at org.parosproxy.paros.network.HttpSender.sendAndReceive(HttpSender.java:529)
[20:07:46] at org.parosproxy.paros.core.scanner.AbstractPlugin.sendMessageImpl(AbstractPlugin.java:344)
[20:07:46] at org.parosproxy.paros.core.scanner.AbstractPlugin.sendAndReceive(AbstractPlugin.java:331)
[20:07:46] at org.parosproxy.paros.core.scanner.AbstractPlugin.sendAndReceive(AbstractPlugin.java:265)
[20:07:46] at org.parosproxy.paros.core.scanner.AbstractPlugin.sendAndReceive(AbstractPlugin.java:238)
[20:07:46] at org.zaproxy.zap.extension.ascanrules.ParameterTamperScanRule.scan(ParameterTamperScanRule.java:174)
[20:07:46] at org.parosproxy.paros.core.scanner.AbstractAppParamPlugin.scan(AbstractAppParamPlugin.java:233)
[20:07:46] at org.parosproxy.paros.core.scanner.AbstractAppParamPlugin.scan(AbstractAppParamPlugin.java:136)
[20:07:46] at org.parosproxy.paros.core.scanner.AbstractAppParamPlugin.scan(AbstractAppParamPlugin.java:96)
[20:07:46] at org.parosproxy.paros.core.scanner.AbstractPlugin.run(AbstractPlugin.java:402)
[20:07:46] at java.base[FILE_PATH](Thread.java:1447)
[20:09:29] 3488920 [ZAP-ActiveScanner-6] WARN  org.zaproxy.zap.extension.ascanrules.ParameterTamperScanRule - Read timed out
[20:09:29] org.zaproxy.addon.network.common.ZapSocketTimeoutException: Read timed out
[20:09:29] at java.base[FILE_PATH](NioSocketImpl.java:277)
[20:09:29] at java.base[FILE_PATH](NioSocketImpl.java:303)
[20:09:29] at java.base[FILE_PATH](NioSocketImpl.java:345)
[20:09:29] at java.base[FILE_PATH]$1.read(NioSocketImpl.java:790)
[20:09:29] at java.base[FILE_PATH]$SocketInputStream.implRead(Socket.java:983)
[20:09:29] at java.base[FILE_PATH]$SocketInputStream.read(Socket.java:970)
[20:09:29] at java.base[FILE_PATH](SSLSocketInputRecord.java:489)
[20:09:29] at java.base[FILE_PATH](SSLSocketInputRecord.java:483)
[20:09:29] at java.base[FILE_PATH](SSLSocketInputRecord.java:70)
[20:09:29] at java.base[FILE_PATH](SSLSocketImpl.java:1461)
[20:09:29] at java.base[FILE_PATH]$AppInputStream.read(SSLSocketImpl.java:1068)
[20:09:29] at org.apache.hc.core5.http.impl.io.SessionInputBufferImpl.fillBuffer(SessionInputBufferImpl.java:149)
[20:09:29] at org.apache.hc.core5.http.impl.io.SessionInputBufferImpl.readLine(SessionInputBufferImpl.java:280)
[20:09:29] at org.apache.hc.core5.http.impl.io.AbstractMessageParser.parse(AbstractMessageParser.java:247)
[20:09:29] at org.apache.hc.core5.http.impl.io.AbstractMessageParser.parse(AbstractMessageParser.java:54)
[20:09:29] at org.apache.hc.core5.http.impl.io.DefaultBHttpClientConnection.receiveResponseHeader(DefaultBHttpClientConnection.java:299)
[20:09:29] at org.zaproxy.addon.network.internal.client.apachev5.ZapHttpRequestExecutor.execute(ZapHttpRequestExecutor.java:78)
[20:09:29] at org.apache.hc.core5.http.impl.io.HttpRequestExecutor.execute(HttpRequestExecutor.java:218)
[20:09:29] at org.apache.hc.client5.http.impl.io.PoolingHttpClientConnectionManager$InternalConnectionEndpoint.execute(PoolingHttpClientConnectionManager.java:712)
[20:09:29] at org.apache.hc.client5.http.impl.classic.InternalExecRuntime.execute(InternalExecRuntime.java:216)
[20:09:29] at org.apache.hc.client5.http.impl.classic.MainClientExec.execute(MainClientExec.java:116)
[20:09:29] at org.apache.hc.client5.http.impl.classic.ExecChainElement.execute(ExecChainElement.java:51)
[20:09:29] at org.apache.hc.client5.http.impl.classic.ConnectExec.execute(ConnectExec.java:188)
[20:09:29] at org.apache.hc.client5.http.impl.classic.ExecChainElement.execute(ExecChainElement.java:51)
[20:09:29] at org.apache.hc.client5.http.impl.classic.ZapProtocolExec.execute(ZapProtocolExec.java:179)
[20:09:29] at org.apache.hc.client5.http.impl.classic.ExecChainElement.execute(ExecChainElement.java:51)
[20:09:29] at org.apache.hc.client5.http.impl.classic.ZapHttpRequestRetryExec.execute(ZapHttpRequestRetryExec.java:81)
[20:09:29] at org.apache.hc.client5.http.impl.classic.ExecChainElement.execute(ExecChainElement.java:51)
[20:09:29] at org.apache.hc.client5.http.impl.classic.ZapInternalHttpClient.doExecute(ZapInternalHttpClient.java:173)
[20:09:29] at org.apache.hc.client5.http.impl.classic.CloseableHttpClient.execute(CloseableHttpClient.java:245)
[20:09:29] at org.apache.hc.client5.http.impl.classic.CloseableHttpClient.execute(CloseableHttpClient.java:188)
[20:09:29] at org.zaproxy.addon.network.internal.client.apachev5.HttpSenderApache.sendImpl0(HttpSenderApache.java:486)
[20:09:29] at org.zaproxy.addon.network.internal.client.apachev5.HttpSenderApache.sendImpl(HttpSenderApache.java:365)
[20:09:29] at org.zaproxy.addon.network.internal.client.apachev5.HttpSenderApache.sendImpl(HttpSenderApache.java:116)
[20:09:29] at org.zaproxy.addon.network.internal.client.BaseHttpSender.sendRateLimited(BaseHttpSender.java:415)
[20:09:29] at org.zaproxy.addon.network.internal.client.BaseHttpSender.sendAuthenticated(BaseHttpSender.java:383)
[20:09:29] at org.zaproxy.addon.network.internal.client.BaseHttpSender.sendNoRedirections(BaseHttpSender.java:351)
[20:09:29] at org.zaproxy.addon.network.internal.client.BaseHttpSender.send(BaseHttpSender.java:307)
[20:09:29] at org.zaproxy.addon.network.internal.client.BaseHttpSender.sendAndReceive(BaseHttpSender.java:278)
[20:09:29] at org.zaproxy.addon.network.internal.client.BaseHttpSender.sendAndReceive(BaseHttpSender.java:234)
[20:09:29] at org.parosproxy.paros.network.HttpSender.sendImpl(HttpSender.java:536)
[20:09:29] at org.parosproxy.paros.network.HttpSender.sendAndReceive(HttpSender.java:529)
[20:09:29] at org.parosproxy.paros.core.scanner.AbstractPlugin.sendMessageImpl(AbstractPlugin.java:344)
[20:09:29] at org.parosproxy.paros.core.scanner.AbstractPlugin.sendAndReceive(AbstractPlugin.java:331)
[20:09:29] at org.parosproxy.paros.core.scanner.AbstractPlugin.sendAndReceive(AbstractPlugin.java:265)
[20:09:29] at org.parosproxy.paros.core.scanner.AbstractPlugin.sendAndReceive(AbstractPlugin.java:238)
[20:09:29] at org.zaproxy.zap.extension.ascanrules.ParameterTamperScanRule.scan(ParameterTamperScanRule.java:174)
[20:09:29] at org.parosproxy.paros.core.scanner.AbstractAppParamPlugin.scan(AbstractAppParamPlugin.java:233)
[20:09:29] at org.parosproxy.paros.core.scanner.AbstractAppParamPlugin.scan(AbstractAppParamPlugin.java:136)
[20:09:29] at org.parosproxy.paros.core.scanner.AbstractAppParamPlugin.scan(AbstractAppParamPlugin.java:96)
[20:09:29] at org.parosproxy.paros.core.scanner.AbstractPlugin.run(AbstractPlugin.java:402)
[20:09:29] at java.base[FILE_PATH](Thread.java:1447)
[20:09:34] 3494179 [ZAP-Scanner-0] INFO  org.parosproxy.paros.core.scanner.HostProcess - completed host[FILE_PATH] https:[FILE_PATH] | ParameterTamperScanRule in 141.337s with 520 message(s) sent and 0 alert(s) raised.
[20:09:34] 3494185 [ZAP-Scanner-0] INFO  org.parosproxy.paros.core.scanner.HostProcess - start host https:[FILE_PATH] | ElmahScanRule strength MEDIUM threshold MEDIUM
[20:09:34] 3494348 [ZAP-Scanner-0] INFO  org.parosproxy.paros.core.scanner.HostProcess - start host https:[FILE_PATH] | TraceAxdScanRule strength MEDIUM threshold MEDIUM
[20:09:35] 3495007 [ZAP-ActiveScanner-0] INFO  org.parosproxy.paros.core.scanner.HostProcess - completed host[FILE_PATH] https:[FILE_PATH] | ElmahScanRule in 0.823s with 1 message(s) sent and 0 alert(s) raised.
[20:09:36] [PROGRESS] [===============     ] 76%
[20:09:41] 3500829 [ZAP-Scanner-0] INFO  org.parosproxy.paros.core.scanner.HostProcess - completed host[FILE_PATH] https:[FILE_PATH] | TraceAxdScanRule in 6.482s with 13 message(s) sent and 0 alert(s) raised.
[20:09:41] 3500831 [ZAP-Scanner-0] INFO  org.parosproxy.paros.core.scanner.HostProcess - start host https:[FILE_PATH] | HtAccessScanRule strength MEDIUM threshold MEDIUM
[20:09:41] [PROGRESS] [===============     ] 78%
[20:09:50] 3510046 [ZAP-Scanner-0] INFO  org.parosproxy.paros.core.scanner.HostProcess - completed host[FILE_PATH] https:[FILE_PATH] | HtAccessScanRule in 9.216s with 13 message(s) sent and 0 alert(s) raised.
[20:09:50] 3510053 [ZAP-Scanner-0] INFO  org.parosproxy.paros.core.scanner.HostProcess - start host https:[FILE_PATH] | EnvFileScanRule strength MEDIUM threshold MEDIUM
[20:09:51] [PROGRESS] [================    ] 80%
[20:09:53] 3512716 [ZAP-Scanner-0] INFO  org.parosproxy.paros.core.scanner.HostProcess - completed host[FILE_PATH] https:[FILE_PATH] | EnvFileScanRule in 2.663s with 13 message(s) sent and 0 alert(s) raised.
[20:09:53] 3512717 [ZAP-Scanner-0] INFO  org.parosproxy.paros.core.scanner.HostProcess - start host https:[FILE_PATH] | HiddenFilesScanRule strength MEDIUM threshold MEDIUM
[20:09:53] 3512891 [ZAP-Scanner-0] INFO  org.parosproxy.paros.core.scanner.HostProcess - start host https:[FILE_PATH] | SpringActuatorScanRule strength MEDIUM threshold MEDIUM
[20:09:53] 3512904 [ZAP-Scanner-0] INFO  org.parosproxy.paros.core.scanner.HostProcess - start host https:[FILE_PATH] | ExponentialEntityExpansionScanRule strength MEDIUM threshold MEDIUM
[20:09:54] 3514176 [ZAP-ActiveScanner-1] INFO  org.parosproxy.paros.core.scanner.HostProcess - completed host[FILE_PATH] https:[FILE_PATH] | SpringActuatorScanRule in 1.285s with 2 message(s) sent and 0 alert(s) raised.
[20:09:56] [PROGRESS] [================    ] 83%
[20:10:05] 3524891 [ZAP-ActiveScanner-0] INFO  org.parosproxy.paros.core.scanner.HostProcess - completed host[FILE_PATH] https:[FILE_PATH] | HiddenFilesScanRule in 12.174s with 52 message(s) sent and 0 alert(s) raised.
[20:10:05] 3524894 [ZAP-Scanner-0] INFO  org.parosproxy.paros.core.scanner.HostProcess - completed host[FILE_PATH] https:[FILE_PATH] | ExponentialEntityExpansionScanRule in 11.991s with 0 message(s) sent and 0 alert(s) raised.
[20:10:05] 3524894 [ZAP-Scanner-0] INFO  org.parosproxy.paros.core.scanner.HostProcess - start host https:[FILE_PATH] | XsltInjectionScanRule strength MEDIUM threshold MEDIUM
[20:10:06] [PROGRESS] [=================   ] 87%
[20:10:11] [PROGRESS] [=================   ] 88%
[20:10:17] 3537080 [ZAP-Scanner-0] INFO  org.parosproxy.paros.core.scanner.HostProcess - completed host[FILE_PATH] https:[FILE_PATH] | XsltInjectionScanRule in 12.185s with 136 message(s) sent and 0 alert(s) raised.
[20:10:17] 3537080 [ZAP-Scanner-0] INFO  org.parosproxy.paros.core.scanner.HostProcess - start host https:[FILE_PATH] | HttpsAsHttpScanRule strength MEDIUM threshold MEDIUM
[20:10:21] [PROGRESS] [==================  ] 90%
[20:10:22] 3541686 [ZAP-Scanner-0] INFO  org.parosproxy.paros.core.scanner.HostProcess - completed host[FILE_PATH] https:[FILE_PATH] | HttpsAsHttpScanRule in 4.606s with 20 message(s) sent and 0 alert(s) raised.
[20:10:22] 3541687 [ZAP-Scanner-0] INFO  org.parosproxy.paros.core.scanner.HostProcess - start host https:[FILE_PATH] | GetForPostScanRule strength MEDIUM threshold MEDIUM
[20:10:26] 3545994 [ZAP-Scanner-0] INFO  org.parosproxy.paros.core.scanner.HostProcess - completed host[FILE_PATH] https:[FILE_PATH] | GetForPostScanRule in 4.307s with 1 message(s) sent and 0 alert(s) raised.
[20:10:26] 3545995 [ZAP-Scanner-0] INFO  org.parosproxy.paros.core.scanner.HostProcess - start host https:[FILE_PATH] | UserAgentScanRule strength MEDIUM threshold MEDIUM
[20:10:26] [PROGRESS] [==================  ] 93%
[20:10:36] [PROGRESS] [==================  ] 94%
[20:10:43] 3563101 [ZAP-Scanner-0] INFO  org.parosproxy.paros.core.scanner.HostProcess - completed host[FILE_PATH] https:[FILE_PATH] | UserAgentScanRule in 17.107s with 396 message(s) sent and 67 alert(s) raised.
[20:10:43] 3563106 [ZAP-Scanner-0] INFO  org.parosproxy.paros.core.scanner.HostProcess - start host https:[FILE_PATH] | ScriptsActiveScanner strength MEDIUM threshold MEDIUM
[20:10:43] 3563127 [ZAP-Scanner-0] INFO  org.parosproxy.paros.core.scanner.HostProcess - skipped plugin [no scripts enabled] https:[FILE_PATH] | ScriptsActiveScanner in 0.019s with 0 message(s) sent and 0 alert(s) raised.
[20:10:43] 3563131 [ZAP-Scanner-0] INFO  org.parosproxy.paros.core.scanner.HostProcess - start host https:[FILE_PATH] | SOAPActionSpoofingActiveScanRule strength MEDIUM threshold MEDIUM
[20:10:46] [PROGRESS] [=================== ] 97%
[20:10:47] 3567183 [ZAP-Scanner-0] INFO  org.parosproxy.paros.core.scanner.HostProcess - completed host[FILE_PATH] https:[FILE_PATH] | SOAPActionSpoofingActiveScanRule in 4.052s with 0 message(s) sent and 0 alert(s) raised.
[20:10:47] 3567184 [ZAP-Scanner-0] INFO  org.parosproxy.paros.core.scanner.HostProcess - start host https:[FILE_PATH] | SOAPXMLInjectionActiveScanRule strength MEDIUM threshold MEDIUM
[20:10:51] 3570986 [ZAP-Scanner-0] INFO  org.parosproxy.paros.core.scanner.HostProcess - completed host[FILE_PATH] https:[FILE_PATH] | SOAPXMLInjectionActiveScanRule in 3.802s with 0 message(s) sent and 0 alert(s) raised.
[20:10:51] 3570987 [ZAP-Scanner-0] INFO  org.parosproxy.paros.core.scanner.HostProcess - completed host https:[FILE_PATH] in 3437.933s with 67 alert(s) raised.
[20:10:51] 3570989 [Thread-5] INFO  org.parosproxy.paros.core.scanner.Scanner - scanner with ID 0 completed in 3446.847s
[20:10:51] [PROGRESS] [====================] 100%
[20:10:51] Generating XML report...
[20:10:53] [+] API scan command finished. Parsing...
[20:10:56] [+] JSON report saved.
[20:10:56] [*] Generating PDF report for https:[FILE_PATH]
[20:10:57] 3576991 [ZAP-Shutdown] INFO  org.zaproxy.zap.extension.api.CoreAPI - ZAP 2.17.0 terminated.
[20:11:06] [+] PDF generated successfully.
[20:11:06] SYSTEM_EVENT: READY_FOR_ANALYSIS:https://petstore.swagger.io/v2
[20:11:06] [*] API Scan complete.
