[00:10:43] [INFO] [*] Starting Semgrep SAST scan on NetShieldAI.zip (User: DivyaViradiya_1)...
[00:13:56] [INFO] [*] Starting Semgrep SAST scan on NetShieldAI.zip (User: DivyaViradiya_1)...
[00:17:01] [INFO] [*] Starting Semgrep SAST scan on NetShieldAI.zip (User: DivyaViradiya_1)...
[00:17:01] [INFO] [*] Extracting 1678 files from zip...
[00:17:08] [INFO] [*] Executing Semgrep scan engine...
[00:17:45] [INFO] [!] Semgrep engine error (Code 2): 'charmap' codec can't encode character '\u202a' in position 242893: character maps to <undefined>
Traceback (most recent call last):
  File "D:\chatbot-env\Lib\site-packages\semgrep\commands\wrapper.py", line 49, in wrapper
    func(*args, **kwargs)
    ~~~~^^^^^^^^^^^^^^^^^
  File "D:\chatbot-env\Lib\site-packages\semgrep\commands\scan.py", line 1025, in scan
    ) = semgrep.run_scan.run_scan(
        ~~~~~~~~~~~~~~~~~~~~~~~~~^
        dump_command_for_core=dump_command_for_core,
        ^^^^^^^^^^^^^^^^^^^^^^^^^^^^^^^^^^^^^^^^^^^^
    ...<48 lines>...
        x_group_taint_rules=x_group_taint_rules,
        ^^^^^^^^^^^^^^^^^^^^^^^^^^^^^^^^^^^^^^^^
    )
    ^
  File "D:\chatbot-env\Lib\site-packages\semgrep\tracing.py", line 340, in inner
    return f(*args, **kwargs)
  File "D:\chatbot-env\Lib\site-packages\semgrep\simple_profiling.py", line 100, in wrapper
    result = func(*args, **kwargs)
  File "D:\chatbot-env\Lib\site-packages\semgrep\run_scan.py", line 1169, in run_scan
    configs_obj, config_errors = Config.from_config_list(
                                 ~~~~~~~~~~~~~~~~~~~~~~~^
        config_strs or [],
        ^^^^^^^^^^^^^^^^^^
        project_url,
        ^^^^^^^^^^^^
        no_python_schema_validation=x_no_python_schema_validation,
        ^^^^^^^^^^^^^^^^^^^^^^^^^^^^^^^^^^^^^^^^^^^^^^^^^^^^^^^^^^
    )
    ^
  File "D:\chatbot-env\Lib\site-packages\semgrep\tracing.py", line 340, in inner
    return f(*args, **kwargs)
  File "D:\chatbot-env\Lib\site-packages\semgrep\config_resolver.py", line 641, in from_config_list
    resolved_config, config_errors = resolve_config(
                                     ~~~~~~~~~~~~~~^
        config,
        ^^^^^^^
    ...<2 lines>...
        no_python_schema_validation=no_python_schema_validation,
        ^^^^^^^^^^^^^^^^^^^^^^^^^^^^^^^^^^^^^^^^^^^^^^^^^^^^^^^^
    )
    ^
  File "D:\chatbot-env\Lib\site-packages\semgrep\tracing.py", line 340, in inner
    return f(*args, **kwargs)
  File "D:\chatbot-env\Lib\site-packages\semgrep\config_resolver.py", line 550, in resolve_config
    config, errors = parse_config_files(
                     ~~~~~~~~~~~~~~~~~~^
        config_loader.load_config(),
        ^^^^^^^^^^^^^^^^^^^^^^^^^^^^
        force_jsonschema=force_jsonschema,
        ^^^^^^^^^^^^^^^^^^^^^^^^^^^^^^^^^^
        no_python_schema_validation=no_python_schema_validation,
        ^^^^^^^^^^^^^^^^^^^^^^^^^^^^^^^^^^^^^^^^^^^^^^^^^^^^^^^^
    )
    ^
  File "D:\chatbot-env\Lib\site-packages\semgrep\tracing.py", line 340, in inner
    return f(*args, **kwargs)
  File "D:\chatbot-env\Lib\site-packages\semgrep\config_resolver.py", line 523, in parse_config_files
    config_data, config_errors = future.result()
                                 ~~~~~~~~~~~~~^^
  File "C:\Users\Divy\AppData\Local\Programs\Python\Python313\Lib\concurrent\futures\_base.py", line 449, in result
    return self.__get_result()
           ~~~~~~~~~~~~~~~~~^^
  File "C:\Users\Divy\AppData\Local\Programs\Python\Python313\Lib\concurrent\futures\_base.py", line 401, in __get_result
    raise self._exception
  File "C:\Users\Divy\AppData\Local\Programs\Python\Python313\Lib\concurrent\futures\thread.py", line 59, in run
    result = self.fn(*self.args, **self.kwargs)
  File "D:\chatbot-env\Lib\site-packages\semgrep\config_resolver.py", line 478, in context_aware_parse_config_string
    return parse_config_string(*args, **kwargs)
  File "D:\chatbot-env\Lib\site-packages\semgrep\tracing.py", line 340, in inner
    return f(*args, **kwargs)
  File "D:\chatbot-env\Lib\site-packages\semgrep\config_resolver.py", line 975, in parse_config_string
    fp.write(contents)
    ~~~~~~~~^^^^^^^^^^
  File "C:\Users\Divy\AppData\Local\Programs\Python\Python313\Lib\encodings\cp1252.py", line 19, in encode
    return codecs.charmap_encode(input,self.errors,encoding_table)[0]
           ~~~~~~~~~~~~~~~~~~~~~^^^^^^^^^^^^^^^^^^^^^^^^^^^^^^^^^^
UnicodeEncodeError: 'charmap' codec can't encode character '\u202a' in position 242893: character maps to <undefined>

[00:17:51] [INFO] [!] Semgrep scan failed for NetShieldAI.zip.
[00:19:31] [INFO] [*] Starting Semgrep SAST scan on NetShieldAI.zip (User: DivyaViradiya_1)...
[00:19:31] [INFO] [*] Extracting 1678 files from zip...
[00:19:45] [INFO] [*] Executing Semgrep scan engine...
[00:21:06] [INFO] [Semgrep] • Findings: 42 (42 blocking)
[00:21:06] [INFO] ML Re-ranking failed for Semgrep: name 're' is not defined
[00:21:06] [INFO] [+] Semgrep scan complete. Generating PDF report for NetShieldAI.zip...
[00:21:28] [INFO] [+] PDF report generated
[00:21:28] [INFO] SYSTEM_EVENT: READY_FOR_ANALYSIS:NetShieldAI.zip
