[09:44:49] [INFO] [*] Starting ZAP Quick Scan (AJAX: False, Auth: Anonymous) for http://example.com (User: DivyaViradiya_1)...
[09:44:49] [INFO] 
--- Starting ZAP Engine (Port: 52244) ---
[09:44:49] [INFO] Mode: Quick Scan | AJAX: False | Target: http://example.com
[09:46:11] [INFO] [CONTEXT] Created context 'Ctx_DivyaViradiya_1_52244' (ID: 1)
[09:46:11] [INFO] [CONTEXT] Scope defined: http://example.com.*
[09:46:11] [INFO] [STAGE] Starting Web Spider...
[09:46:11] [INFO] [PROGRESS] [                    ] 0%
[09:46:13] [INFO] [STAGE] Waiting for Passive Scan to complete...
[09:46:13] [INFO] Passive Scan: 3 records remaining
[09:46:15] [INFO] Passive Scan: 3 records remaining
[09:46:17] [INFO] Passive Scan: 3 records remaining
[09:46:19] [INFO] Passive Scan: 3 records remaining
[09:46:21] [INFO] Passive Scan: 3 records remaining
[09:46:23] [INFO] [STAGE] Starting Active Scan (Core Analysis)...
[09:46:23] [INFO] [PROGRESS] [                    ] 0%
[09:46:28] [INFO] [PROGRESS] [=======             ] 35%
[09:46:54] [INFO] [PROGRESS] [================    ] 82%
[09:46:59] [INFO] [PROGRESS] [====================] 100%
[09:46:59] [INFO] Generating XML report...
[09:47:01] [INFO] [+] ZAP scan command finished. Parsing...
[09:47:01] [INFO] Parsing ZAP report: D:\NetShield\NetShieldAI\Services\results\DivyaViradiya_1\zap_scanner\zap_scanner_report.xml
[09:47:01] [INFO] Report parsed and enriched successfully.
[09:47:01] [INFO] [+] JSON report saved.
[09:47:01] [INFO] [*] Generating PDF report for http://example.com...
[09:47:18] [INFO] [+] PDF generated successfully.
[09:47:18] [INFO] SYSTEM_EVENT: READY_FOR_ANALYSIS:http://example.com
[09:47:18] [INFO] [*] Scan, analysis, and prediction complete.
